Component: ARM Compiler 5.06 update 6 (build 750) Tool: armlink [4d35ed]

==============================================================================

Section Cross References

    lcdstring.o(i.PrintString) refers to mlt_lcd.o(i.LcdPutChar) for LcdPutChar
    lcdstring.o(i.PrintString) refers to lcdstring.o(.data) for dig_0
    mlt_lcd.o(i.DispOff) refers to mdr32f9qx_port.o(i.PORT_SetBits) for PORT_SetBits
    mlt_lcd.o(i.DispOff) refers to mdr32f9qx_port.o(i.PORT_ResetBits) for PORT_ResetBits
    mlt_lcd.o(i.DispOff) refers to mlt_lcd.o(i.MltDelay) for MltDelay
    mlt_lcd.o(i.DispOff) refers to mlt_lcd.o(i.SetDataBits) for SetDataBits
    mlt_lcd.o(i.DispOn) refers to mdr32f9qx_port.o(i.PORT_SetBits) for PORT_SetBits
    mlt_lcd.o(i.DispOn) refers to mdr32f9qx_port.o(i.PORT_ResetBits) for PORT_ResetBits
    mlt_lcd.o(i.DispOn) refers to mlt_lcd.o(i.MltDelay) for MltDelay
    mlt_lcd.o(i.DispOn) refers to mlt_lcd.o(i.SetDataBits) for SetDataBits
    mlt_lcd.o(i.LcdClearChip) refers to mlt_lcd.o(i.LcdClearPage) for LcdClearPage
    mlt_lcd.o(i.LcdClearPage) refers to mlt_lcd.o(i.SetPage) for SetPage
    mlt_lcd.o(i.LcdClearPage) refers to mlt_lcd.o(i.SetAdress) for SetAdress
    mlt_lcd.o(i.LcdClearPage) refers to mlt_lcd.o(i.ReadStatus) for ReadStatus
    mlt_lcd.o(i.LcdClearPage) refers to mlt_lcd.o(i.WriteData) for WriteData
    mlt_lcd.o(i.LcdInit) refers to mdr32f9qx_port.o(i.PORT_ResetBits) for PORT_ResetBits
    mlt_lcd.o(i.LcdInit) refers to mlt_lcd.o(i.MltDelay) for MltDelay
    mlt_lcd.o(i.LcdInit) refers to mdr32f9qx_port.o(i.PORT_SetBits) for PORT_SetBits
    mlt_lcd.o(i.LcdInit) refers to mlt_lcd.o(i.ReadStatus) for ReadStatus
    mlt_lcd.o(i.LcdPutChar) refers to mlt_lcd.o(i.SetPage) for SetPage
    mlt_lcd.o(i.LcdPutChar) refers to mlt_lcd.o(i.SetAdress) for SetAdress
    mlt_lcd.o(i.LcdPutChar) refers to mlt_lcd.o(i.ReadStatus) for ReadStatus
    mlt_lcd.o(i.LcdPutChar) refers to mlt_lcd.o(i.WriteData) for WriteData
    mlt_lcd.o(i.LcdPutImage) refers to mlt_lcd.o(i.SetPage) for SetPage
    mlt_lcd.o(i.LcdPutImage) refers to mlt_lcd.o(i.SetAdress) for SetAdress
    mlt_lcd.o(i.LcdPutImage) refers to mlt_lcd.o(i.ReadStatus) for ReadStatus
    mlt_lcd.o(i.LcdPutImage) refers to mlt_lcd.o(i.WriteData) for WriteData
    mlt_lcd.o(i.LcdPutString) refers to mlt_lcd.o(i.SetPage) for SetPage
    mlt_lcd.o(i.LcdPutString) refers to mlt_lcd.o(i.SetAdress) for SetAdress
    mlt_lcd.o(i.LcdPutString) refers to mlt_lcd.o(i.ReadStatus) for ReadStatus
    mlt_lcd.o(i.LcdPutString) refers to mlt_lcd.o(i.WriteData) for WriteData
    mlt_lcd.o(i.LcdScrollString) refers to mlt_lcd.o(i.LcdPutString) for LcdPutString
    mlt_lcd.o(i.ReadData) refers to mdr32f9qx_port.o(i.PORT_SetBits) for PORT_SetBits
    mlt_lcd.o(i.ReadData) refers to mlt_lcd.o(i.MltDelay) for MltDelay
    mlt_lcd.o(i.ReadData) refers to mlt_lcd.o(i.SetDataBits) for SetDataBits
    mlt_lcd.o(i.ReadData) refers to mdr32f9qx_port.o(i.PORT_ResetBits) for PORT_ResetBits
    mlt_lcd.o(i.ReadStatus) refers to mdr32f9qx_port.o(i.PORT_SetBits) for PORT_SetBits
    mlt_lcd.o(i.ReadStatus) refers to mdr32f9qx_port.o(i.PORT_ResetBits) for PORT_ResetBits
    mlt_lcd.o(i.ReadStatus) refers to mlt_lcd.o(i.MltDelay) for MltDelay
    mlt_lcd.o(i.SetAdress) refers to mdr32f9qx_port.o(i.PORT_SetBits) for PORT_SetBits
    mlt_lcd.o(i.SetAdress) refers to mdr32f9qx_port.o(i.PORT_ResetBits) for PORT_ResetBits
    mlt_lcd.o(i.SetAdress) refers to mlt_lcd.o(i.MltDelay) for MltDelay
    mlt_lcd.o(i.SetAdress) refers to mlt_lcd.o(i.SetDataBits) for SetDataBits
    mlt_lcd.o(i.SetPage) refers to mdr32f9qx_port.o(i.PORT_SetBits) for PORT_SetBits
    mlt_lcd.o(i.SetPage) refers to mdr32f9qx_port.o(i.PORT_ResetBits) for PORT_ResetBits
    mlt_lcd.o(i.SetPage) refers to mlt_lcd.o(i.MltDelay) for MltDelay
    mlt_lcd.o(i.SetPage) refers to mlt_lcd.o(i.SetDataBits) for SetDataBits
    mlt_lcd.o(i.WriteData) refers to mdr32f9qx_port.o(i.PORT_SetBits) for PORT_SetBits
    mlt_lcd.o(i.WriteData) refers to mdr32f9qx_port.o(i.PORT_ResetBits) for PORT_ResetBits
    mlt_lcd.o(i.WriteData) refers to mlt_lcd.o(i.MltDelay) for MltDelay
    mlt_lcd.o(i.WriteData) refers to mlt_lcd.o(i.SetDataBits) for SetDataBits
    mlt_lcd.o(i.setPixel) refers to mlt_lcd.o(i.SetPage) for SetPage
    mlt_lcd.o(i.setPixel) refers to mlt_lcd.o(i.SetAdress) for SetAdress
    mlt_lcd.o(i.setPixel) refers to mlt_lcd.o(i.ReadData) for ReadData
    mlt_lcd.o(i.setPixel) refers to mlt_lcd.o(i.WriteData) for WriteData
    5.o(i.BACKUP_IRQHandler) refers to _printf_percent.o(.ARM.Collect$$_printf_percent$$00000000) for _printf_percent
    5.o(i.BACKUP_IRQHandler) refers to _printf_s.o(.ARM.Collect$$_printf_percent$$00000014) for _printf_s
    5.o(i.BACKUP_IRQHandler) refers to _printf_str.o(.text) for _printf_str
    5.o(i.BACKUP_IRQHandler) refers to __2sprintf.o(.text) for __2sprintf
    5.o(i.BACKUP_IRQHandler) refers to lcdstring.o(i.PrintString) for PrintString
[...]
    i.SetPage                                0x08002d98   Section        0  mlt_lcd.o(i.SetPage)
    i.SysTick_Handler                        0x08002e68   Section        0  5.o(i.SysTick_Handler)
    i.SystemCoreClockUpdate                  0x08002f04   Section        0  system_mdr32f9qx.o(i.SystemCoreClockUpdate)
    i.SystemInit                             0x08002f94   Section        0  system_mdr32f9qx.o(i.SystemInit)
    i.TimeConfig                             0x08002fe4   Section        0  5.o(i.TimeConfig)
    i.WriteData                              0x0800303c   Section        0  mlt_lcd.o(i.WriteData)
    i.__ARM_fpclassify                       0x0800310c   Section        0  fpclassify.o(i.__ARM_fpclassify)
    i.__NVIC_EnableIRQ                       0x08003134   Section        0  5.o(i.__NVIC_EnableIRQ)
    __NVIC_EnableIRQ                         0x08003135   Thumb Code    26  5.o(i.__NVIC_EnableIRQ)
    i._is_digit                              0x0800314e   Section        0  __printf_wp.o(i._is_digit)
    i.main                                   0x0800315c   Section        0  5.o(i.main)
    locale$$code                             0x080031e8   Section       44  lc_time_c.o(locale$$code)
    locale$$code                             0x08003214   Section       44  lc_numeric_c.o(locale$$code)
    locale$$code                             0x08003240   Section       44  lc_ctype_c.o(locale$$code)
    x$fpl$printf1                            0x0800326c   Section        4  printf1.o(x$fpl$printf1)
    x$fpl$printf2                            0x08003270   Section        4  printf2.o(x$fpl$printf2)
    .constdata                               0x08003274   Section       44  5.o(.constdata)
    x$fpl$usenofp                            0x08003274   Section        0  usenofp.o(x$fpl$usenofp)
    .constdata                               0x080032a0   Section       17  __printf_flags_ss_wp.o(.constdata)
    maptable                                 0x080032a0   Data          17  __printf_flags_ss_wp.o(.constdata)
    .constdata                               0x080032b4   Section        8  _printf_wctomb.o(.constdata)
    initial_mbstate                          0x080032b4   Data           8  _printf_wctomb.o(.constdata)
    .constdata                               0x080032bc   Section       40  _printf_hex_int_ll_ptr.o(.constdata)
    uc_hextab                                0x080032bc   Data          20  _printf_hex_int_ll_ptr.o(.constdata)
    lc_hextab                                0x080032d0   Data          20  _printf_hex_int_ll_ptr.o(.constdata)
    .constdata                               0x080032e4   Section       12  _monlen.o(.constdata)
    .constdata                               0x080032f0   Section       38  _printf_fp_hex.o(.constdata)
    lc_hextab                                0x080032f0   Data          19  _printf_fp_hex.o(.constdata)
    uc_hextab                                0x08003303   Data          19  _printf_fp_hex.o(.constdata)
    .constdata                               0x08003318   Section      148  bigflt0.o(.constdata)
    tenpwrs_x                                0x08003318   Data          60  bigflt0.o(.constdata)
    tenpwrs_i                                0x08003354   Data          64  bigflt0.o(.constdata)
    locale$$data                             0x080033cc   Section      384  lc_time_c.o(locale$$data)
    __lctime_c_name                          0x080033d0   Data           2  lc_time_c.o(locale$$data)
    __lctime_c_start                         0x080033d8   Data           0  lc_time_c.o(locale$$data)
    __lctime_c_week_short                    0x08003410   Data           0  lc_time_c.o(locale$$data)
    __lctime_c_week_long                     0x0800342c   Data           0  lc_time_c.o(locale$$data)
    __lctime_c_month_short                   0x08003471   Data           0  lc_time_c.o(locale$$data)
    __lctime_c_month_long                    0x080034a1   Data           0  lc_time_c.o(locale$$data)
    __lctime_c_am                            0x08003518   Data           0  lc_time_c.o(locale$$data)
    __lctime_c_pm                            0x0800351b   Data           0  lc_time_c.o(locale$$data)
    __lctime_c_datetime                      0x0800351e   Data           0  lc_time_c.o(locale$$data)
    __lctime_c_date                          0x0800352d   Data           0  lc_time_c.o(locale$$data)
    __lctime_c_time                          0x08003536   Data           0  lc_time_c.o(locale$$data)
    __lctime_c_12hrtime                      0x0800353f   Data           0  lc_time_c.o(locale$$data)
    locale$$data                             0x0800354c   Section       28  lc_numeric_c.o(locale$$data)
    __lctime_c_end                           0x0800354c   Data           0  lc_time_c.o(locale$$data)
    __lcnum_c_name                           0x08003550   Data           2  lc_numeric_c.o(locale$$data)
    __lcnum_c_start                          0x08003558   Data           0  lc_numeric_c.o(locale$$data)
    __lcnum_c_point                          0x08003564   Data           0  lc_numeric_c.o(locale$$data)
    __lcnum_c_thousands                      0x08003566   Data           0  lc_numeric_c.o(locale$$data)
    __lcnum_c_grouping                       0x08003567   Data           0  lc_numeric_c.o(locale$$data)
    locale$$data                             0x08003568   Section      272  lc_ctype_c.o(locale$$data)
    __lcnum_c_end                            0x08003568   Data           0  lc_numeric_c.o(locale$$data)
    __lcctype_c_name                         0x0800356c   Data           2  lc_ctype_c.o(locale$$data)
    __lcctype_c_start                        0x08003574   Data           0  lc_ctype_c.o(locale$$data)
    __lcctype_c_end                          0x08003678   Data           0  lc_ctype_c.o(locale$$data)
    .data                                    0x20000000   Section     1096  lcdstring.o(.data)
    dig_0                                    0x20000000   Data           8  lcdstring.o(.data)
    dig_1                                    0x20000008   Data           8  lcdstring.o(.data)
    dig_2                                    0x20000010   Data           8  lcdstring.o(.data)
    dig_3                                    0x20000018   Data           8  lcdstring.o(.data)
    dig_4                                    0x20000020   Data           8  lcdstring.o(.data)
    dig_5                                    0x20000028   Data           8  lcdstring.o(.data)
    dig_6                                    0x20000030   Data           8  lcdstring.o(.data)
    dig_7                                    0x20000038   Data           8  lcdstring.o(.data)
    dig_8                                    0x20000040   Data           8  lcdstring.o(.data)
    dig_9                                    0x20000048   Data           8  lcdstring.o(.data)
    lat_A                                    0x20000050   Data           8  lcdstring.o(.data)
    lat_B                                    0x20000058   Data           8  lcdstring.o(.data)
    lat_C                                    0x20000060   Data           8  lcdstring.o(.data)
    lat_D                                    0x20000068   Data           8  lcdstring.o(.data)
    lat_E                                    0x20000070   Data           8  lcdstring.o(.data)
    lat_F                                    0x20000078   Data           8  lcdstring.o(.data)
    lat_G                                    0x20000080   Data           8  lcdstring.o(.data)
    lat_H                                    0x20000088   Data           8  lcdstring.o(.data)
    lat_I                                    0x20000090   Data           8  lcdstring.o(.data)
    lat_J                                    0x20000098   Data           8  lcdstring.o(.data)
    lat_K                                    0x200000a0   Data           8  lcdstring.o(.data)
    lat_L                                    0x200000a8   Data           8  lcdstring.o(.data)
    lat_M                                    0x200000b0   Data           8  lcdstring.o(.data)
    lat_N                                    0x200000b8   Data           8  lcdstring.o(.data)
    lat_O                                    0x200000c0   Data           8  lcdstring.o(.data)
    lat_P                                    0x200000c8   Data           8  lcdstring.o(.data)
    lat_Q                                    0x200000d0   Data           8  lcdstring.o(.data)
    lat_R                                    0x200000d8   Data           8  lcdstring.o(.data)
    lat_S                                    0x200000e0   Data           8  lcdstring.o(.data)
    lat_T                                    0x200000e8   Data           8  lcdstring.o(.data)
    lat_U                                    0x200000f0   Data           8  lcdstring.o(.data)
    lat_V                                    0x200000f8   Data           8  lcdstring.o(.data)
    lat_W                                    0x20000100   Data           8  lcdstring.o(.data)
    lat_X                                    0x20000108   Data           8  lcdstring.o(.data)
    lat_Y                                    0x20000110   Data           8  lcdstring.o(.data)
    lat_Z                                    0x20000118   Data           8  lcdstring.o(.data)
    lat_a                                    0x20000120   Data           8  lcdstring.o(.data)
    lat_b                                    0x20000128   Data           8  lcdstring.o(.data)
    lat_c                                    0x20000130   Data           8  lcdstring.o(.data)
    lat_d                                    0x20000138   Data           8  lcdstring.o(.data)
    lat_e                                    0x20000140   Data           8  lcdstring.o(.data)
    lat_f                                    0x20000148   Data           8  lcdstring.o(.data)
    lat_g                                    0x20000150   Data           8  lcdstring.o(.data)
    lat_h                                    0x20000158   Data           8  lcdstring.o(.data)
    lat_i                                    0x20000160   Data           8  lcdstring.o(.data)
    lat_j                                    0x20000168   Data           8  lcdstring.o(.data)
    lat_k                                    0x20000170   Data           8  lcdstring.o(.data)
    lat_l                                    0x20000178   Data           8  lcdstring.o(.data)
    lat_m                                    0x20000180   Data           8  lcdstring.o(.data)
    lat_n                                    0x20000188   Data           8  lcdstring.o(.data)
    lat_o                                    0x20000190   Data           8  lcdstring.o(.data)
    lat_p                                    0x20000198   Data           8  lcdstring.o(.data)
    lat_q                                    0x200001a0   Data           8  lcdstring.o(.data)
    lat_r                                    0x200001a8   Data           8  lcdstring.o(.data)
    lat_s                                    0x200001b0   Data           8  lcdstring.o(.data)
    lat_t                                    0x200001b8   Data           8  lcdstring.o(.data)
    lat_u                                    0x200001c0   Data           8  lcdstring.o(.data)
    lat_v                                    0x200001c8   Data           8  lcdstring.o(.data)
    lat_w                                    0x200001d0   Data           8  lcdstring.o(.data)
    lat_x                                    0x200001d8   Data           8  lcdstring.o(.data)
    lat_y                                    0x200001e0   Data           8  lcdstring.o(.data)
    lat_z                                    0x200001e8   Data           8  lcdstring.o(.data)
    cyr_A                                    0x200001f0   Data           8  lcdstring.o(.data)
    cyr_B                                    0x200001f8   Data           8  lcdstring.o(.data)
    cyr_V                                    0x20000200   Data           8  lcdstring.o(.data)
    cyr_G                                    0x20000208   Data           8  lcdstring.o(.data)
    cyr_D                                    0x20000210   Data           8  lcdstring.o(.data)
    cyr_E                                    0x20000218   Data           8  lcdstring.o(.data)
    cyr_JO                                   0x20000220   Data           8  lcdstring.o(.data)
    cyr_ZH                                   0x20000228   Data           8  lcdstring.o(.data)
    cyr_Z                                    0x20000230   Data           8  lcdstring.o(.data)
    cyr_I                                    0x20000238   Data           8  lcdstring.o(.data)
    cyr_JJ                                   0x20000240   Data           8  lcdstring.o(.data)
    cyr_K                                    0x20000248   Data           8  lcdstring.o(.data)
    cyr_L                                    0x20000250   Data           8  lcdstring.o(.data)
    cyr_M                                    0x20000258   Data           8  lcdstring.o(.data)
    cyr_N                                    0x20000260   Data           8  lcdstring.o(.data)
    cyr_O                                    0x20000268   Data           8  lcdstring.o(.data)
    cyr_P                                    0x20000270   Data           8  lcdstring.o(.data)
    cyr_R                                    0x20000278   Data           8  lcdstring.o(.data)
    cyr_S                                    0x20000280   Data           8  lcdstring.o(.data)
    cyr_T                                    0x20000288   Data           8  lcdstring.o(.data)
    cyr_U                                    0x20000290   Data           8  lcdstring.o(.data)
    cyr_F                                    0x20000298   Data           8  lcdstring.o(.data)
    cyr_KH                                   0x200002a0   Data           8  lcdstring.o(.data)
    cyr_C                                    0x200002a8   Data           8  lcdstring.o(.data)
    cyr_CH                                   0x200002b0   Data           8  lcdstring.o(.data)
    cyr_SH                                   0x200002b8   Data           8  lcdstring.o(.data)
    cyr_SHH                                  0x200002c0   Data           8  lcdstring.o(.data)
    cyr_TZ                                   0x200002c8   Data           8  lcdstring.o(.data)
    cyr_Y                                    0x200002d0   Data           8  lcdstring.o(.data)
    cyr_MZ                                   0x200002d8   Data           8  lcdstring.o(.data)
    cyr_EH                                   0x200002e0   Data           8  lcdstring.o(.data)
    cyr_YU                                   0x200002e8   Data           8  lcdstring.o(.data)
    cyr_YA                                   0x200002f0   Data           8  lcdstring.o(.data)
    cyr_a                                    0x200002f8   Data           8  lcdstring.o(.data)
    cyr_b                                    0x20000300   Data           8  lcdstring.o(.data)
    cyr_v                                    0x20000308   Data           8  lcdstring.o(.data)
    cyr_g                                    0x20000310   Data           8  lcdstring.o(.data)
    cyr_d                                    0x20000318   Data           8  lcdstring.o(.data)
    cyr_e                                    0x20000320   Data           8  lcdstring.o(.data)
    cyr_jo                                   0x20000328   Data           8  lcdstring.o(.data)
    cyr_zh                                   0x20000330   Data           8  lcdstring.o(.data)
    cyr_z                                    0x20000338   Data           8  lcdstring.o(.data)
    cyr_i                                    0x20000340   Data           8  lcdstring.o(.data)
    cyr_jj                                   0x20000348   Data           8  lcdstring.o(.data)
    cyr_k                                    0x20000350   Data           8  lcdstring.o(.data)
    cyr_l                                    0x20000358   Data           8  lcdstring.o(.data)
    cyr_m                                    0x20000360   Data           8  lcdstring.o(.data)
    cyr_n                                    0x20000368   Data           8  lcdstring.o(.data)
    cyr_o                                    0x20000370   Data           8  lcdstring.o(.data)
    cyr_p                                    0x20000378   Data           8  lcdstring.o(.data)
    cyr_r                                    0x20000380   Data           8  lcdstring.o(.data)
    cyr_s                                    0x20000388   Data           8  lcdstring.o(.data)
    cyr_t                                    0x20000390   Data           8  lcdstring.o(.data)
    cyr_u                                    0x20000398   Data           8  lcdstring.o(.data)
    cyr_f                                    0x200003a0   Data           8  lcdstring.o(.data)
    cyr_kh                                   0x200003a8   Data           8  lcdstring.o(.data)
    cyr_c                                    0x200003b0   Data           8  lcdstring.o(.data)
    cyr_ch                                   0x200003b8   Data           8  lcdstring.o(.data)
    cyr_sh                                   0x200003c0   Data           8  lcdstring.o(.data)
    cyr_shh                                  0x200003c8   Data           8  lcdstring.o(.data)
    cyr_tz                                   0x200003d0   Data           8  lcdstring.o(.data)
    cyr_y                                    0x200003d8   Data           8  lcdstring.o(.data)
    cyr_mz                                   0x200003e0   Data           8  lcdstring.o(.data)
    cyr_eh                                   0x200003e8   Data           8  lcdstring.o(.data)
    cyr_yu                                   0x200003f0   Data           8  lcdstring.o(.data)
    cyr_ya                                   0x200003f8   Data           8  lcdstring.o(.data)
    sym_sp                                   0x20000400   Data           8  lcdstring.o(.data)
    sym_pt                                   0x20000408   Data           8  lcdstring.o(.data)
    sym_lcm                                  0x20000410   Data           8  lcdstring.o(.data)
    sym_rcm                                  0x20000418   Data           8  lcdstring.o(.data)
    cursor                                   0x20000420   Data           8  lcdstring.o(.data)
    icon_mil                                 0x20000428   Data          32  lcdstring.o(.data)
    .data                                    0x20000448   Section     1100  5.o(.data)
    dig_0                                    0x20000448   Data           8  5.o(.data)
    dig_1                                    0x20000450   Data           8  5.o(.data)
    dig_2                                    0x20000458   Data           8  5.o(.data)
    dig_3                                    0x20000460   Data           8  5.o(.data)
    dig_4                                    0x20000468   Data           8  5.o(.data)
    dig_5                                    0x20000470   Data           8  5.o(.data)
    dig_6                                    0x20000478   Data           8  5.o(.data)
    dig_7                                    0x20000480   Data           8  5.o(.data)
    dig_8                                    0x20000488   Data           8  5.o(.data)
    dig_9                                    0x20000490   Data           8  5.o(.data)
    lat_A                                    0x20000498   Data           8  5.o(.data)
    lat_B                                    0x200004a0   Data           8  5.o(.data)
    lat_C                                    0x200004a8   Data           8  5.o(.data)
    lat_D                                    0x200004b0   Data           8  5.o(.data)
    lat_E                                    0x200004b8   Data           8  5.o(.data)
    lat_F                                    0x200004c0   Data           8  5.o(.data)
    lat_G                                    0x200004c8   Data           8  5.o(.data)
    lat_H                                    0x200004d0   Data           8  5.o(.data)
    lat_I                                    0x200004d8   Data           8  5.o(.data)
    lat_J                                    0x200004e0   Data           8  5.o(.data)
    lat_K                                    0x200004e8   Data           8  5.o(.data)
    lat_L                                    0x200004f0   Data           8  5.o(.data)
    lat_M                                    0x200004f8   Data           8  5.o(.data)
    lat_N                                    0x20000500   Data           8  5.o(.data)
    lat_O                                    0x20000508   Data           8  5.o(.data)
    lat_P                                    0x20000510   Data           8  5.o(.data)
    lat_Q                                    0x20000518   Data           8  5.o(.data)
    lat_R                                    0x20000520   Data           8  5.o(.data)
    lat_S                                    0x20000528   Data           8  5.o(.data)
    lat_T                                    0x20000530   Data           8  5.o(.data)
    lat_U                                    0x20000538   Data           8  5.o(.data)
    lat_V                                    0x20000540   Data           8  5.o(.data)
    lat_W                                    0x20000548   Data           8  5.o(.data)
    lat_X                                    0x20000550   Data           8  5.o(.data)
    lat_Y                                    0x20000558   Data           8  5.o(.data)
    lat_Z                                    0x20000560   Data           8  5.o(.data)
    lat_a                                    0x20000568   Data           8  5.o(.data)
    lat_b                                    0x20000570   Data           8  5.o(.data)
    lat_c                                    0x20000578   Data           8  5.o(.data)
    lat_d                                    0x20000580   Data           8  5.o(.data)
    lat_e                                    0x20000588   Data           8  5.o(.data)
    lat_f                                    0x20000590   Data           8  5.o(.data)
    lat_g                                    0x20000598   Data           8  5.o(.data)
    lat_h                                    0x200005a0   Data           8  5.o(.data)
    lat_i                                    0x200005a8   Data           8  5.o(.data)
    lat_j                                    0x200005b0   Data           8  5.o(.data)
    lat_k                                    0x200005b8   Data           8  5.o(.data)
    lat_l                                    0x200005c0   Data           8  5.o(.data)
    lat_m                                    0x200005c8   Data           8  5.o(.data)
    lat_n                                    0x200005d0   Data           8  5.o(.data)
    lat_o                                    0x200005d8   Data           8  5.o(.data)
    lat_p                                    0x200005e0   Data           8  5.o(.data)
    lat_q                                    0x200005e8   Data           8  5.o(.data)
    lat_r                                    0x200005f0   Data           8  5.o(.data)
    lat_s                                    0x200005f8   Data           8  5.o(.data)
    lat_t                                    0x20000600   Data           8  5.o(.data)
    lat_u                                    0x20000608   Data           8  5.o(.data)
    lat_v                                    0x20000610   Data           8  5.o(.data)
    lat_w                                    0x20000618   Data           8  5.o(.data)
    lat_x                                    0x20000620   Data           8  5.o(.data)
    lat_y                                    0x20000628   Data           8  5.o(.data)
    lat_z                                    0x20000630   Data           8  5.o(.data)
    cyr_A                                    0x20000638   Data           8  5.o(.data)
    cyr_B                                    0x20000640   Data           8  5.o(.data)
    cyr_V                                    0x20000648   Data           8  5.o(.data)
    cyr_G                                    0x20000650   Data           8  5.o(.data)
    cyr_D                                    0x20000658   Data           8  5.o(.data)
    cyr_E                                    0x20000660   Data           8  5.o(.data)
    cyr_JO                                   0x20000668   Data           8  5.o(.data)
    cyr_ZH                                   0x20000670   Data           8  5.o(.data)
    cyr_Z                                    0x20000678   Data           8  5.o(.data)
    cyr_I                                    0x20000680   Data           8  5.o(.data)
    cyr_JJ                                   0x20000688   Data           8  5.o(.data)
    cyr_K                                    0x20000690   Data           8  5.o(.data)
    cyr_L                                    0x20000698   Data           8  5.o(.data)
    cyr_M                                    0x200006a0   Data           8  5.o(.data)
    cyr_N                                    0x200006a8   Data           8  5.o(.data)
    cyr_O                                    0x200006b0   Data           8  5.o(.data)
    cyr_P                                    0x200006b8   Data           8  5.o(.data)
    cyr_R                                    0x200006c0   Data           8  5.o(.data)
    cyr_S                                    0x200006c8   Data           8  5.o(.data)
    cyr_T                                    0x200006d0   Data           8  5.o(.data)
    cyr_U                                    0x200006d8   Data           8  5.o(.data)
    cyr_F                                    0x200006e0   Data           8  5.o(.data)
    cyr_KH                                   0x200006e8   Data           8  5.o(.data)
    cyr_C                                    0x200006f0   Data           8  5.o(.data)
    cyr_CH                                   0x200006f8   Data           8  5.o(.data)
    cyr_SH                                   0x20000700   Data           8  5.o(.data)
    cyr_SHH                                  0x20000708   Data           8  5.o(.data)
    cyr_TZ                                   0x20000710   Data           8  5.o(.data)
    cyr_Y                                    0x20000718   Data           8  5.o(.data)
    cyr_MZ                                   0x20000720   Data           8  5.o(.data)
    cyr_EH                                   0x20000728   Data           8  5.o(.data)
    cyr_YU                                   0x20000730   Data           8  5.o(.data)
    cyr_YA                                   0x20000738   Data           8  5.o(.data)
    cyr_a                                    0x20000740   Data           8  5.o(.data)
    cyr_b                                    0x20000748   Data           8  5.o(.data)
    cyr_v                                    0x20000750   Data           8  5.o(.data)
    cyr_g                                    0x20000758   Data           8  5.o(.data)
    cyr_d                                    0x20000760   Data           8  5.o(.data)
    cyr_e                                    0x20000768   Data           8  5.o(.data)
    cyr_jo                                   0x20000770   Data           8  5.o(.data)
    cyr_zh                                   0x20000778   Data           8  5.o(.data)
    cyr_z                                    0x20000780   Data           8  5.o(.data)
    cyr_i                                    0x20000788   Data           8  5.o(.data)
    cyr_jj                                   0x20000790   Data           8  5.o(.data)
    cyr_k                                    0x20000798   Data           8  5.o(.data)
    cyr_l                                    0x200007a0   Data           8  5.o(.data)
    cyr_m                                    0x200007a8   Data           8  5.o(.data)
    cyr_n                                    0x200007b0   Data           8  5.o(.data)
    cyr_o                                    0x200007b8   Data           8  5.o(.data)
    cyr_p                                    0x200007c0   Data           8  5.o(.data)
    cyr_r                                    0x200007c8   Data           8  5.o(.data)
    cyr_s                                    0x200007d0   Data           8  5.o(.data)
    cyr_t                                    0x200007d8   Data           8  5.o(.data)
    cyr_u                                    0x200007e0   Data           8  5.o(.data)
    cyr_f                                    0x200007e8   Data           8  5.o(.data)
    cyr_kh                                   0x200007f0   Data           8  5.o(.data)
    cyr_c                                    0x200007f8   Data           8  5.o(.data)
    cyr_ch                                   0x20000800   Data           8  5.o(.data)
    cyr_sh                                   0x20000808   Data           8  5.o(.data)
    cyr_shh                                  0x20000810   Data           8  5.o(.data)
    cyr_tz                                   0x20000818   Data           8  5.o(.data)
    cyr_y                                    0x20000820   Data           8  5.o(.data)
    cyr_mz                                   0x20000828   Data           8  5.o(.data)
    cyr_eh                                   0x20000830   Data           8  5.o(.data)
    cyr_yu                                   0x20000838   Data           8  5.o(.data)
    cyr_ya                                   0x20000840   Data           8  5.o(.data)
    sym_sp                                   0x20000848   Data           8  5.o(.data)
    sym_pt                                   0x20000850   Data           8  5.o(.data)
    sym_lcm                                  0x20000858   Data           8  5.o(.data)
    sym_rcm                                  0x20000860   Data           8  5.o(.data)
    cursor                                   0x20000868   Data           8  5.o(.data)
    icon_mil                                 0x20000870   Data          32  5.o(.data)
    .data                                    0x20000894   Section        4  system_mdr32f9qx.o(.data)
    .bss                                     0x20000898   Section       48  5.o(.bss)
    LedInit                                  0x20000898   Data          12  5.o(.bss)
    InputInit                                0x200008a4   Data          12  5.o(.bss)
    BtnInit                                  0x200008b0   Data          12  5.o(.bss)
    .bss                                     0x200008c8   Section       44  localtime.o(.bss)
    _tms                                     0x200008c8   Data          44  localtime.o(.bss)
    .bss                                     0x200008f4   Section       96  libspace.o(.bss)
    HEAP                                     0x20000958   Section      512  startup_mdr32f9qx.o(HEAP)
    Heap_Mem                                 0x20000958   Data         512  startup_mdr32f9qx.o(HEAP)
    STACK                                    0x20000b58   Section     1024  startup_mdr32f9qx.o(STACK)
    Stack_Mem                                0x20000b58   Data        1024  startup_mdr32f9qx.o(STACK)
    __initial_sp                             0x20000f58   Data           0  startup_mdr32f9qx.o(STACK)

    Global Symbols

    Symbol Name                              Value     Ov Type        Size  Object(Section)

    BuildAttributes$$THM_ISAv4$P$D$K$B$S$PE$A:L22UL41UL21$X:L11$S22US41US21$IEEE1$IW$USESV6$~STKCKD$USESV7$~SHL$OTIME$ROPI$IEEEJ$EBA8$UX$STANDARDLIB$REQ8$PRES8$EABIv2 0x00000000   Number         0  anon$$obj.o ABSOLUTE
    __ARM_use_no_argv                        0x00000000   Number         0  5.o ABSOLUTE
    _printf_flags                            0x00000000   Number         0  printf_stubs.o ABSOLUTE
    _printf_return_value                     0x00000000   Number         0  printf_stubs.o ABSOLUTE
    _printf_sizespec                         0x00000000   Number         0  printf_stubs.o ABSOLUTE
    _printf_widthprec                        0x00000000   Number         0  printf_stubs.o ABSOLUTE
    __ARM_exceptions_init                     - Undefined Weak Reference
    __alloca_initialize                       - Undefined Weak Reference
    __arm_preinit_                            - Undefined Weak Reference
    __cpp_initialize__aeabi_                  - Undefined Weak Reference
    __cxa_finalize                            - Undefined Weak Reference
    __sigvec_lookup                           - Undefined Weak Reference
    _atexit_init                              - Undefined Weak Reference
    _call_atexit_fns                          - Undefined Weak Reference
    _clock_init                               - Undefined Weak Reference
    _fp_trap_init                             - Undefined Weak Reference
    _fp_trap_shutdown                         - Undefined Weak Reference
    _get_lc_collate                           - Undefined Weak Reference
    _get_lc_monetary                          - Undefined Weak Reference
    _getenv_init                              - Undefined Weak Reference
    _handle_redirection                       - Undefined Weak Reference
    _init_alloc                               - Undefined Weak Reference
    _init_user_alloc                          - Undefined Weak Reference
    _initio                                   - Undefined Weak Reference
    _printf_mbtowc                            - Undefined Weak Reference
    _printf_wc                                - Undefined Weak Reference
    _rand_init                                - Undefined Weak Reference
    _signal_finish                            - Undefined Weak Reference
    _signal_init                              - Undefined Weak Reference
    _terminate_alloc                          - Undefined Weak Reference
    _terminate_user_alloc                     - Undefined Weak Reference
    _terminateio                              - Undefined Weak Reference
    __Vectors_Size                           0x000000c0   Number         0  startup_mdr32f9qx.o ABSOLUTE
    __Vectors                                0x08000000   Data           4  startup_mdr32f9qx.o(RESET)
    __Vectors_End                            0x080000c0   Data           0  startup_mdr32f9qx.o(RESET)
    __main                                   0x080000c1   Thumb Code     8  __main.o(!!!main)
    __scatterload                            0x080000c9   Thumb Code     0  __scatter.o(!!!scatter)
    __scatterload_rt2                        0x080000c9   Thumb Code    44  __scatter.o(!!!scatter)
    __scatterload_rt2_thumb_only             0x080000c9   Thumb Code     0  __scatter.o(!!!scatter)
    __scatterload_null                       0x080000d7   Thumb Code     0  __scatter.o(!!!scatter)
    __decompress                             0x080000fd   Thumb Code   100  __dclz77c.o(!!dclz77c)
    __decompress2                            0x080000fd   Thumb Code     0  __dclz77c.o(!!dclz77c)
    __scatterload_zeroinit                   0x08000161   Thumb Code    28  __scatter_zi.o(!!handler_zi)
    _printf_n                                0x0800017d   Thumb Code     0  _printf_n.o(.ARM.Collect$$_printf_percent$$00000001)
    _printf_percent                          0x0800017d   Thumb Code     0  _printf_percent.o(.ARM.Collect$$_printf_percent$$00000000)
    _printf_p                                0x08000183   Thumb Code     0  _printf_p.o(.ARM.Collect$$_printf_percent$$00000002)
    _printf_f                                0x08000189   Thumb Code     0  _printf_f.o(.ARM.Collect$$_printf_percent$$00000003)
    _printf_e                                0x0800018f   Thumb Code     0  _printf_e.o(.ARM.Collect$$_printf_percent$$00000004)
    _printf_g                                0x08000195   Thumb Code     0  _printf_g.o(.ARM.Collect$$_printf_percent$$00000005)
    _printf_a                                0x0800019b   Thumb Code     0  _printf_a.o(.ARM.Collect$$_printf_percent$$00000006)
    _printf_ll                               0x080001a1   Thumb Code     0  _printf_ll.o(.ARM.Collect$$_printf_percent$$00000007)
    _printf_i                                0x080001ab   Thumb Code     0  _printf_i.o(.ARM.Collect$$_printf_percent$$00000008)
    _printf_d                                0x080001b1   Thumb Code     0  _printf_d.o(.ARM.Collect$$_printf_percent$$00000009)
    _printf_u                                0x080001b7   Thumb Code     0  _printf_u.o(.ARM.Collect$$_printf_percent$$0000000A)
    _printf_o                                0x080001bd   Thumb Code     0  _printf_o.o(.ARM.Collect$$_printf_percent$$0000000B)
    _printf_x                                0x080001c3   Thumb Code     0  _printf_x.o(.ARM.Collect$$_printf_percent$$0000000C)
    _printf_lli                              0x080001c9   Thumb Code     0  _printf_lli.o(.ARM.Collect$$_printf_percent$$0000000D)
    _printf_lld                              0x080001cf   Thumb Code     0  _printf_lld.o(.ARM.Collect$$_printf_percent$$0000000E)
    _printf_llu                              0x080001d5   Thumb Code     0  _printf_llu.o(.ARM.Collect$$_printf_percent$$0000000F)
    _printf_llo                              0x080001db   Thumb Code     0  _printf_llo.o(.ARM.Collect$$_printf_percent$$00000010)
    _printf_llx                              0x080001e1   Thumb Code     0  _printf_llx.o(.ARM.Collect$$_printf_percent$$00000011)
    _printf_l                                0x080001e7   Thumb Code     0  _printf_l.o(.ARM.Collect$$_printf_percent$$00000012)
    _printf_c                                0x080001f1   Thumb Code     0  _printf_c.o(.ARM.Collect$$_printf_percent$$00000013)
    _printf_s                                0x080001f7   Thumb Code     0  _printf_s.o(.ARM.Collect$$_printf_percent$$00000014)
    _printf_lc                               0x080001fd   Thumb Code     0  _printf_lc.o(.ARM.Collect$$_printf_percent$$00000015)
    _printf_ls                               0x08000203   Thumb Code     0  _printf_ls.o(.ARM.Collect$$_printf_percent$$00000016)
    _printf_percent_end                      0x08000209   Thumb Code     0  _printf_percent_end.o(.ARM.Collect$$_printf_percent$$00000017)
    __rt_lib_init                            0x0800020d   Thumb Code     0  libinit.o(.ARM.Collect$$libinit$$00000000)
    __rt_lib_init_fp_1                       0x0800020f   Thumb Code     0  libinit2.o(.ARM.Collect$$libinit$$00000002)
    __rt_lib_init_heap_1                     0x0800020f   Thumb Code     0  libinit2.o(.ARM.Collect$$libinit$$0000000A)
    __rt_lib_init_lc_common                  0x0800020f   Thumb Code     0  libinit2.o(.ARM.Collect$$libinit$$0000000F)
    __rt_lib_init_preinit_1                  0x0800020f   Thumb Code     0  libinit2.o(.ARM.Collect$$libinit$$00000004)
    __rt_lib_init_rand_1                     0x0800020f   Thumb Code     0  libinit2.o(.ARM.Collect$$libinit$$0000000E)
    __rt_lib_init_user_alloc_1               0x0800020f   Thumb Code     0  libinit2.o(.ARM.Collect$$libinit$$0000000C)
    __rt_lib_init_lc_collate_1               0x08000215   Thumb Code     0  libinit2.o(.ARM.Collect$$libinit$$00000011)
    __rt_lib_init_lc_ctype_2                 0x08000215   Thumb Code     0  libinit2.o(.ARM.Collect$$libinit$$00000012)
    __rt_lib_init_lc_ctype_1                 0x08000221   Thumb Code     0  libinit2.o(.ARM.Collect$$libinit$$00000013)
    __rt_lib_init_lc_monetary_1              0x08000221   Thumb Code     0  libinit2.o(.ARM.Collect$$libinit$$00000015)
    __rt_lib_init_lc_numeric_2               0x08000221   Thumb Code     0  libinit2.o(.ARM.Collect$$libinit$$00000016)
    __rt_lib_init_lc_numeric_1               0x0800022b   Thumb Code     0  libinit2.o(.ARM.Collect$$libinit$$00000017)
    __rt_lib_init_lc_time_2                  0x0800022b   Thumb Code     0  libinit2.o(.ARM.Collect$$libinit$$00000018)
    __rt_lib_init_alloca_1                   0x08000235   Thumb Code     0  libinit2.o(.ARM.Collect$$libinit$$0000002E)
    __rt_lib_init_argv_1                     0x08000235   Thumb Code     0  libinit2.o(.ARM.Collect$$libinit$$0000002C)
    __rt_lib_init_atexit_1                   0x08000235   Thumb Code     0  libinit2.o(.ARM.Collect$$libinit$$0000001B)
    __rt_lib_init_clock_1                    0x08000235   Thumb Code     0  libinit2.o(.ARM.Collect$$libinit$$00000021)
    __rt_lib_init_cpp_1                      0x08000235   Thumb Code     0  libinit2.o(.ARM.Collect$$libinit$$00000032)
    __rt_lib_init_exceptions_1               0x08000235   Thumb Code     0  libinit2.o(.ARM.Collect$$libinit$$00000030)
    __rt_lib_init_fp_trap_1                  0x08000235   Thumb Code     0  libinit2.o(.ARM.Collect$$libinit$$0000001F)
    __rt_lib_init_getenv_1                   0x08000235   Thumb Code     0  libinit2.o(.ARM.Collect$$libinit$$00000023)
    __rt_lib_init_lc_time_1                  0x08000235   Thumb Code     0  libinit2.o(.ARM.Collect$$libinit$$00000019)
    __rt_lib_init_return                     0x08000235   Thumb Code     0  libinit2.o(.ARM.Collect$$libinit$$00000033)
    __rt_lib_init_signal_1                   0x08000235   Thumb Code     0  libinit2.o(.ARM.Collect$$libinit$$0000001D)
    __rt_lib_init_stdio_1                    0x08000235   Thumb Code     0  libinit2.o(.ARM.Collect$$libinit$$00000025)
    __rt_lib_shutdown                        0x08000237   Thumb Code     0  libshutdown.o(.ARM.Collect$$libshutdown$$00000000)
    __rt_lib_shutdown_cpp_1                  0x08000239   Thumb Code     0  libshutdown2.o(.ARM.Collect$$libshutdown$$00000002)
    __rt_lib_shutdown_fp_trap_1              0x08000239   Thumb Code     0  libshutdown2.o(.ARM.Collect$$libshutdown$$00000007)
    __rt_lib_shutdown_heap_1                 0x08000239   Thumb Code     0  libshutdown2.o(.ARM.Collect$$libshutdown$$0000000F)
    __rt_lib_shutdown_return                 0x08000239   Thumb Code     0  libshutdown2.o(.ARM.Collect$$libshutdown$$00000010)
    __rt_lib_shutdown_signal_1               0x08000239   Thumb Code     0  libshutdown2.o(.ARM.Collect$$libshutdown$$0000000A)
    __rt_lib_shutdown_stdio_1                0x08000239   Thumb Code     0  libshutdown2.o(.ARM.Collect$$libshutdown$$00000004)
    __rt_lib_shutdown_user_alloc_1           0x08000239   Thumb Code     0  libshutdown2.o(.ARM.Collect$$libshutdown$$0000000C)
    __rt_entry                               0x0800023b   Thumb Code     0  __rtentry.o(.ARM.Collect$$rtentry$$00000000)
    __rt_entry_presh_1                       0x0800023b   Thumb Code     0  __rtentry2.o(.ARM.Collect$$rtentry$$00000002)
    __rt_entry_sh                            0x0800023b   Thumb Code     0  __rtentry4.o(.ARM.Collect$$rtentry$$00000004)
    __rt_entry_li                            0x08000241   Thumb Code     0  __rtentry2.o(.ARM.Collect$$rtentry$$0000000A)
    __rt_entry_postsh_1                      0x08000241   Thumb Code     0  __rtentry2.o(.ARM.Collect$$rtentry$$00000009)
    __rt_entry_main                          0x08000245   Thumb Code     0  __rtentry2.o(.ARM.Collect$$rtentry$$0000000D)
    __rt_entry_postli_1                      0x08000245   Thumb Code     0  __rtentry2.o(.ARM.Collect$$rtentry$$0000000C)
    __rt_exit                                0x0800024d   Thumb Code     0  rtexit.o(.ARM.Collect$$rtexit$$00000000)
    __rt_exit_ls                             0x0800024f   Thumb Code     0  rtexit2.o(.ARM.Collect$$rtexit$$00000003)
    __rt_exit_prels_1                        0x0800024f   Thumb Code     0  rtexit2.o(.ARM.Collect$$rtexit$$00000002)
    __rt_exit_exit                           0x08000253   Thumb Code     0  rtexit2.o(.ARM.Collect$$rtexit$$00000004)
    Reset_Handler                            0x08000259   Thumb Code     8  startup_mdr32f9qx.o(.text)
    NMI_Handler                              0x08000261   Thumb Code     2  startup_mdr32f9qx.o(.text)
    HardFault_Handler                        0x08000263   Thumb Code     2  startup_mdr32f9qx.o(.text)
    MemManage_Handler                        0x08000265   Thumb Code     2  startup_mdr32f9qx.o(.text)
    BusFault_Handler                         0x08000267   Thumb Code     2  startup_mdr32f9qx.o(.text)
    UsageFault_Handler                       0x08000269   Thumb Code     2  startup_mdr32f9qx.o(.text)
    SVC_Handler                              0x0800026b   Thumb Code     2  startup_mdr32f9qx.o(.text)
    DebugMon_Handler                         0x0800026d   Thumb Code     2  startup_mdr32f9qx.o(.text)
    PendSV_Handler                           0x0800026f   Thumb Code     2  startup_mdr32f9qx.o(.text)
    ADC_IRQHandler                           0x08000273   Thumb Code     0  startup_mdr32f9qx.o(.text)
    CAN1_IRQHandler                          0x08000273   Thumb Code     0  startup_mdr32f9qx.o(.text)
    CAN2_IRQHandler                          0x08000273   Thumb Code     0  startup_mdr32f9qx.o(.text)
    COMPARATOR_IRQHandler                    0x08000273   Thumb Code     0  startup_mdr32f9qx.o(.text)
    DMA_IRQHandler                           0x08000273   Thumb Code     0  startup_mdr32f9qx.o(.text)
    EXT_INT1_IRQHandler                      0x08000273   Thumb Code     0  startup_mdr32f9qx.o(.text)
    EXT_INT2_IRQHandler                      0x08000273   Thumb Code     0  startup_mdr32f9qx.o(.text)
    EXT_INT3_IRQHandler                      0x08000273   Thumb Code     0  startup_mdr32f9qx.o(.text)
    EXT_INT4_IRQHandler                      0x08000273   Thumb Code     0  startup_mdr32f9qx.o(.text)
    I2C_IRQHandler                           0x08000273   Thumb Code     0  startup_mdr32f9qx.o(.text)
    POWER_IRQHandler                         0x08000273   Thumb Code     0  startup_mdr32f9qx.o(.text)
    SSP1_IRQHandler                          0x08000273   Thumb Code     0  startup_mdr32f9qx.o(.text)
    SSP2_IRQHandler                          0x08000273   Thumb Code     0  startup_mdr32f9qx.o(.text)
    Timer1_IRQHandler                        0x08000273   Thumb Code     0  startup_mdr32f9qx.o(.text)
    Timer2_IRQHandler                        0x08000273   Thumb Code     0  startup_mdr32f9qx.o(.text)
    Timer3_IRQHandler                        0x08000273   Thumb Code     0  startup_mdr32f9qx.o(.text)
    UART1_IRQHandler                         0x08000273   Thumb Code     0  startup_mdr32f9qx.o(.text)
    UART2_IRQHandler                         0x08000273   Thumb Code     0  startup_mdr32f9qx.o(.text)
    USB_IRQHandler                           0x08000273   Thumb Code     0  startup_mdr32f9qx.o(.text)
    WWDG_IRQHandler                          0x08000273   Thumb Code     0  startup_mdr32f9qx.o(.text)
    __user_initial_stackheap                 0x08000275   Thumb Code     0  startup_mdr32f9qx.o(.text)
    __2sprintf                               0x08000299   Thumb Code    38  __2sprintf.o(.text)
    _printf_str                              0x080002c5   Thumb Code    82  _printf_str.o(.text)
    _printf_int_dec                          0x08000319   Thumb Code   104  _printf_dec.o(.text)
    __printf                                 0x08000391   Thumb Code   388  __printf_flags_ss_wp.o(.text)
    __aeabi_memcpy4                          0x08000519   Thumb Code     0  rt_memcpy_w.o(.text)
    __aeabi_memcpy8                          0x08000519   Thumb Code     0  rt_memcpy_w.o(.text)
    __rt_memcpy_w                            0x08000519   Thumb Code   100  rt_memcpy_w.o(.text)
    _memcpy_lastbytes_aligned                0x08000561   Thumb Code     0  rt_memcpy_w.o(.text)
    localtime                                0x0800057d   Thumb Code     6  localtime.o(.text)
    strftime                                 0x080005c9   Thumb Code   634  strftime.o(.text)
    __use_two_region_memory                  0x080008e9   Thumb Code     2  heapauxi.o(.text)
    __rt_heap_escrow$2region                 0x080008eb   Thumb Code     2  heapauxi.o(.text)
    __rt_heap_expand$2region                 0x080008ed   Thumb Code     2  heapauxi.o(.text)
    __rt_locale                              0x080008f1   Thumb Code     8  rt_locale_intlibspace.o(.text)
    sprintf                                  0x080008f9   Thumb Code    38  sprintf.o(.text)
    _printf_int_common                       0x08000925   Thumb Code   178  _printf_intcommon.o(.text)
    _printf_char_common                      0x080009e3   Thumb Code    32  _printf_char_common.o(.text)
    _sputc                                   0x08000a09   Thumb Code    10  _sputc.o(.text)
    _printf_cs_common                        0x08000a13   Thumb Code    20  _printf_char.o(.text)
    _printf_char                             0x08000a27   Thumb Code    16  _printf_char.o(.text)
    _printf_string                           0x08000a37   Thumb Code     8  _printf_char.o(.text)
    _localtime_r                             0x08000a41   Thumb Code   178  localtime_internal.o(.text)
    _n$localtime_r                           0x08000a41   Thumb Code     0  localtime_internal.o(.text)
    __user_libspace                          0x08000af9   Thumb Code     8  libspace.o(.text)
    __user_perproc_libspace                  0x08000af9   Thumb Code     0  libspace.o(.text)
    __user_perthread_libspace                0x08000af9   Thumb Code     0  libspace.o(.text)
    _printf_pre_padding                      0x08000b01   Thumb Code    44  _printf_pad.o(.text)
    _printf_post_padding                     0x08000b2d   Thumb Code    34  _printf_pad.o(.text)
    _printf_truncate_signed                  0x08000b4f   Thumb Code    18  _printf_truncate.o(.text)
    _printf_truncate_unsigned                0x08000b61   Thumb Code    18  _printf_truncate.o(.text)
    _printf_charcount                        0x08000b73   Thumb Code    40  _printf_charcount.o(.text)
    _printf_wctomb                           0x08000b9d   Thumb Code   182  _printf_wctomb.o(.text)
    _printf_longlong_dec                     0x08000c59   Thumb Code   108  _printf_longlong_dec.o(.text)
    _printf_longlong_oct                     0x08000cd5   Thumb Code    66  _printf_oct_int_ll.o(.text)
    _printf_int_oct                          0x08000d17   Thumb Code    24  _printf_oct_int_ll.o(.text)
    _printf_ll_oct                           0x08000d2f   Thumb Code    12  _printf_oct_int_ll.o(.text)
    _printf_longlong_hex                     0x08000d45   Thumb Code    86  _printf_hex_int_ll_ptr.o(.text)
    _printf_int_hex                          0x08000d9b   Thumb Code    28  _printf_hex_int_ll_ptr.o(.text)
    _printf_ll_hex                           0x08000db7   Thumb Code    12  _printf_hex_int_ll_ptr.o(.text)
    _printf_hex_ptr                          0x08000dc3   Thumb Code    18  _printf_hex_int_ll_ptr.o(.text)
    __aeabi_memclr4                          0x08000dd9   Thumb Code     0  rt_memclr_w.o(.text)
    __aeabi_memclr8                          0x08000dd9   Thumb Code     0  rt_memclr_w.o(.text)
    __rt_memclr_w                            0x08000dd9   Thumb Code    78  rt_memclr_w.o(.text)
    _memset_w                                0x08000ddd   Thumb Code     0  rt_memclr_w.o(.text)
    strcmp                                   0x08000e29   Thumb Code   128  strcmpv7m.o(.text)
    __user_setup_stackheap                   0x08000ea9   Thumb Code    74  sys_stackheap_outer.o(.text)
    _ll_udiv10                               0x08000ef3   Thumb Code   138  lludiv10.o(.text)
    __lib_sel_fp_printf                      0x08000f7d   Thumb Code     2  _printf_fp_dec.o(.text)
    _printf_fp_dec_real                      0x0800112f   Thumb Code   620  _printf_fp_dec.o(.text)
    _printf_fp_hex_real                      0x0800139d   Thumb Code   756  _printf_fp_hex.o(.text)
    _printf_lcs_common                       0x08001699   Thumb Code    20  _printf_wchar.o(.text)
    _printf_wchar                            0x080016ad   Thumb Code    16  _printf_wchar.o(.text)
    _printf_wstring                          0x080016bd   Thumb Code     8  _printf_wchar.o(.text)
    _wcrtomb                                 0x080016c5   Thumb Code    64  _wcrtomb.o(.text)
    exit                                     0x08001705   Thumb Code    18  exit.o(.text)
    __rt_ctype_table                         0x08001719   Thumb Code    16  rt_ctype_table.o(.text)
    _printf_fp_infnan                        0x08001729   Thumb Code   112  _printf_fp_infnan.o(.text)
    _btod_etento                             0x080017a9   Thumb Code   224  bigflt0.o(.text)
    _sys_exit                                0x0800188d   Thumb Code     8  sys_exit.o(.text)
    __I$use$semihosting                      0x08001899   Thumb Code     0  use_no_semi.o(.text)
    __use_no_semihosting_swi                 0x08001899   Thumb Code     2  use_no_semi.o(.text)
    __semihosting_library_function           0x0800189b   Thumb Code     0  indicate_semi.o(.text)
    _btod_d2e                                0x0800189b   Thumb Code    62  btod.o(CL$$btod_d2e)
    _d2e_denorm_low                          0x080018d9   Thumb Code    70  btod.o(CL$$btod_d2e_denorm_low)
    _d2e_norm_op1                            0x0800191f   Thumb Code    96  btod.o(CL$$btod_d2e_norm_op1)
    __btod_div_common                        0x0800197f   Thumb Code   696  btod.o(CL$$btod_div_common)
    _e2e                                     0x08001cb7   Thumb Code   220  btod.o(CL$$btod_e2e)
    _btod_ediv                               0x08001d93   Thumb Code    42  btod.o(CL$$btod_ediv)
    _btod_emul                               0x08001dbd   Thumb Code    42  btod.o(CL$$btod_emul)
    __btod_mult_common                       0x08001de7   Thumb Code   580  btod.o(CL$$btod_mult_common)
    BACKUP_IRQHandler                        0x0800202d   Thumb Code    22  5.o(i.BACKUP_IRQHandler)
    BKP_RTC_Enable                           0x08002055   Thumb Code     6  mdr32f9qx_bkp.o(i.BKP_RTC_Enable)
    BKP_RTC_GetCounter                       0x08002061   Thumb Code     6  mdr32f9qx_bkp.o(i.BKP_RTC_GetCounter)
    BKP_RTC_SetCounter                       0x0800206d   Thumb Code     6  mdr32f9qx_bkp.o(i.BKP_RTC_SetCounter)
    BKP_RTC_SetPrescaler                     0x08002079   Thumb Code     6  mdr32f9qx_bkp.o(i.BKP_RTC_SetPrescaler)
    BKP_RTC_WaitForUpdate                    0x08002085   Thumb Code    12  mdr32f9qx_bkp.o(i.BKP_RTC_WaitForUpdate)
    BKP_RTCclkSource                         0x08002095   Thumb Code    20  mdr32f9qx_bkp.o(i.BKP_RTCclkSource)
    ButtonsPinCfg                            0x080020ad   Thumb Code    44  5.o(i.ButtonsPinCfg)
    CPU_Config                               0x080020e1   Thumb Code    56  5.o(i.CPU_Config)
    DispOn                                   0x08002119   Thumb Code   188  mlt_lcd.o(i.DispOn)
    IntConfig                                0x080021e5   Thumb Code    88  5.o(i.IntConfig)
    LCDPins                                  0x08002249   Thumb Code    70  5.o(i.LCDPins)
    LCDStart                                 0x080022a5   Thumb Code    68  5.o(i.LCDStart)
    LcdClearChip                             0x080022e9   Thumb Code    24  mlt_lcd.o(i.LcdClearChip)
    LcdClearPage                             0x08002301   Thumb Code    64  mlt_lcd.o(i.LcdClearPage)
    LcdInit                                  0x08002341   Thumb Code    58  mlt_lcd.o(i.LcdInit)
    LcdPutChar                               0x08002381   Thumb Code   104  mlt_lcd.o(i.LcdPutChar)
    LcdPutString                             0x080023e9   Thumb Code   152  mlt_lcd.o(i.LcdPutString)
    LcdScrollString                          0x08002481   Thumb Code   130  mlt_lcd.o(i.LcdScrollString)
    LedConfig                                0x08002505   Thumb Code    28  5.o(i.LedConfig)
    MltDelay                                 0x08002529   Thumb Code    12  mlt_lcd.o(i.MltDelay)
    PORT_Init                                0x08002535   Thumb Code   450  mdr32f9qx_port.o(i.PORT_Init)
    PORT_ReadInputDataBit                    0x080026fd   Thumb Code    16  mdr32f9qx_port.o(i.PORT_ReadInputDataBit)
    PORT_ResetBits                           0x0800270d   Thumb Code    22  mdr32f9qx_port.o(i.PORT_ResetBits)
    PORT_SetBits                             0x08002729   Thumb Code    22  mdr32f9qx_port.o(i.PORT_SetBits)
    PORT_StructInit                          0x08002745   Thumb Code    28  mdr32f9qx_port.o(i.PORT_StructInit)
    PrintString                              0x08002761   Thumb Code   390  lcdstring.o(i.PrintString)
    RST_CLK_CPU_PLLcmd                       0x080029e9   Thumb Code     6  mdr32f9qx_rst_clk.o(i.RST_CLK_CPU_PLLcmd)
    RST_CLK_CPU_PLLconfig                    0x080029f5   Thumb Code    54  mdr32f9qx_rst_clk.o(i.RST_CLK_CPU_PLLconfig)
    RST_CLK_CPU_PLLstatus                    0x08002a35   Thumb Code    52  mdr32f9qx_rst_clk.o(i.RST_CLK_CPU_PLLstatus)
    RST_CLK_CPU_PLLuse                       0x08002a69   Thumb Code     6  mdr32f9qx_rst_clk.o(i.RST_CLK_CPU_PLLuse)
    RST_CLK_CPUclkSelection                  0x08002a75   Thumb Code    16  mdr32f9qx_rst_clk.o(i.RST_CLK_CPUclkSelection)
    RST_CLK_GetFlagStatus                    0x08002a89   Thumb Code    42  mdr32f9qx_rst_clk.o(i.RST_CLK_GetFlagStatus)
    RST_CLK_HSEconfig                        0x08002abd   Thumb Code    56  mdr32f9qx_rst_clk.o(i.RST_CLK_HSEconfig)
    RST_CLK_HSEstatus                        0x08002af9   Thumb Code    52  mdr32f9qx_rst_clk.o(i.RST_CLK_HSEstatus)
    RST_CLK_LSEconfig                        0x08002b2d   Thumb Code    56  mdr32f9qx_rst_clk.o(i.RST_CLK_LSEconfig)
    RST_CLK_LSEstatus                        0x08002b69   Thumb Code    52  mdr32f9qx_rst_clk.o(i.RST_CLK_LSEstatus)
    RST_CLK_PCLKcmd                          0x08002b9d   Thumb Code    26  mdr32f9qx_rst_clk.o(i.RST_CLK_PCLKcmd)
    ReadStatus                               0x08002bbd   Thumb Code   182  mlt_lcd.o(i.ReadStatus)
    SetAdress                                0x08002c85   Thumb Code   192  mlt_lcd.o(i.SetAdress)
    SetDataBits                              0x08002d55   Thumb Code    60  mlt_lcd.o(i.SetDataBits)
    SetPage                                  0x08002d99   Thumb Code   192  mlt_lcd.o(i.SetPage)
    SysTick_Handler                          0x08002e69   Thumb Code   112  5.o(i.SysTick_Handler)
    SystemCoreClockUpdate                    0x08002f05   Thumb Code   130  system_mdr32f9qx.o(i.SystemCoreClockUpdate)
    SystemInit                               0x08002f95   Thumb Code    66  system_mdr32f9qx.o(i.SystemInit)
    TimeConfig                               0x08002fe5   Thumb Code    84  5.o(i.TimeConfig)
    WriteData                                0x0800303d   Thumb Code   190  mlt_lcd.o(i.WriteData)
    __ARM_fpclassify                         0x0800310d   Thumb Code    40  fpclassify.o(i.__ARM_fpclassify)
    _is_digit                                0x0800314f   Thumb Code    14  __printf_wp.o(i._is_digit)
    main                                     0x0800315d   Thumb Code   118  5.o(i.main)
    _get_lc_time                             0x080031e9   Thumb Code    44  lc_time_c.o(locale$$code)
    _get_lc_numeric                          0x08003215   Thumb Code    44  lc_numeric_c.o(locale$$code)
    _get_lc_ctype                            0x08003241   Thumb Code    44  lc_ctype_c.o(locale$$code)
    _printf_fp_dec                           0x0800326d   Thumb Code     4  printf1.o(x$fpl$printf1)
    _printf_fp_hex                           0x08003271   Thumb Code     4  printf2.o(x$fpl$printf2)
    __I$use$fp                               0x08003274   Number         0  usenofp.o(x$fpl$usenofp)
    delay                                    0x08003274   Data           4  5.o(.constdata)
    LED_ZERO                                 0x08003278   Data           1  5.o(.constdata)
    LED_ONE                                  0x08003279   Data           1  5.o(.constdata)
    _monlen                                  0x080032e4   Data          12  _monlen.o(.constdata)
    Region$$Table$$Base                      0x080033ac   Number         0  anon$$obj.o(Region$$Table)
    Region$$Table$$Limit                     0x080033cc   Number         0  anon$$obj.o(Region$$Table)
    __ctype                                  0x08003575   Data           0  lc_ctype_c.o(locale$$data)
    global                                   0x20000890   Data           4  5.o(.data)
    SystemCoreClock                          0x20000894   Data           4  system_mdr32f9qx.o(.data)
    PortStruct                               0x200008bc   Data          12  5.o(.bss)
    __libspace_start                         0x200008f4   Data          96  libspace.o(.bss)
    __temporary_stack_top$libspace           0x20000954   Data           0  libspace.o(.bss)



==============================================================================

Memory Map of the image

  Image Entry point : 0x08000259

  Load Region LR_1 (Base: 0x08000000, Size: 0x00003f10, Max: 0xffffffff, ABSOLUTE, COMPRESSED[0x000039ec])

    Execution Region ER_RO (Exec base: 0x08000000, Load base: 0x08000000, Size: 0x00003678, Max: 0xffffffff, ABSOLUTE)

    Exec Addr    Load Addr    Size         Type   Attr      Idx    E Section Name        Object

    0x08000000   0x08000000   0x000000c0   Data   RO          331    RESET               startup_mdr32f9qx.o
    0x080000c0   0x080000c0   0x00000008   Code   RO          818  * !!!main             c_w.l(__main.o)
    0x080000c8   0x080000c8   0x00000034   Code   RO         1122    !!!scatter          c_w.l(__scatter.o)
    0x080000fc   0x080000fc   0x00000064   Code   RO         1120    !!dclz77c           c_w.l(__dclz77c.o)
    0x08000160   0x08000160   0x0000001c   Code   RO         1124    !!handler_zi        c_w.l(__scatter_zi.o)
    0x0800017c   0x0800017c   0x00000000   Code   RO          808    .ARM.Collect$$_printf_percent$$00000000  c_w.l(_printf_percent.o)
    0x0800017c   0x0800017c   0x00000006   Code   RO          901    .ARM.Collect$$_printf_percent$$00000001  c_w.l(_printf_n.o)
    0x08000182   0x08000182   0x00000006   Code   RO          903    .ARM.Collect$$_printf_percent$$00000002  c_w.l(_printf_p.o)
    0x08000188   0x08000188   0x00000006   Code   RO          907    .ARM.Collect$$_printf_percent$$00000003  c_w.l(_printf_f.o)
    0x0800018e   0x0800018e   0x00000006   Code   RO          908    .ARM.Collect$$_printf_percent$$00000004  c_w.l(_printf_e.o)
    0x08000194   0x08000194   0x00000006   Code   RO          909    .ARM.Collect$$_printf_percent$$00000005  c_w.l(_printf_g.o)
    0x0800019a   0x0800019a   0x00000006   Code   RO          910    .ARM.Collect$$_printf_percent$$00000006  c_w.l(_printf_a.o)
    0x080001a0   0x080001a0   0x0000000a   Code   RO          914    .ARM.Collect$$_printf_percent$$00000007  c_w.l(_printf_ll.o)
    0x080001aa   0x080001aa   0x00000006   Code   RO          905    .ARM.Collect$$_printf_percent$$00000008  c_w.l(_printf_i.o)
    0x080001b0   0x080001b0   0x00000006   Code   RO          807    .ARM.Collect$$_printf_percent$$00000009  c_w.l(_printf_d.o)
    0x080001b6   0x080001b6   0x00000006   Code   RO          906    .ARM.Collect$$_printf_percent$$0000000A  c_w.l(_printf_u.o)
    0x080001bc   0x080001bc   0x00000006   Code   RO          904    .ARM.Collect$$_printf_percent$$0000000B  c_w.l(_printf_o.o)
    0x080001c2   0x080001c2   0x00000006   Code   RO          902    .ARM.Collect$$_printf_percent$$0000000C  c_w.l(_printf_x.o)
    0x080001c8   0x080001c8   0x00000006   Code   RO          911    .ARM.Collect$$_printf_percent$$0000000D  c_w.l(_printf_lli.o)
    0x080001ce   0x080001ce   0x00000006   Code   RO          912    .ARM.Collect$$_printf_percent$$0000000E  c_w.l(_printf_lld.o)
    0x080001d4   0x080001d4   0x00000006   Code   RO          913    .ARM.Collect$$_printf_percent$$0000000F  c_w.l(_printf_llu.o)
    0x080001da   0x080001da   0x00000006   Code   RO          918    .ARM.Collect$$_printf_percent$$00000010  c_w.l(_printf_llo.o)
    0x080001e0   0x080001e0   0x00000006   Code   RO          919    .ARM.Collect$$_printf_percent$$00000011  c_w.l(_printf_llx.o)
    0x080001e6   0x080001e6   0x0000000a   Code   RO          915    .ARM.Collect$$_printf_percent$$00000012  c_w.l(_printf_l.o)
    0x080001f0   0x080001f0   0x00000006   Code   RO          900    .ARM.Collect$$_printf_percent$$00000013  c_w.l(_printf_c.o)
    0x080001f6   0x080001f6   0x00000006   Code   RO          806    .ARM.Collect$$_printf_percent$$00000014  c_w.l(_printf_s.o)
    0x080001fc   0x080001fc   0x00000006   Code   RO          916    .ARM.Collect$$_printf_percent$$00000015  c_w.l(_printf_lc.o)
    0x08000202   0x08000202   0x00000006   Code   RO          917    .ARM.Collect$$_printf_percent$$00000016  c_w.l(_printf_ls.o)
    0x08000208   0x08000208   0x00000004   Code   RO          836    .ARM.Collect$$_printf_percent$$00000017  c_w.l(_printf_percent_end.o)
    0x0800020c   0x0800020c   0x00000002   Code   RO         1000    .ARM.Collect$$libinit$$00000000  c_w.l(libinit.o)
    0x0800020e   0x0800020e   0x00000000   Code   RO          926    .ARM.Collect$$libinit$$00000002  c_w.l(libinit2.o)
    0x0800020e   0x0800020e   0x00000000   Code   RO          928    .ARM.Collect$$libinit$$00000004  c_w.l(libinit2.o)
    0x0800020e   0x0800020e   0x00000000   Code   RO          931    .ARM.Collect$$libinit$$0000000A  c_w.l(libinit2.o)
    0x0800020e   0x0800020e   0x00000000   Code   RO          933    .ARM.Collect$$libinit$$0000000C  c_w.l(libinit2.o)
    0x0800020e   0x0800020e   0x00000000   Code   RO          935    .ARM.Collect$$libinit$$0000000E  c_w.l(libinit2.o)
    0x0800020e   0x0800020e   0x00000006   Code   RO          936    .ARM.Collect$$libinit$$0000000F  c_w.l(libinit2.o)
    0x08000214   0x08000214   0x00000000   Code   RO          938    .ARM.Collect$$libinit$$00000011  c_w.l(libinit2.o)
    0x08000214   0x08000214   0x0000000c   Code   RO          939    .ARM.Collect$$libinit$$00000012  c_w.l(libinit2.o)
    0x08000220   0x08000220   0x00000000   Code   RO          940    .ARM.Collect$$libinit$$00000013  c_w.l(libinit2.o)
    0x08000220   0x08000220   0x00000000   Code   RO          942    .ARM.Collect$$libinit$$00000015  c_w.l(libinit2.o)
    0x08000220   0x08000220   0x0000000a   Code   RO          943    .ARM.Collect$$libinit$$00000016  c_w.l(libinit2.o)
    0x0800022a   0x0800022a   0x00000000   Code   RO          944    .ARM.Collect$$libinit$$00000017  c_w.l(libinit2.o)
    0x0800022a   0x0800022a   0x0000000a   Code   RO          945    .ARM.Collect$$libinit$$00000018  c_w.l(libinit2.o)
    0x08000234   0x08000234   0x00000000   Code   RO          946    .ARM.Collect$$libinit$$00000019  c_w.l(libinit2.o)
    0x08000234   0x08000234   0x00000000   Code   RO          948    .ARM.Collect$$libinit$$0000001B  c_w.l(libinit2.o)
    0x08000234   0x08000234   0x00000000   Code   RO          950    .ARM.Collect$$libinit$$0000001D  c_w.l(libinit2.o)
    0x08000234   0x08000234   0x00000000   Code   RO          952    .ARM.Collect$$libinit$$0000001F  c_w.l(libinit2.o)
    0x08000234   0x08000234   0x00000000   Code   RO          954    .ARM.Collect$$libinit$$00000021  c_w.l(libinit2.o)
    0x08000234   0x08000234   0x00000000   Code   RO          956    .ARM.Collect$$libinit$$00000023  c_w.l(libinit2.o)
    0x08000234   0x08000234   0x00000000   Code   RO          958    .ARM.Collect$$libinit$$00000025  c_w.l(libinit2.o)
    0x08000234   0x08000234   0x00000000   Code   RO          962    .ARM.Collect$$libinit$$0000002C  c_w.l(libinit2.o)
    0x08000234   0x08000234   0x00000000   Code   RO          964    .ARM.Collect$$libinit$$0000002E  c_w.l(libinit2.o)
    0x08000234   0x08000234   0x00000000   Code   RO          966    .ARM.Collect$$libinit$$00000030  c_w.l(libinit2.o)
    0x08000234   0x08000234   0x00000000   Code   RO          968    .ARM.Collect$$libinit$$00000032  c_w.l(libinit2.o)
    0x08000234   0x08000234   0x00000002   Code   RO          969    .ARM.Collect$$libinit$$00000033  c_w.l(libinit2.o)
    0x08000236   0x08000236   0x00000002   Code   RO         1077    .ARM.Collect$$libshutdown$$00000000  c_w.l(libshutdown.o)
    0x08000238   0x08000238   0x00000000   Code   RO         1083    .ARM.Collect$$libshutdown$$00000002  c_w.l(libshutdown2.o)
    0x08000238   0x08000238   0x00000000   Code   RO         1085    .ARM.Collect$$libshutdown$$00000004  c_w.l(libshutdown2.o)
    0x08000238   0x08000238   0x00000000   Code   RO         1088    .ARM.Collect$$libshutdown$$00000007  c_w.l(libshutdown2.o)
    0x08000238   0x08000238   0x00000000   Code   RO         1091    .ARM.Collect$$libshutdown$$0000000A  c_w.l(libshutdown2.o)
    0x08000238   0x08000238   0x00000000   Code   RO         1093    .ARM.Collect$$libshutdown$$0000000C  c_w.l(libshutdown2.o)
    0x08000238   0x08000238   0x00000000   Code   RO         1096    .ARM.Collect$$libshutdown$$0000000F  c_w.l(libshutdown2.o)
    0x08000238   0x08000238   0x00000002   Code   RO         1097    .ARM.Collect$$libshutdown$$00000010  c_w.l(libshutdown2.o)
    0x0800023a   0x0800023a   0x00000000   Code   RO          820    .ARM.Collect$$rtentry$$00000000  c_w.l(__rtentry.o)
    0x0800023a   0x0800023a   0x00000000   Code   RO          846    .ARM.Collect$$rtentry$$00000002  c_w.l(__rtentry2.o)
    0x0800023a   0x0800023a   0x00000006   Code   RO          858    .ARM.Collect$$rtentry$$00000004  c_w.l(__rtentry4.o)
    0x08000240   0x08000240   0x00000000   Code   RO          848    .ARM.Collect$$rtentry$$00000009  c_w.l(__rtentry2.o)
    0x08000240   0x08000240   0x00000004   Code   RO          849    .ARM.Collect$$rtentry$$0000000A  c_w.l(__rtentry2.o)
    0x08000244   0x08000244   0x00000000   Code   RO          851    .ARM.Collect$$rtentry$$0000000C  c_w.l(__rtentry2.o)
    0x08000244   0x08000244   0x00000008   Code   RO          852    .ARM.Collect$$rtentry$$0000000D  c_w.l(__rtentry2.o)
    0x0800024c   0x0800024c   0x00000002   Code   RO         1003    .ARM.Collect$$rtexit$$00000000  c_w.l(rtexit.o)
    0x0800024e   0x0800024e   0x00000000   Code   RO         1049    .ARM.Collect$$rtexit$$00000002  c_w.l(rtexit2.o)
    0x0800024e   0x0800024e   0x00000004   Code   RO         1050    .ARM.Collect$$rtexit$$00000003  c_w.l(rtexit2.o)
    0x08000252   0x08000252   0x00000006   Code   RO         1051    .ARM.Collect$$rtexit$$00000004  c_w.l(rtexit2.o)
    0x08000258   0x08000258   0x00000040   Code   RO          332  * .text               startup_mdr32f9qx.o
    0x08000298   0x08000298   0x0000002c   Code   RO          776    .text               c_w.l(__2sprintf.o)
    0x080002c4   0x080002c4   0x00000052   Code   RO          782    .text               c_w.l(_printf_str.o)
    0x08000316   0x08000316   0x00000002   PAD
    0x08000318   0x08000318   0x00000078   Code   RO          784    .text               c_w.l(_printf_dec.o)
    0x08000390   0x08000390   0x00000188   Code   RO          803    .text               c_w.l(__printf_flags_ss_wp.o)
    0x08000518   0x08000518   0x00000064   Code   RO          809    .text               c_w.l(rt_memcpy_w.o)
    0x0800057c   0x0800057c   0x0000000c   Code   RO          811    .text               c_w.l(localtime.o)
    0x08000588   0x08000588   0x00000360   Code   RO          814    .text               c_w.l(strftime.o)
    0x080008e8   0x080008e8   0x00000006   Code   RO          816    .text               c_w.l(heapauxi.o)
    0x080008ee   0x080008ee   0x00000002   PAD
    0x080008f0   0x080008f0   0x00000008   Code   RO          824    .text               c_w.l(rt_locale_intlibspace.o)
    0x080008f8   0x080008f8   0x0000002c   Code   RO          826    .text               c_w.l(sprintf.o)
    0x08000924   0x08000924   0x000000b2   Code   RO          828    .text               c_w.l(_printf_intcommon.o)
    0x080009d6   0x080009d6   0x00000002   PAD
    0x080009d8   0x080009d8   0x00000030   Code   RO          830    .text               c_w.l(_printf_char_common.o)
    0x08000a08   0x08000a08   0x0000000a   Code   RO          832    .text               c_w.l(_sputc.o)
    0x08000a12   0x08000a12   0x0000002c   Code   RO          834    .text               c_w.l(_printf_char.o)
    0x08000a3e   0x08000a3e   0x00000002   PAD
    0x08000a40   0x08000a40   0x000000b8   Code   RO          840    .text               c_w.l(localtime_internal.o)
    0x08000af8   0x08000af8   0x00000008   Code   RO          842    .text               c_w.l(libspace.o)
    0x08000b00   0x08000b00   0x0000004e   Code   RO          860    .text               c_w.l(_printf_pad.o)
    0x08000b4e   0x08000b4e   0x00000024   Code   RO          862    .text               c_w.l(_printf_truncate.o)
    0x08000b72   0x08000b72   0x00000028   Code   RO          864    .text               c_w.l(_printf_charcount.o)
    0x08000b9a   0x08000b9a   0x00000002   PAD
    0x08000b9c   0x08000b9c   0x000000bc   Code   RO          868    .text               c_w.l(_printf_wctomb.o)
    0x08000c58   0x08000c58   0x0000007c   Code   RO          871    .text               c_w.l(_printf_longlong_dec.o)
    0x08000cd4   0x08000cd4   0x00000070   Code   RO          877    .text               c_w.l(_printf_oct_int_ll.o)
    0x08000d44   0x08000d44   0x00000094   Code   RO          897    .text               c_w.l(_printf_hex_int_ll_ptr.o)
    0x08000dd8   0x08000dd8   0x0000004e   Code   RO          920    .text               c_w.l(rt_memclr_w.o)
    0x08000e26   0x08000e26   0x00000002   PAD
    0x08000e28   0x08000e28   0x00000080   Code   RO          922    .text               c_w.l(strcmpv7m.o)
    0x08000ea8   0x08000ea8   0x0000004a   Code   RO          978    .text               c_w.l(sys_stackheap_outer.o)
    0x08000ef2   0x08000ef2   0x0000008a   Code   RO          980    .text               c_w.l(lludiv10.o)
    0x08000f7c   0x08000f7c   0x0000041e   Code   RO          982    .text               c_w.l(_printf_fp_dec.o)
    0x0800139a   0x0800139a   0x00000002   PAD
    0x0800139c   0x0800139c   0x000002fc   Code   RO          984    .text               c_w.l(_printf_fp_hex.o)
    0x08001698   0x08001698   0x0000002c   Code   RO          987    .text               c_w.l(_printf_wchar.o)
    0x080016c4   0x080016c4   0x00000040   Code   RO          989    .text               c_w.l(_wcrtomb.o)
    0x08001704   0x08001704   0x00000012   Code   RO          991    .text               c_w.l(exit.o)
    0x08001716   0x08001716   0x00000002   PAD
    0x08001718   0x08001718   0x00000010   Code   RO         1005    .text               c_w.l(rt_ctype_table.o)
    0x08001728   0x08001728   0x00000080   Code   RO         1007    .text               c_w.l(_printf_fp_infnan.o)
    0x080017a8   0x080017a8   0x000000e4   Code   RO         1009    .text               c_w.l(bigflt0.o)
    0x0800188c   0x0800188c   0x0000000c   Code   RO         1064    .text               c_w.l(sys_exit.o)
    0x08001898   0x08001898   0x00000002   Code   RO         1066    .text               c_w.l(use_no_semi.o)
    0x0800189a   0x0800189a   0x00000000   Code   RO         1068    .text               c_w.l(indicate_semi.o)
    0x0800189a   0x0800189a   0x0000003e   Code   RO         1012    CL$$btod_d2e        c_w.l(btod.o)
    0x080018d8   0x080018d8   0x00000046   Code   RO         1014    CL$$btod_d2e_denorm_low  c_w.l(btod.o)
    0x0800191e   0x0800191e   0x00000060   Code   RO         1013    CL$$btod_d2e_norm_op1  c_w.l(btod.o)
    0x0800197e   0x0800197e   0x00000338   Code   RO         1022    CL$$btod_div_common  c_w.l(btod.o)
    0x08001cb6   0x08001cb6   0x000000dc   Code   RO         1019    CL$$btod_e2e        c_w.l(btod.o)
    0x08001d92   0x08001d92   0x0000002a   Code   RO         1016    CL$$btod_ediv       c_w.l(btod.o)
    0x08001dbc   0x08001dbc   0x0000002a   Code   RO         1015    CL$$btod_emul       c_w.l(btod.o)
    0x08001de6   0x08001de6   0x00000244   Code   RO         1021    CL$$btod_mult_common  c_w.l(btod.o)
    0x0800202a   0x0800202a   0x00000002   PAD
    0x0800202c   0x0800202c   0x00000028   Code   RO          200    i.BACKUP_IRQHandler  5.o
    0x08002054   0x08002054   0x0000000c   Code   RO          379    i.BKP_RTC_Enable    mdr32f9qx_bkp.o
    0x08002060   0x08002060   0x0000000c   Code   RO          380    i.BKP_RTC_GetCounter  mdr32f9qx_bkp.o
    0x0800206c   0x0800206c   0x0000000c   Code   RO          386    i.BKP_RTC_SetCounter  mdr32f9qx_bkp.o
    0x08002078   0x08002078   0x0000000c   Code   RO          387    i.BKP_RTC_SetPrescaler  mdr32f9qx_bkp.o
    0x08002084   0x08002084   0x00000010   Code   RO          388    i.BKP_RTC_WaitForUpdate  mdr32f9qx_bkp.o
    0x08002094   0x08002094   0x00000018   Code   RO          389    i.BKP_RTCclkSource  mdr32f9qx_bkp.o
    0x080020ac   0x080020ac   0x00000034   Code   RO          201    i.ButtonsPinCfg     5.o
    0x080020e0   0x080020e0   0x00000038   Code   RO          202    i.CPU_Config        5.o
    0x08002118   0x08002118   0x000000cc   Code   RO           81    i.DispOn            mlt_lcd.o
    0x080021e4   0x080021e4   0x00000064   Code   RO          203    i.IntConfig         5.o
    0x08002248   0x08002248   0x0000005c   Code   RO          204    i.LCDPins           5.o
    0x080022a4   0x080022a4   0x00000044   Code   RO          205    i.LCDStart          5.o
    0x080022e8   0x080022e8   0x00000018   Code   RO           82    i.LcdClearChip      mlt_lcd.o
    0x08002300   0x08002300   0x00000040   Code   RO           83    i.LcdClearPage      mlt_lcd.o
    0x08002340   0x08002340   0x00000040   Code   RO           84    i.LcdInit           mlt_lcd.o
    0x08002380   0x08002380   0x00000068   Code   RO           85    i.LcdPutChar        mlt_lcd.o
    0x080023e8   0x080023e8   0x00000098   Code   RO           87    i.LcdPutString      mlt_lcd.o
    0x08002480   0x08002480   0x00000082   Code   RO           88    i.LcdScrollString   mlt_lcd.o
    0x08002502   0x08002502   0x00000002   PAD
    0x08002504   0x08002504   0x00000024   Code   RO          206    i.LedConfig         5.o
    0x08002528   0x08002528   0x0000000c   Code   RO           89    i.MltDelay          mlt_lcd.o
    0x08002534   0x08002534   0x000001c8   Code   RO          484    i.PORT_Init         mdr32f9qx_port.o
    0x080026fc   0x080026fc   0x00000010   Code   RO          486    i.PORT_ReadInputDataBit  mdr32f9qx_port.o
    0x0800270c   0x0800270c   0x0000001c   Code   RO          487    i.PORT_ResetBits    mdr32f9qx_port.o
    0x08002728   0x08002728   0x0000001c   Code   RO          488    i.PORT_SetBits      mdr32f9qx_port.o
    0x08002744   0x08002744   0x0000001c   Code   RO          489    i.PORT_StructInit   mdr32f9qx_port.o
    0x08002760   0x08002760   0x00000288   Code   RO            4    i.PrintString       lcdstring.o
    0x080029e8   0x080029e8   0x0000000c   Code   RO          558    i.RST_CLK_CPU_PLLcmd  mdr32f9qx_rst_clk.o
    0x080029f4   0x080029f4   0x00000040   Code   RO          559    i.RST_CLK_CPU_PLLconfig  mdr32f9qx_rst_clk.o
    0x08002a34   0x08002a34   0x00000034   Code   RO          560    i.RST_CLK_CPU_PLLstatus  mdr32f9qx_rst_clk.o
    0x08002a68   0x08002a68   0x0000000c   Code   RO          561    i.RST_CLK_CPU_PLLuse  mdr32f9qx_rst_clk.o
    0x08002a74   0x08002a74   0x00000014   Code   RO          563    i.RST_CLK_CPUclkSelection  mdr32f9qx_rst_clk.o
    0x08002a88   0x08002a88   0x00000034   Code   RO          566    i.RST_CLK_GetFlagStatus  mdr32f9qx_rst_clk.o
    0x08002abc   0x08002abc   0x0000003c   Code   RO          568    i.RST_CLK_HSEconfig  mdr32f9qx_rst_clk.o
    0x08002af8   0x08002af8   0x00000034   Code   RO          569    i.RST_CLK_HSEstatus  mdr32f9qx_rst_clk.o
    0x08002b2c   0x08002b2c   0x0000003c   Code   RO          574    i.RST_CLK_LSEconfig  mdr32f9qx_rst_clk.o
    0x08002b68   0x08002b68   0x00000034   Code   RO          575    i.RST_CLK_LSEstatus  mdr32f9qx_rst_clk.o
    0x08002b9c   0x08002b9c   0x00000020   Code   RO          579    i.RST_CLK_PCLKcmd   mdr32f9qx_rst_clk.o
    0x08002bbc   0x08002bbc   0x000000c8   Code   RO           91    i.ReadStatus        mlt_lcd.o
    0x08002c84   0x08002c84   0x000000d0   Code   RO           92    i.SetAdress         mlt_lcd.o
    0x08002d54   0x08002d54   0x00000044   Code   RO           93    i.SetDataBits       mlt_lcd.o
    0x08002d98   0x08002d98   0x000000d0   Code   RO           94    i.SetPage           mlt_lcd.o
    0x08002e68   0x08002e68   0x0000009c   Code   RO          207    i.SysTick_Handler   5.o
    0x08002f04   0x08002f04   0x00000090   Code   RO          339    i.SystemCoreClockUpdate  system_mdr32f9qx.o
    0x08002f94   0x08002f94   0x00000050   Code   RO          340    i.SystemInit        system_mdr32f9qx.o
    0x08002fe4   0x08002fe4   0x00000058   Code   RO          208    i.TimeConfig        5.o
    0x0800303c   0x0800303c   0x000000d0   Code   RO           95    i.WriteData         mlt_lcd.o
    0x0800310c   0x0800310c   0x00000028   Code   RO         1044    i.__ARM_fpclassify  m_ws.l(fpclassify.o)
    0x08003134   0x08003134   0x0000001a   Code   RO          209    i.__NVIC_EnableIRQ  5.o
    0x0800314e   0x0800314e   0x0000000e   Code   RO          796    i._is_digit         c_w.l(__printf_wp.o)
    0x0800315c   0x0800315c   0x0000008c   Code   RO          211    i.main              5.o
    0x080031e8   0x080031e8   0x0000002c   Code   RO          838    locale$$code        c_w.l(lc_time_c.o)
    0x08003214   0x08003214   0x0000002c   Code   RO         1035    locale$$code        c_w.l(lc_numeric_c.o)
    0x08003240   0x08003240   0x0000002c   Code   RO         1058    locale$$code        c_w.l(lc_ctype_c.o)
    0x0800326c   0x0800326c   0x00000004   Code   RO          970    x$fpl$printf1       fz_ws.l(printf1.o)
    0x08003270   0x08003270   0x00000004   Code   RO          972    x$fpl$printf2       fz_ws.l(printf2.o)
    0x08003274   0x08003274   0x00000000   Code   RO         1043    x$fpl$usenofp       fz_ws.l(usenofp.o)
    0x08003274   0x08003274   0x0000002c   Data   RO          214    .constdata          5.o
    0x080032a0   0x080032a0   0x00000011   Data   RO          804    .constdata          c_w.l(__printf_flags_ss_wp.o)
    0x080032b1   0x080032b1   0x00000003   PAD
    0x080032b4   0x080032b4   0x00000008   Data   RO          869    .constdata          c_w.l(_printf_wctomb.o)
    0x080032bc   0x080032bc   0x00000028   Data   RO          898    .constdata          c_w.l(_printf_hex_int_ll_ptr.o)
    0x080032e4   0x080032e4   0x0000000c   Data   RO          924    .constdata          c_w.l(_monlen.o)
    0x080032f0   0x080032f0   0x00000026   Data   RO          985    .constdata          c_w.l(_printf_fp_hex.o)
    0x08003316   0x08003316   0x00000002   PAD
    0x08003318   0x08003318   0x00000094   Data   RO         1010    .constdata          c_w.l(bigflt0.o)
    0x080033ac   0x080033ac   0x00000020   Data   RO         1118    Region$$Table       anon$$obj.o
    0x080033cc   0x080033cc   0x00000180   Data   RO          837    locale$$data        c_w.l(lc_time_c.o)
    0x0800354c   0x0800354c   0x0000001c   Data   RO         1034    locale$$data        c_w.l(lc_numeric_c.o)
    0x08003568   0x08003568   0x00000110   Data   RO         1057    locale$$data        c_w.l(lc_ctype_c.o)


    Execution Region ER_RW (Exec base: 0x20000000, Load base: 0x08003678, Size: 0x00000898, Max: 0xffffffff, ABSOLUTE, COMPRESSED[0x00000374])

    Exec Addr    Load Addr    Size         Type   Attr      Idx    E Section Name        Object

    0x20000000   COMPRESSED   0x00000448   Data   RW            5    .data               lcdstring.o
    0x20000448   COMPRESSED   0x0000044c   Data   RW          215    .data               5.o
    0x20000894   COMPRESSED   0x00000004   Data   RW          341    .data               system_mdr32f9qx.o


    Execution Region ER_ZI (Exec base: 0x20000898, Load base: 0x080039ec, Size: 0x000006c0, Max: 0xffffffff, ABSOLUTE)

    Exec Addr    Load Addr    Size         Type   Attr      Idx    E Section Name        Object

    0x20000898        -       0x00000030   Zero   RW          213    .bss                5.o
    0x200008c8        -       0x0000002c   Zero   RW          812    .bss                c_w.l(localtime.o)
    0x200008f4        -       0x00000060   Zero   RW          843    .bss                c_w.l(libspace.o)
    0x20000954   0x080039ec   0x00000004   PAD
    0x20000958        -       0x00000200   Zero   RW          330    HEAP                startup_mdr32f9qx.o
    0x20000b58        -       0x00000400   Zero   RW          329    STACK               startup_mdr32f9qx.o


==============================================================================

Image component sizes


      Code (inc. data)   RO Data    RW Data    ZI Data      Debug   Object Name

       854        138         44       1100         48      54670   5.o
       648        338          0       1096          0      55766   lcdstring.o
        88         32          0          0          0       3357   mdr32f9qx_bkp.o
       556         18          0          0          0       4222   mdr32f9qx_port.o
       468         50          0          0          0      10090   mdr32f9qx_rst_clk.o
      1646         98          0          0          0       7983   mlt_lcd.o
        64         26        192          0       1536        788   startup_mdr32f9qx.o
       224         28          0          4          0       1431   system_mdr32f9qx.o

    ----------------------------------------------------------------------
      4550        728        268       2200       1584     138307   Object Totals
         0          0         32          0          0          0   (incl. Generated)
         2          0          0          0          0          0   (incl. Padding)

    ----------------------------------------------------------------------

      Code (inc. data)   RO Data    RW Data    ZI Data      Debug   Library Member Name

        44          6          0          0          0         84   __2sprintf.o
       100          0          0          0          0          0   __dclz77c.o
         8          0          0          0          0         68   __main.o
       392          4         17          0          0         92   __printf_flags_ss_wp.o
        14          0          0          0          0         68   __printf_wp.o
         0          0          0          0          0          0   __rtentry.o
        12          0          0          0          0          0   __rtentry2.o
         6          0          0          0          0          0   __rtentry4.o
        52          8          0          0          0          0   __scatter.o
        28          0          0          0          0          0   __scatter_zi.o
         0          0         12          0          0          0   _monlen.o
         6          0          0          0          0          0   _printf_a.o
         6          0          0          0          0          0   _printf_c.o
        44          0          0          0          0        108   _printf_char.o
        48          6          0          0          0         96   _printf_char_common.o
        40          0          0          0          0         68   _printf_charcount.o
         6          0          0          0          0          0   _printf_d.o
       120         16          0          0          0         92   _printf_dec.o
         6          0          0          0          0          0   _printf_e.o
         6          0          0          0          0          0   _printf_f.o
      1054          0          0          0          0        216   _printf_fp_dec.o
       764          8         38          0          0        100   _printf_fp_hex.o
       128         16          0          0          0         84   _printf_fp_infnan.o
         6          0          0          0          0          0   _printf_g.o
       148          4         40          0          0        160   _printf_hex_int_ll_ptr.o
         6          0          0          0          0          0   _printf_i.o
       178          0          0          0          0         88   _printf_intcommon.o
        10          0          0          0          0          0   _printf_l.o
         6          0          0          0          0          0   _printf_lc.o
        10          0          0          0          0          0   _printf_ll.o
         6          0          0          0          0          0   _printf_lld.o
         6          0          0          0          0          0   _printf_lli.o
         6          0          0          0          0          0   _printf_llo.o
         6          0          0          0          0          0   _printf_llu.o
         6          0          0          0          0          0   _printf_llx.o
       124         16          0          0          0         92   _printf_longlong_dec.o
         6          0          0          0          0          0   _printf_ls.o
         6          0          0          0          0          0   _printf_n.o
         6          0          0          0          0          0   _printf_o.o
       112         10          0          0          0        124   _printf_oct_int_ll.o
         6          0          0          0          0          0   _printf_p.o
        78          0          0          0          0        108   _printf_pad.o
         0          0          0          0          0          0   _printf_percent.o
         4          0          0          0          0          0   _printf_percent_end.o
         6          0          0          0          0          0   _printf_s.o
        82          0          0          0          0         80   _printf_str.o
        36          0          0          0          0         84   _printf_truncate.o
         6          0          0          0          0          0   _printf_u.o
        44          0          0          0          0        108   _printf_wchar.o
       188          6          8          0          0         92   _printf_wctomb.o
         6          0          0          0          0          0   _printf_x.o
        10          0          0          0          0         68   _sputc.o
        64          0          0          0          0         92   _wcrtomb.o
       228          4        148          0          0         96   bigflt0.o
      1936        128          0          0          0        672   btod.o
        18          0          0          0          0         80   exit.o
         6          0          0          0          0        152   heapauxi.o
         0          0          0          0          0          0   indicate_semi.o
        44         10        272          0          0         76   lc_ctype_c.o
        44         10         28          0          0         76   lc_numeric_c.o
        44         10        384          0          0         76   lc_time_c.o
         2          0          0          0          0          0   libinit.o
        40          0          0          0          0          0   libinit2.o
         2          0          0          0          0          0   libshutdown.o
         2          0          0          0          0          0   libshutdown2.o
         8          4          0          0         96         68   libspace.o
       138          0          0          0          0         80   lludiv10.o
        12          6          0          0         44         68   localtime.o
       184          6          0          0          0         80   localtime_internal.o
        16          4          0          0          0         76   rt_ctype_table.o
         8          4          0          0          0         68   rt_locale_intlibspace.o
        78          0          0          0          0         80   rt_memclr_w.o
       100          0          0          0          0         80   rt_memcpy_w.o
         2          0          0          0          0          0   rtexit.o
        10          0          0          0          0          0   rtexit2.o
        44          6          0          0          0         84   sprintf.o
       128          0          0          0          0         68   strcmpv7m.o
       864        122          0          0          0        184   strftime.o
        12          4          0          0          0         68   sys_exit.o
        74          0          0          0          0         80   sys_stackheap_outer.o
         2          0          0          0          0         68   use_no_semi.o
         4          0          0          0          0         68   printf1.o
         4          0          0          0          0         68   printf2.o
         0          0          0          0          0          0   usenofp.o
        40          0          0          0          0         68   fpclassify.o

    ----------------------------------------------------------------------
      8174        418        952          0        144       4756   Library Totals
        18          0          5          0          4          0   (incl. Padding)

    ----------------------------------------------------------------------

      Code (inc. data)   RO Data    RW Data    ZI Data      Debug   Library Name

      8108        418        947          0        140       4552   c_w.l
         8          0          0          0          0        136   fz_ws.l
        40          0          0          0          0         68   m_ws.l

    ----------------------------------------------------------------------
      8174        418        952          0        144       4756   Library Totals

    ----------------------------------------------------------------------

==============================================================================


      Code (inc. data)   RO Data    RW Data    ZI Data      Debug   

     12724       1146       1220       2200       1728     138119   Grand Totals
     12724       1146       1220        884       1728     138119   ELF Image Totals (compressed)
     12724       1146       1220        884          0          0   ROM Totals

==============================================================================

    Total RO  Size (Code + RO Data)                13944 (  13.62kB)
    Total RW  Size (RW Data + ZI Data)              3928 (   3.84kB)
    Total ROM Size (Code + RO Data + RW Data)      14828 (  14.48kB)

==============================================================================

