Component: ARM Compiler 5.06 update 6 (build 750) Tool: armlink [4d35ed]

==============================================================================

Section Cross References

    2.o(i.CPU_Config) refers to mdr32f9qx_rst_clk.o(i.RST_CLK_HSEconfig) for RST_CLK_HSEconfig
    2.o(i.CPU_Config) refers to mdr32f9qx_rst_clk.o(i.RST_CLK_HSEstatus) for RST_CLK_HSEstatus
    2.o(i.CPU_Config) refers to mdr32f9qx_rst_clk.o(i.RST_CLK_CPU_PLLconfig) for RST_CLK_CPU_PLLconfig
    2.o(i.CPU_Config) refers to mdr32f9qx_rst_clk.o(i.RST_CLK_CPU_PLLcmd) for RST_CLK_CPU_PLLcmd
    2.o(i.CPU_Config) refers to mdr32f9qx_rst_clk.o(i.RST_CLK_CPU_PLLstatus) for RST_CLK_CPU_PLLstatus
    2.o(i.CPU_Config) refers to mdr32f9qx_rst_clk.o(i.RST_CLK_CPU_PLLuse) for RST_CLK_CPU_PLLuse
    2.o(i.CPU_Config) refers to mdr32f9qx_rst_clk.o(i.RST_CLK_CPUclkSelection) for RST_CLK_CPUclkSelection
    2.o(i.LCDPins) refers to mdr32f9qx_port.o(i.PORT_Init) for PORT_Init
    2.o(i.LCDPins) refers to 2.o(.bss) for PortStruct
    2.o(i.LCDStart) refers to mlt_lcd.o(i.LcdInit) for LcdInit
    2.o(i.LCDStart) refers to mlt_lcd.o(i.ReadStatus) for ReadStatus
    2.o(i.LCDStart) refers to mlt_lcd.o(i.DispOn) for DispOn
    2.o(i.LCDStart) refers to mlt_lcd.o(i.LcdClearChip) for LcdClearChip
    2.o(i.LedConfig) refers to mdr32f9qx_port.o(i.PORT_Init) for PORT_Init
    2.o(i.LedConfig) refers to 2.o(.bss) for LedInit
    2.o(i.SysTick_Handler) refers to mdr32f9qx_bkp.o(i.BKP_RTC_GetCounter) for BKP_RTC_GetCounter
    2.o(i.SysTick_Handler) refers to localtime.o(.text) for localtime
    2.o(i.SysTick_Handler) refers to strftime.o(.text) for strftime
    2.o(i.SysTick_Handler) refers to lcdstring.o(i.PrintString) for PrintString
    2.o(i.TimeConfig) refers to mdr32f9qx_rst_clk.o(i.RST_CLK_PCLKcmd) for RST_CLK_PCLKcmd
    2.o(i.TimeConfig) refers to mdr32f9qx_port.o(i.PORT_Init) for PORT_Init
    2.o(i.TimeConfig) refers to mdr32f9qx_rst_clk.o(i.RST_CLK_LSEconfig) for RST_CLK_LSEconfig
    2.o(i.TimeConfig) refers to mdr32f9qx_rst_clk.o(i.RST_CLK_LSEstatus) for RST_CLK_LSEstatus
    2.o(i.TimeConfig) refers to mdr32f9qx_bkp.o(i.BKP_RTC_WaitForUpdate) for BKP_RTC_WaitForUpdate
    2.o(i.TimeConfig) refers to mdr32f9qx_bkp.o(i.BKP_RTCclkSource) for BKP_RTCclkSource
    2.o(i.TimeConfig) refers to mdr32f9qx_bkp.o(i.BKP_RTC_SetPrescaler) for BKP_RTC_SetPrescaler
    2.o(i.TimeConfig) refers to mdr32f9qx_bkp.o(i.BKP_RTC_Enable) for BKP_RTC_Enable
    2.o(i.changeLedStatus) refers to mdr32f9qx_port.o(i.PORT_ReadInputDataBit) for PORT_ReadInputDataBit
    2.o(i.changeLedStatus) refers to mdr32f9qx_port.o(i.PORT_ResetBits) for PORT_ResetBits
    2.o(i.changeLedStatus) refers to mdr32f9qx_port.o(i.PORT_SetBits) for PORT_SetBits
    2.o(i.main) refers to mdr32f9qx_rst_clk.o(i.RST_CLK_PCLKcmd) for RST_CLK_PCLKcmd
    2.o(i.main) refers to 2.o(i.CPU_Config) for CPU_Config
    2.o(i.main) refers to 2.o(i.LedConfig) for LedConfig
    2.o(i.main) refers to 2.o(i.LCDPins) for LCDPins
    2.o(i.main) refers to 2.o(i.LCDStart) for LCDStart
    2.o(i.main) refers to 2.o(i.TimeConfig) for TimeConfig
    2.o(i.main) refers to 2.o(i.IntConfig) for IntConfig
    2.o(i.setPixels) refers to mlt_lcd.o(i.SetPage) for SetPage
    2.o(i.setPixels) refers to mlt_lcd.o(i.SetAdress) for SetAdress
    2.o(i.setPixels) refers to mlt_lcd.o(i.ReadData) for ReadData
    2.o(i.setPixels) refers to mlt_lcd.o(i.WriteData) for WriteData
    lcdstring.o(i.PrintString) refers to mlt_lcd.o(i.LcdPutChar) for LcdPutChar
    lcdstring.o(i.PrintString) refers to lcdstring.o(.data) for dig_0
    mlt_lcd.o(i.DispOff) refers to mdr32f9qx_port.o(i.PORT_SetBits) for PORT_SetBits
    mlt_lcd.o(i.DispOff) refers to mdr32f9qx_port.o(i.PORT_ResetBits) for PORT_ResetBits
    mlt_lcd.o(i.DispOff) refers to mlt_lcd.o(i.MltDelay) for MltDelay
    mlt_lcd.o(i.DispOff) refers to mlt_lcd.o(i.SetDataBits) for SetDataBits
    mlt_lcd.o(i.DispOn) refers to mdr32f9qx_port.o(i.PORT_SetBits) for PORT_SetBits
    mlt_lcd.o(i.DispOn) refers to mdr32f9qx_port.o(i.PORT_ResetBits) for PORT_ResetBits
    mlt_lcd.o(i.DispOn) refers to mlt_lcd.o(i.MltDelay) for MltDelay
    mlt_lcd.o(i.DispOn) refers to mlt_lcd.o(i.SetDataBits) for SetDataBits
    mlt_lcd.o(i.LcdClearChip) refers to mlt_lcd.o(i.LcdClearPage) for LcdClearPage
    mlt_lcd.o(i.LcdClearPage) refers to mlt_lcd.o(i.SetPage) for SetPage
    mlt_lcd.o(i.LcdClearPage) refers to mlt_lcd.o(i.SetAdress) for SetAdress
    mlt_lcd.o(i.LcdClearPage) refers to mlt_lcd.o(i.ReadStatus) for ReadStatus
    mlt_lcd.o(i.LcdClearPage) refers to mlt_lcd.o(i.WriteData) for WriteData
    mlt_lcd.o(i.LcdInit) refers to mdr32f9qx_port.o(i.PORT_ResetBits) for PORT_ResetBits
    mlt_lcd.o(i.LcdInit) refers to mlt_lcd.o(i.MltDelay) for MltDelay
    mlt_lcd.o(i.LcdInit) refers to mdr32f9qx_port.o(i.PORT_SetBits) for PORT_SetBits
    mlt_lcd.o(i.LcdInit) refers to mlt_lcd.o(i.ReadStatus) for ReadStatus
    mlt_lcd.o(i.LcdPutChar) refers to mlt_lcd.o(i.SetPage) for SetPage
[...]
    .ARM.Collect$$_printf_percent$$00000012  0x080001e6   Section       10  _printf_l.o(.ARM.Collect$$_printf_percent$$00000012)
    .ARM.Collect$$_printf_percent$$00000013  0x080001f0   Section        6  _printf_c.o(.ARM.Collect$$_printf_percent$$00000013)
    .ARM.Collect$$_printf_percent$$00000014  0x080001f6   Section        6  _printf_s.o(.ARM.Collect$$_printf_percent$$00000014)
    .ARM.Collect$$_printf_percent$$00000015  0x080001fc   Section        6  _printf_lc.o(.ARM.Collect$$_printf_percent$$00000015)
    .ARM.Collect$$_printf_percent$$00000016  0x08000202   Section        6  _printf_ls.o(.ARM.Collect$$_printf_percent$$00000016)
    .ARM.Collect$$_printf_percent$$00000017  0x08000208   Section        4  _printf_percent_end.o(.ARM.Collect$$_printf_percent$$00000017)
    .ARM.Collect$$libinit$$00000000          0x0800020c   Section        2  libinit.o(.ARM.Collect$$libinit$$00000000)
    .ARM.Collect$$libinit$$00000002          0x0800020e   Section        0  libinit2.o(.ARM.Collect$$libinit$$00000002)
    .ARM.Collect$$libinit$$00000004          0x0800020e   Section        0  libinit2.o(.ARM.Collect$$libinit$$00000004)
    .ARM.Collect$$libinit$$0000000A          0x0800020e   Section        0  libinit2.o(.ARM.Collect$$libinit$$0000000A)
    .ARM.Collect$$libinit$$0000000C          0x0800020e   Section        0  libinit2.o(.ARM.Collect$$libinit$$0000000C)
    .ARM.Collect$$libinit$$0000000E          0x0800020e   Section        0  libinit2.o(.ARM.Collect$$libinit$$0000000E)
    .ARM.Collect$$libinit$$0000000F          0x0800020e   Section        6  libinit2.o(.ARM.Collect$$libinit$$0000000F)
    .ARM.Collect$$libinit$$00000011          0x08000214   Section        0  libinit2.o(.ARM.Collect$$libinit$$00000011)
    .ARM.Collect$$libinit$$00000012          0x08000214   Section       12  libinit2.o(.ARM.Collect$$libinit$$00000012)
    .ARM.Collect$$libinit$$00000013          0x08000220   Section        0  libinit2.o(.ARM.Collect$$libinit$$00000013)
    .ARM.Collect$$libinit$$00000015          0x08000220   Section        0  libinit2.o(.ARM.Collect$$libinit$$00000015)
    .ARM.Collect$$libinit$$00000016          0x08000220   Section       10  libinit2.o(.ARM.Collect$$libinit$$00000016)
    .ARM.Collect$$libinit$$00000017          0x0800022a   Section        0  libinit2.o(.ARM.Collect$$libinit$$00000017)
    .ARM.Collect$$libinit$$00000018          0x0800022a   Section       10  libinit2.o(.ARM.Collect$$libinit$$00000018)
    .ARM.Collect$$libinit$$00000019          0x08000234   Section        0  libinit2.o(.ARM.Collect$$libinit$$00000019)
    .ARM.Collect$$libinit$$0000001B          0x08000234   Section        0  libinit2.o(.ARM.Collect$$libinit$$0000001B)
    .ARM.Collect$$libinit$$0000001D          0x08000234   Section        0  libinit2.o(.ARM.Collect$$libinit$$0000001D)
    .ARM.Collect$$libinit$$0000001F          0x08000234   Section        0  libinit2.o(.ARM.Collect$$libinit$$0000001F)
    .ARM.Collect$$libinit$$00000021          0x08000234   Section        0  libinit2.o(.ARM.Collect$$libinit$$00000021)
    .ARM.Collect$$libinit$$00000023          0x08000234   Section        0  libinit2.o(.ARM.Collect$$libinit$$00000023)
    .ARM.Collect$$libinit$$00000025          0x08000234   Section        0  libinit2.o(.ARM.Collect$$libinit$$00000025)
    .ARM.Collect$$libinit$$0000002C          0x08000234   Section        0  libinit2.o(.ARM.Collect$$libinit$$0000002C)
    .ARM.Collect$$libinit$$0000002E          0x08000234   Section        0  libinit2.o(.ARM.Collect$$libinit$$0000002E)
    .ARM.Collect$$libinit$$00000030          0x08000234   Section        0  libinit2.o(.ARM.Collect$$libinit$$00000030)
    .ARM.Collect$$libinit$$00000032          0x08000234   Section        0  libinit2.o(.ARM.Collect$$libinit$$00000032)
    .ARM.Collect$$libinit$$00000033          0x08000234   Section        2  libinit2.o(.ARM.Collect$$libinit$$00000033)
    .ARM.Collect$$libshutdown$$00000000      0x08000236   Section        2  libshutdown.o(.ARM.Collect$$libshutdown$$00000000)
    .ARM.Collect$$libshutdown$$00000002      0x08000238   Section        0  libshutdown2.o(.ARM.Collect$$libshutdown$$00000002)
    .ARM.Collect$$libshutdown$$00000004      0x08000238   Section        0  libshutdown2.o(.ARM.Collect$$libshutdown$$00000004)
    .ARM.Collect$$libshutdown$$00000007      0x08000238   Section        0  libshutdown2.o(.ARM.Collect$$libshutdown$$00000007)
    .ARM.Collect$$libshutdown$$0000000A      0x08000238   Section        0  libshutdown2.o(.ARM.Collect$$libshutdown$$0000000A)
    .ARM.Collect$$libshutdown$$0000000C      0x08000238   Section        0  libshutdown2.o(.ARM.Collect$$libshutdown$$0000000C)
    .ARM.Collect$$libshutdown$$0000000F      0x08000238   Section        0  libshutdown2.o(.ARM.Collect$$libshutdown$$0000000F)
    .ARM.Collect$$libshutdown$$00000010      0x08000238   Section        2  libshutdown2.o(.ARM.Collect$$libshutdown$$00000010)
    .ARM.Collect$$rtentry$$00000000          0x0800023a   Section        0  __rtentry.o(.ARM.Collect$$rtentry$$00000000)
    .ARM.Collect$$rtentry$$00000002          0x0800023a   Section        0  __rtentry2.o(.ARM.Collect$$rtentry$$00000002)
    .ARM.Collect$$rtentry$$00000004          0x0800023a   Section        6  __rtentry4.o(.ARM.Collect$$rtentry$$00000004)
    .ARM.Collect$$rtentry$$00000009          0x08000240   Section        0  __rtentry2.o(.ARM.Collect$$rtentry$$00000009)
    .ARM.Collect$$rtentry$$0000000A          0x08000240   Section        4  __rtentry2.o(.ARM.Collect$$rtentry$$0000000A)
    .ARM.Collect$$rtentry$$0000000C          0x08000244   Section        0  __rtentry2.o(.ARM.Collect$$rtentry$$0000000C)
    .ARM.Collect$$rtentry$$0000000D          0x08000244   Section        8  __rtentry2.o(.ARM.Collect$$rtentry$$0000000D)
    .ARM.Collect$$rtexit$$00000000           0x0800024c   Section        2  rtexit.o(.ARM.Collect$$rtexit$$00000000)
    .ARM.Collect$$rtexit$$00000002           0x0800024e   Section        0  rtexit2.o(.ARM.Collect$$rtexit$$00000002)
    .ARM.Collect$$rtexit$$00000003           0x0800024e   Section        4  rtexit2.o(.ARM.Collect$$rtexit$$00000003)
    .ARM.Collect$$rtexit$$00000004           0x08000252   Section        6  rtexit2.o(.ARM.Collect$$rtexit$$00000004)
    .text                                    0x08000258   Section       64  startup_mdr32f9qx.o(.text)
    .text                                    0x08000298   Section        0  localtime.o(.text)
    .text                                    0x080002a4   Section        0  strftime.o(.text)
    _isoweek                                 0x080002a5   Thumb Code    64  strftime.o(.text)
    _findweek                                0x0800055f   Thumb Code    24  strftime.o(.text)
    _yeardays                                0x08000577   Thumb Code    42  strftime.o(.text)
    _weekbasedyear                           0x080005a1   Thumb Code    24  strftime.o(.text)
    .text                                    0x08000604   Section        0  heapauxi.o(.text)
    .text                                    0x0800060c   Section        8  rt_locale_intlibspace.o(.text)
    .text                                    0x08000614   Section        0  sprintf.o(.text)
    .text                                    0x08000640   Section        0  localtime_internal.o(.text)
    .text                                    0x080006f8   Section        8  libspace.o(.text)
    .text                                    0x08000700   Section        0  _printf_pad.o(.text)
    .text                                    0x0800074e   Section        0  _printf_truncate.o(.text)
    .text                                    0x08000772   Section        0  _printf_str.o(.text)
    .text                                    0x080007c4   Section        0  _printf_dec.o(.text)
    .text                                    0x0800083c   Section        0  _printf_charcount.o(.text)
    .text                                    0x08000864   Section        0  _printf_char_common.o(.text)
    _printf_input_char                       0x08000865   Thumb Code    10  _printf_char_common.o(.text)
    .text                                    0x08000894   Section        0  _sputc.o(.text)
    .text                                    0x080008a0   Section        0  _printf_wctomb.o(.text)
    .text                                    0x0800095c   Section        0  _printf_longlong_dec.o(.text)
    .text                                    0x080009d8   Section        0  _printf_oct_int_ll.o(.text)
    _printf_longlong_oct_internal            0x080009d9   Thumb Code     0  _printf_oct_int_ll.o(.text)
    .text                                    0x08000a48   Section        0  _printf_hex_int_ll_ptr.o(.text)
    _printf_hex_common                       0x08000a49   Thumb Code     0  _printf_hex_int_ll_ptr.o(.text)
    .text                                    0x08000adc   Section        0  __printf_flags_ss_wp.o(.text)
    .text                                    0x08000c64   Section       78  rt_memclr_w.o(.text)
    .text                                    0x08000cb4   Section      128  strcmpv7m.o(.text)
    .text                                    0x08000d34   Section       74  sys_stackheap_outer.o(.text)
    .text                                    0x08000d7e   Section      138  lludiv10.o(.text)
    .text                                    0x08000e08   Section        0  _printf_intcommon.o(.text)
    .text                                    0x08000eba   Section        0  _printf_fp_dec.o(.text)
    _fp_digits                               0x08000ebd   Thumb Code   432  _printf_fp_dec.o(.text)
    .text                                    0x080012d8   Section        0  _printf_fp_hex.o(.text)
    .text                                    0x080015d4   Section        0  _printf_char.o(.text)
    .text                                    0x08001600   Section        0  _printf_wchar.o(.text)
    .text                                    0x0800162c   Section        0  _wcrtomb.o(.text)
    .text                                    0x0800166c   Section        0  exit.o(.text)
    .text                                    0x08001680   Section       16  rt_ctype_table.o(.text)
    .text                                    0x08001690   Section        0  _printf_fp_infnan.o(.text)
    .text                                    0x08001710   Section        0  bigflt0.o(.text)
    .text                                    0x080017f4   Section        0  sys_exit.o(.text)
    .text                                    0x08001800   Section        2  use_no_semi.o(.text)
    .text                                    0x08001802   Section        0  indicate_semi.o(.text)
    CL$$btod_d2e                             0x08001802   Section       62  btod.o(CL$$btod_d2e)
    CL$$btod_d2e_denorm_low                  0x08001840   Section       70  btod.o(CL$$btod_d2e_denorm_low)
    CL$$btod_d2e_norm_op1                    0x08001886   Section       96  btod.o(CL$$btod_d2e_norm_op1)
    CL$$btod_div_common                      0x080018e6   Section      824  btod.o(CL$$btod_div_common)
    CL$$btod_e2e                             0x08001c1e   Section      220  btod.o(CL$$btod_e2e)
    CL$$btod_ediv                            0x08001cfa   Section       42  btod.o(CL$$btod_ediv)
    CL$$btod_emul                            0x08001d24   Section       42  btod.o(CL$$btod_emul)
    CL$$btod_mult_common                     0x08001d4e   Section      580  btod.o(CL$$btod_mult_common)
    i.BKP_RTC_Enable                         0x08001f94   Section        0  mdr32f9qx_bkp.o(i.BKP_RTC_Enable)
    i.BKP_RTC_GetCounter                     0x08001fa0   Section        0  mdr32f9qx_bkp.o(i.BKP_RTC_GetCounter)
    i.BKP_RTC_SetPrescaler                   0x08001fac   Section        0  mdr32f9qx_bkp.o(i.BKP_RTC_SetPrescaler)
    i.BKP_RTC_WaitForUpdate                  0x08001fb8   Section        0  mdr32f9qx_bkp.o(i.BKP_RTC_WaitForUpdate)
    i.BKP_RTCclkSource                       0x08001fc8   Section        0  mdr32f9qx_bkp.o(i.BKP_RTCclkSource)
    i.CPU_Config                             0x08001fe0   Section        0  2.o(i.CPU_Config)
    i.DispOn                                 0x08002018   Section        0  mlt_lcd.o(i.DispOn)
    i.IntConfig                              0x080020e4   Section        0  2.o(i.IntConfig)
    i.LCDPins                                0x08002158   Section        0  2.o(i.LCDPins)
    i.LCDStart                               0x080021b4   Section        0  2.o(i.LCDStart)
    i.LcdClearChip                           0x080021f8   Section        0  mlt_lcd.o(i.LcdClearChip)
    i.LcdClearPage                           0x08002210   Section        0  mlt_lcd.o(i.LcdClearPage)
    i.LcdInit                                0x08002250   Section        0  mlt_lcd.o(i.LcdInit)
    i.LcdPutChar                             0x08002290   Section        0  mlt_lcd.o(i.LcdPutChar)
    i.LedConfig                              0x080022f8   Section        0  2.o(i.LedConfig)
    i.MltDelay                               0x0800231c   Section        0  mlt_lcd.o(i.MltDelay)
    i.PORT_Init                              0x08002328   Section        0  mdr32f9qx_port.o(i.PORT_Init)
    i.PORT_ResetBits                         0x080024f0   Section        0  mdr32f9qx_port.o(i.PORT_ResetBits)
    i.PORT_SetBits                           0x0800250c   Section        0  mdr32f9qx_port.o(i.PORT_SetBits)
    i.PrintString                            0x08002528   Section        0  lcdstring.o(i.PrintString)
    i.RST_CLK_CPU_PLLcmd                     0x080027b0   Section        0  mdr32f9qx_rst_clk.o(i.RST_CLK_CPU_PLLcmd)
    i.RST_CLK_CPU_PLLconfig                  0x080027bc   Section        0  mdr32f9qx_rst_clk.o(i.RST_CLK_CPU_PLLconfig)
    i.RST_CLK_CPU_PLLstatus                  0x080027fc   Section        0  mdr32f9qx_rst_clk.o(i.RST_CLK_CPU_PLLstatus)
    i.RST_CLK_CPU_PLLuse                     0x08002830   Section        0  mdr32f9qx_rst_clk.o(i.RST_CLK_CPU_PLLuse)
    i.RST_CLK_CPUclkSelection                0x0800283c   Section        0  mdr32f9qx_rst_clk.o(i.RST_CLK_CPUclkSelection)
    i.RST_CLK_GetFlagStatus                  0x08002850   Section        0  mdr32f9qx_rst_clk.o(i.RST_CLK_GetFlagStatus)
    i.RST_CLK_HSEconfig                      0x08002884   Section        0  mdr32f9qx_rst_clk.o(i.RST_CLK_HSEconfig)
    i.RST_CLK_HSEstatus                      0x080028c0   Section        0  mdr32f9qx_rst_clk.o(i.RST_CLK_HSEstatus)
    i.RST_CLK_LSEconfig                      0x080028f4   Section        0  mdr32f9qx_rst_clk.o(i.RST_CLK_LSEconfig)
    i.RST_CLK_LSEstatus                      0x08002930   Section        0  mdr32f9qx_rst_clk.o(i.RST_CLK_LSEstatus)
    i.RST_CLK_PCLKcmd                        0x08002964   Section        0  mdr32f9qx_rst_clk.o(i.RST_CLK_PCLKcmd)
    i.ReadStatus                             0x08002984   Section        0  mlt_lcd.o(i.ReadStatus)
    i.SetAdress                              0x08002a4c   Section        0  mlt_lcd.o(i.SetAdress)
    i.SetDataBits                            0x08002b1c   Section        0  mlt_lcd.o(i.SetDataBits)
    i.SetPage                                0x08002b60   Section        0  mlt_lcd.o(i.SetPage)
    i.SysTick_Handler                        0x08002c30   Section        0  2.o(i.SysTick_Handler)
    i.SystemCoreClockUpdate                  0x08002c78   Section        0  system_mdr32f9qx.o(i.SystemCoreClockUpdate)
    i.SystemInit                             0x08002d08   Section        0  system_mdr32f9qx.o(i.SystemInit)
    i.TimeConfig                             0x08002d58   Section        0  2.o(i.TimeConfig)
    i.WriteData                              0x08002db0   Section        0  mlt_lcd.o(i.WriteData)
    i.__ARM_fpclassify                       0x08002e80   Section        0  fpclassify.o(i.__ARM_fpclassify)
    i._is_digit                              0x08002ea8   Section        0  __printf_wp.o(i._is_digit)
    i.main                                   0x08002eb6   Section        0  2.o(i.main)
    locale$$code                             0x08002ef4   Section       44  lc_time_c.o(locale$$code)
    locale$$code                             0x08002f20   Section       44  lc_numeric_c.o(locale$$code)
    locale$$code                             0x08002f4c   Section       44  lc_ctype_c.o(locale$$code)
    x$fpl$printf1                            0x08002f78   Section        4  printf1.o(x$fpl$printf1)
    x$fpl$printf2                            0x08002f7c   Section        4  printf2.o(x$fpl$printf2)
    .constdata                               0x08002f80   Section        8  _printf_wctomb.o(.constdata)
    x$fpl$usenofp                            0x08002f80   Section        0  usenofp.o(x$fpl$usenofp)
    initial_mbstate                          0x08002f80   Data           8  _printf_wctomb.o(.constdata)
    .constdata                               0x08002f88   Section       40  _printf_hex_int_ll_ptr.o(.constdata)
    uc_hextab                                0x08002f88   Data          20  _printf_hex_int_ll_ptr.o(.constdata)
    lc_hextab                                0x08002f9c   Data          20  _printf_hex_int_ll_ptr.o(.constdata)
    .constdata                               0x08002fb0   Section       17  __printf_flags_ss_wp.o(.constdata)
    maptable                                 0x08002fb0   Data          17  __printf_flags_ss_wp.o(.constdata)
    .constdata                               0x08002fc1   Section       12  _monlen.o(.constdata)
    .constdata                               0x08002fcd   Section       38  _printf_fp_hex.o(.constdata)
    lc_hextab                                0x08002fcd   Data          19  _printf_fp_hex.o(.constdata)
    uc_hextab                                0x08002fe0   Data          19  _printf_fp_hex.o(.constdata)
    .constdata                               0x08002ff4   Section      148  bigflt0.o(.constdata)
    tenpwrs_x                                0x08002ff4   Data          60  bigflt0.o(.constdata)
    tenpwrs_i                                0x08003030   Data          64  bigflt0.o(.constdata)
    locale$$data                             0x080030a8   Section      384  lc_time_c.o(locale$$data)
    __lctime_c_name                          0x080030ac   Data           2  lc_time_c.o(locale$$data)
    __lctime_c_start                         0x080030b4   Data           0  lc_time_c.o(locale$$data)
    __lctime_c_week_short                    0x080030ec   Data           0  lc_time_c.o(locale$$data)
    __lctime_c_week_long                     0x08003108   Data           0  lc_time_c.o(locale$$data)
    __lctime_c_month_short                   0x0800314d   Data           0  lc_time_c.o(locale$$data)
    __lctime_c_month_long                    0x0800317d   Data           0  lc_time_c.o(locale$$data)
    __lctime_c_am                            0x080031f4   Data           0  lc_time_c.o(locale$$data)
    __lctime_c_pm                            0x080031f7   Data           0  lc_time_c.o(locale$$data)
    __lctime_c_datetime                      0x080031fa   Data           0  lc_time_c.o(locale$$data)
    __lctime_c_date                          0x08003209   Data           0  lc_time_c.o(locale$$data)
    __lctime_c_time                          0x08003212   Data           0  lc_time_c.o(locale$$data)
    __lctime_c_12hrtime                      0x0800321b   Data           0  lc_time_c.o(locale$$data)
    locale$$data                             0x08003228   Section       28  lc_numeric_c.o(locale$$data)
    __lctime_c_end                           0x08003228   Data           0  lc_time_c.o(locale$$data)
    __lcnum_c_name                           0x0800322c   Data           2  lc_numeric_c.o(locale$$data)
    __lcnum_c_start                          0x08003234   Data           0  lc_numeric_c.o(locale$$data)
    __lcnum_c_point                          0x08003240   Data           0  lc_numeric_c.o(locale$$data)
    __lcnum_c_thousands                      0x08003242   Data           0  lc_numeric_c.o(locale$$data)
    __lcnum_c_grouping                       0x08003243   Data           0  lc_numeric_c.o(locale$$data)
    locale$$data                             0x08003244   Section      272  lc_ctype_c.o(locale$$data)
    __lcnum_c_end                            0x08003244   Data           0  lc_numeric_c.o(locale$$data)
    __lcctype_c_name                         0x08003248   Data           2  lc_ctype_c.o(locale$$data)
    __lcctype_c_start                        0x08003250   Data           0  lc_ctype_c.o(locale$$data)
    __lcctype_c_end                          0x08003354   Data           0  lc_ctype_c.o(locale$$data)
    .data                                    0x20000000   Section     1096  lcdstring.o(.data)
    dig_0                                    0x20000000   Data           8  lcdstring.o(.data)
    dig_1                                    0x20000008   Data           8  lcdstring.o(.data)
    dig_2                                    0x20000010   Data           8  lcdstring.o(.data)
    dig_3                                    0x20000018   Data           8  lcdstring.o(.data)
    dig_4                                    0x20000020   Data           8  lcdstring.o(.data)
    dig_5                                    0x20000028   Data           8  lcdstring.o(.data)
    dig_6                                    0x20000030   Data           8  lcdstring.o(.data)
    dig_7                                    0x20000038   Data           8  lcdstring.o(.data)
    dig_8                                    0x20000040   Data           8  lcdstring.o(.data)
    dig_9                                    0x20000048   Data           8  lcdstring.o(.data)
    lat_A                                    0x20000050   Data           8  lcdstring.o(.data)
    lat_B                                    0x20000058   Data           8  lcdstring.o(.data)
    lat_C                                    0x20000060   Data           8  lcdstring.o(.data)
    lat_D                                    0x20000068   Data           8  lcdstring.o(.data)
    lat_E                                    0x20000070   Data           8  lcdstring.o(.data)
    lat_F                                    0x20000078   Data           8  lcdstring.o(.data)
    lat_G                                    0x20000080   Data           8  lcdstring.o(.data)
    lat_H                                    0x20000088   Data           8  lcdstring.o(.data)
    lat_I                                    0x20000090   Data           8  lcdstring.o(.data)
    lat_J                                    0x20000098   Data           8  lcdstring.o(.data)
    lat_K                                    0x200000a0   Data           8  lcdstring.o(.data)
    lat_L                                    0x200000a8   Data           8  lcdstring.o(.data)
    lat_M                                    0x200000b0   Data           8  lcdstring.o(.data)
    lat_N                                    0x200000b8   Data           8  lcdstring.o(.data)
    lat_O                                    0x200000c0   Data           8  lcdstring.o(.data)
    lat_P                                    0x200000c8   Data           8  lcdstring.o(.data)
    lat_Q                                    0x200000d0   Data           8  lcdstring.o(.data)
    lat_R                                    0x200000d8   Data           8  lcdstring.o(.data)
    lat_S                                    0x200000e0   Data           8  lcdstring.o(.data)
    lat_T                                    0x200000e8   Data           8  lcdstring.o(.data)
    lat_U                                    0x200000f0   Data           8  lcdstring.o(.data)
    lat_V                                    0x200000f8   Data           8  lcdstring.o(.data)
    lat_W                                    0x20000100   Data           8  lcdstring.o(.data)
    lat_X                                    0x20000108   Data           8  lcdstring.o(.data)
    lat_Y                                    0x20000110   Data           8  lcdstring.o(.data)
    lat_Z                                    0x20000118   Data           8  lcdstring.o(.data)
    lat_a                                    0x20000120   Data           8  lcdstring.o(.data)
    lat_b                                    0x20000128   Data           8  lcdstring.o(.data)
    lat_c                                    0x20000130   Data           8  lcdstring.o(.data)
    lat_d                                    0x20000138   Data           8  lcdstring.o(.data)
    lat_e                                    0x20000140   Data           8  lcdstring.o(.data)
    lat_f                                    0x20000148   Data           8  lcdstring.o(.data)
    lat_g                                    0x20000150   Data           8  lcdstring.o(.data)
    lat_h                                    0x20000158   Data           8  lcdstring.o(.data)
    lat_i                                    0x20000160   Data           8  lcdstring.o(.data)
    lat_j                                    0x20000168   Data           8  lcdstring.o(.data)
    lat_k                                    0x20000170   Data           8  lcdstring.o(.data)
    lat_l                                    0x20000178   Data           8  lcdstring.o(.data)
    lat_m                                    0x20000180   Data           8  lcdstring.o(.data)
    lat_n                                    0x20000188   Data           8  lcdstring.o(.data)
    lat_o                                    0x20000190   Data           8  lcdstring.o(.data)
    lat_p                                    0x20000198   Data           8  lcdstring.o(.data)
    lat_q                                    0x200001a0   Data           8  lcdstring.o(.data)
    lat_r                                    0x200001a8   Data           8  lcdstring.o(.data)
    lat_s                                    0x200001b0   Data           8  lcdstring.o(.data)
    lat_t                                    0x200001b8   Data           8  lcdstring.o(.data)
    lat_u                                    0x200001c0   Data           8  lcdstring.o(.data)
    lat_v                                    0x200001c8   Data           8  lcdstring.o(.data)
    lat_w                                    0x200001d0   Data           8  lcdstring.o(.data)
    lat_x                                    0x200001d8   Data           8  lcdstring.o(.data)
    lat_y                                    0x200001e0   Data           8  lcdstring.o(.data)
    lat_z                                    0x200001e8   Data           8  lcdstring.o(.data)
    cyr_A                                    0x200001f0   Data           8  lcdstring.o(.data)
    cyr_B                                    0x200001f8   Data           8  lcdstring.o(.data)
    cyr_V                                    0x20000200   Data           8  lcdstring.o(.data)
    cyr_G                                    0x20000208   Data           8  lcdstring.o(.data)
    cyr_D                                    0x20000210   Data           8  lcdstring.o(.data)
    cyr_E                                    0x20000218   Data           8  lcdstring.o(.data)
    cyr_JO                                   0x20000220   Data           8  lcdstring.o(.data)
    cyr_ZH                                   0x20000228   Data           8  lcdstring.o(.data)
    cyr_Z                                    0x20000230   Data           8  lcdstring.o(.data)
    cyr_I                                    0x20000238   Data           8  lcdstring.o(.data)
    cyr_JJ                                   0x20000240   Data           8  lcdstring.o(.data)
    cyr_K                                    0x20000248   Data           8  lcdstring.o(.data)
    cyr_L                                    0x20000250   Data           8  lcdstring.o(.data)
    cyr_M                                    0x20000258   Data           8  lcdstring.o(.data)
    cyr_N                                    0x20000260   Data           8  lcdstring.o(.data)
    cyr_O                                    0x20000268   Data           8  lcdstring.o(.data)
    cyr_P                                    0x20000270   Data           8  lcdstring.o(.data)
    cyr_R                                    0x20000278   Data           8  lcdstring.o(.data)
    cyr_S                                    0x20000280   Data           8  lcdstring.o(.data)
    cyr_T                                    0x20000288   Data           8  lcdstring.o(.data)
    cyr_U                                    0x20000290   Data           8  lcdstring.o(.data)
    cyr_F                                    0x20000298   Data           8  lcdstring.o(.data)
    cyr_KH                                   0x200002a0   Data           8  lcdstring.o(.data)
    cyr_C                                    0x200002a8   Data           8  lcdstring.o(.data)
    cyr_CH                                   0x200002b0   Data           8  lcdstring.o(.data)
    cyr_SH                                   0x200002b8   Data           8  lcdstring.o(.data)
    cyr_SHH                                  0x200002c0   Data           8  lcdstring.o(.data)
    cyr_TZ                                   0x200002c8   Data           8  lcdstring.o(.data)
    cyr_Y                                    0x200002d0   Data           8  lcdstring.o(.data)
    cyr_MZ                                   0x200002d8   Data           8  lcdstring.o(.data)
    cyr_EH                                   0x200002e0   Data           8  lcdstring.o(.data)
    cyr_YU                                   0x200002e8   Data           8  lcdstring.o(.data)
    cyr_YA                                   0x200002f0   Data           8  lcdstring.o(.data)
    cyr_a                                    0x200002f8   Data           8  lcdstring.o(.data)
    cyr_b                                    0x20000300   Data           8  lcdstring.o(.data)
    cyr_v                                    0x20000308   Data           8  lcdstring.o(.data)
    cyr_g                                    0x20000310   Data           8  lcdstring.o(.data)
    cyr_d                                    0x20000318   Data           8  lcdstring.o(.data)
    cyr_e                                    0x20000320   Data           8  lcdstring.o(.data)
    cyr_jo                                   0x20000328   Data           8  lcdstring.o(.data)
    cyr_zh                                   0x20000330   Data           8  lcdstring.o(.data)
    cyr_z                                    0x20000338   Data           8  lcdstring.o(.data)
    cyr_i                                    0x20000340   Data           8  lcdstring.o(.data)
    cyr_jj                                   0x20000348   Data           8  lcdstring.o(.data)
    cyr_k                                    0x20000350   Data           8  lcdstring.o(.data)
    cyr_l                                    0x20000358   Data           8  lcdstring.o(.data)
    cyr_m                                    0x20000360   Data           8  lcdstring.o(.data)
    cyr_n                                    0x20000368   Data           8  lcdstring.o(.data)
    cyr_o                                    0x20000370   Data           8  lcdstring.o(.data)
    cyr_p                                    0x20000378   Data           8  lcdstring.o(.data)
    cyr_r                                    0x20000380   Data           8  lcdstring.o(.data)
    cyr_s                                    0x20000388   Data           8  lcdstring.o(.data)
    cyr_t                                    0x20000390   Data           8  lcdstring.o(.data)
    cyr_u                                    0x20000398   Data           8  lcdstring.o(.data)
    cyr_f                                    0x200003a0   Data           8  lcdstring.o(.data)
    cyr_kh                                   0x200003a8   Data           8  lcdstring.o(.data)
    cyr_c                                    0x200003b0   Data           8  lcdstring.o(.data)
    cyr_ch                                   0x200003b8   Data           8  lcdstring.o(.data)
    cyr_sh                                   0x200003c0   Data           8  lcdstring.o(.data)
    cyr_shh                                  0x200003c8   Data           8  lcdstring.o(.data)
    cyr_tz                                   0x200003d0   Data           8  lcdstring.o(.data)
    cyr_y                                    0x200003d8   Data           8  lcdstring.o(.data)
    cyr_mz                                   0x200003e0   Data           8  lcdstring.o(.data)
    cyr_eh                                   0x200003e8   Data           8  lcdstring.o(.data)
    cyr_yu                                   0x200003f0   Data           8  lcdstring.o(.data)
    cyr_ya                                   0x200003f8   Data           8  lcdstring.o(.data)
    sym_sp                                   0x20000400   Data           8  lcdstring.o(.data)
    sym_pt                                   0x20000408   Data           8  lcdstring.o(.data)
    sym_lcm                                  0x20000410   Data           8  lcdstring.o(.data)
    sym_rcm                                  0x20000418   Data           8  lcdstring.o(.data)
    cursor                                   0x20000420   Data           8  lcdstring.o(.data)
    icon_mil                                 0x20000428   Data          32  lcdstring.o(.data)
    .data                                    0x20000448   Section        4  system_mdr32f9qx.o(.data)
    .bss                                     0x2000044c   Section       36  2.o(.bss)
    LedInit                                  0x2000044c   Data          12  2.o(.bss)
    InputInit                                0x20000458   Data          12  2.o(.bss)
    .bss                                     0x20000470   Section       44  localtime.o(.bss)
    _tms                                     0x20000470   Data          44  localtime.o(.bss)
    .bss                                     0x2000049c   Section       96  libspace.o(.bss)
    HEAP                                     0x20000500   Section      512  startup_mdr32f9qx.o(HEAP)
    Heap_Mem                                 0x20000500   Data         512  startup_mdr32f9qx.o(HEAP)
    STACK                                    0x20000700   Section     1024  startup_mdr32f9qx.o(STACK)
    Stack_Mem                                0x20000700   Data        1024  startup_mdr32f9qx.o(STACK)
    __initial_sp                             0x20000b00   Data           0  startup_mdr32f9qx.o(STACK)

    Global Symbols

    Symbol Name                              Value     Ov Type        Size  Object(Section)

    BuildAttributes$$THM_ISAv4$P$D$K$B$S$PE$A:L22UL41UL21$X:L11$S22US41US21$IEEE1$IW$USESV6$~STKCKD$USESV7$~SHL$OTIME$ROPI$IEEEJ$EBA8$UX$STANDARDLIB$REQ8$PRES8$EABIv2 0x00000000   Number         0  anon$$obj.o ABSOLUTE
    __ARM_use_no_argv                        0x00000000   Number         0  2.o ABSOLUTE
    _printf_flags                            0x00000000   Number         0  printf_stubs.o ABSOLUTE
    _printf_return_value                     0x00000000   Number         0  printf_stubs.o ABSOLUTE
    _printf_sizespec                         0x00000000   Number         0  printf_stubs.o ABSOLUTE
    _printf_widthprec                        0x00000000   Number         0  printf_stubs.o ABSOLUTE
    __ARM_exceptions_init                     - Undefined Weak Reference
    __alloca_initialize                       - Undefined Weak Reference
    __arm_preinit_                            - Undefined Weak Reference
    __cpp_initialize__aeabi_                  - Undefined Weak Reference
    __cxa_finalize                            - Undefined Weak Reference
    __sigvec_lookup                           - Undefined Weak Reference
    _atexit_init                              - Undefined Weak Reference
    _call_atexit_fns                          - Undefined Weak Reference
    _clock_init                               - Undefined Weak Reference
    _fp_trap_init                             - Undefined Weak Reference
    _fp_trap_shutdown                         - Undefined Weak Reference
    _get_lc_collate                           - Undefined Weak Reference
    _get_lc_monetary                          - Undefined Weak Reference
    _getenv_init                              - Undefined Weak Reference
    _handle_redirection                       - Undefined Weak Reference
    _init_alloc                               - Undefined Weak Reference
    _init_user_alloc                          - Undefined Weak Reference
    _initio                                   - Undefined Weak Reference
    _printf_mbtowc                            - Undefined Weak Reference
    _printf_wc                                - Undefined Weak Reference
    _rand_init                                - Undefined Weak Reference
    _signal_finish                            - Undefined Weak Reference
    _signal_init                              - Undefined Weak Reference
    _terminate_alloc                          - Undefined Weak Reference
    _terminate_user_alloc                     - Undefined Weak Reference
    _terminateio                              - Undefined Weak Reference
    __Vectors_Size                           0x000000c0   Number         0  startup_mdr32f9qx.o ABSOLUTE
    __Vectors                                0x08000000   Data           4  startup_mdr32f9qx.o(RESET)
    __Vectors_End                            0x080000c0   Data           0  startup_mdr32f9qx.o(RESET)
    __main                                   0x080000c1   Thumb Code     8  __main.o(!!!main)
    __scatterload                            0x080000c9   Thumb Code     0  __scatter.o(!!!scatter)
    __scatterload_rt2                        0x080000c9   Thumb Code    44  __scatter.o(!!!scatter)
    __scatterload_rt2_thumb_only             0x080000c9   Thumb Code     0  __scatter.o(!!!scatter)
    __scatterload_null                       0x080000d7   Thumb Code     0  __scatter.o(!!!scatter)
    __decompress                             0x080000fd   Thumb Code   100  __dclz77c.o(!!dclz77c)
    __decompress2                            0x080000fd   Thumb Code     0  __dclz77c.o(!!dclz77c)
    __scatterload_zeroinit                   0x08000161   Thumb Code    28  __scatter_zi.o(!!handler_zi)
    _printf_n                                0x0800017d   Thumb Code     0  _printf_n.o(.ARM.Collect$$_printf_percent$$00000001)
    _printf_percent                          0x0800017d   Thumb Code     0  _printf_percent.o(.ARM.Collect$$_printf_percent$$00000000)
    _printf_p                                0x08000183   Thumb Code     0  _printf_p.o(.ARM.Collect$$_printf_percent$$00000002)
    _printf_f                                0x08000189   Thumb Code     0  _printf_f.o(.ARM.Collect$$_printf_percent$$00000003)
    _printf_e                                0x0800018f   Thumb Code     0  _printf_e.o(.ARM.Collect$$_printf_percent$$00000004)
    _printf_g                                0x08000195   Thumb Code     0  _printf_g.o(.ARM.Collect$$_printf_percent$$00000005)
    _printf_a                                0x0800019b   Thumb Code     0  _printf_a.o(.ARM.Collect$$_printf_percent$$00000006)
    _printf_ll                               0x080001a1   Thumb Code     0  _printf_ll.o(.ARM.Collect$$_printf_percent$$00000007)
    _printf_i                                0x080001ab   Thumb Code     0  _printf_i.o(.ARM.Collect$$_printf_percent$$00000008)
    _printf_d                                0x080001b1   Thumb Code     0  _printf_d.o(.ARM.Collect$$_printf_percent$$00000009)
    _printf_u                                0x080001b7   Thumb Code     0  _printf_u.o(.ARM.Collect$$_printf_percent$$0000000A)
    _printf_o                                0x080001bd   Thumb Code     0  _printf_o.o(.ARM.Collect$$_printf_percent$$0000000B)
    _printf_x                                0x080001c3   Thumb Code     0  _printf_x.o(.ARM.Collect$$_printf_percent$$0000000C)
    _printf_lli                              0x080001c9   Thumb Code     0  _printf_lli.o(.ARM.Collect$$_printf_percent$$0000000D)
    _printf_lld                              0x080001cf   Thumb Code     0  _printf_lld.o(.ARM.Collect$$_printf_percent$$0000000E)
    _printf_llu                              0x080001d5   Thumb Code     0  _printf_llu.o(.ARM.Collect$$_printf_percent$$0000000F)
    _printf_llo                              0x080001db   Thumb Code     0  _printf_llo.o(.ARM.Collect$$_printf_percent$$00000010)
    _printf_llx                              0x080001e1   Thumb Code     0  _printf_llx.o(.ARM.Collect$$_printf_percent$$00000011)
    _printf_l                                0x080001e7   Thumb Code     0  _printf_l.o(.ARM.Collect$$_printf_percent$$00000012)
    _printf_c                                0x080001f1   Thumb Code     0  _printf_c.o(.ARM.Collect$$_printf_percent$$00000013)
    _printf_s                                0x080001f7   Thumb Code     0  _printf_s.o(.ARM.Collect$$_printf_percent$$00000014)
    _printf_lc                               0x080001fd   Thumb Code     0  _printf_lc.o(.ARM.Collect$$_printf_percent$$00000015)
    _printf_ls                               0x08000203   Thumb Code     0  _printf_ls.o(.ARM.Collect$$_printf_percent$$00000016)
    _printf_percent_end                      0x08000209   Thumb Code     0  _printf_percent_end.o(.ARM.Collect$$_printf_percent$$00000017)
    __rt_lib_init                            0x0800020d   Thumb Code     0  libinit.o(.ARM.Collect$$libinit$$00000000)
    __rt_lib_init_fp_1                       0x0800020f   Thumb Code     0  libinit2.o(.ARM.Collect$$libinit$$00000002)
    __rt_lib_init_heap_1                     0x0800020f   Thumb Code     0  libinit2.o(.ARM.Collect$$libinit$$0000000A)
    __rt_lib_init_lc_common                  0x0800020f   Thumb Code     0  libinit2.o(.ARM.Collect$$libinit$$0000000F)
    __rt_lib_init_preinit_1                  0x0800020f   Thumb Code     0  libinit2.o(.ARM.Collect$$libinit$$00000004)
    __rt_lib_init_rand_1                     0x0800020f   Thumb Code     0  libinit2.o(.ARM.Collect$$libinit$$0000000E)
    __rt_lib_init_user_alloc_1               0x0800020f   Thumb Code     0  libinit2.o(.ARM.Collect$$libinit$$0000000C)
    __rt_lib_init_lc_collate_1               0x08000215   Thumb Code     0  libinit2.o(.ARM.Collect$$libinit$$00000011)
    __rt_lib_init_lc_ctype_2                 0x08000215   Thumb Code     0  libinit2.o(.ARM.Collect$$libinit$$00000012)
    __rt_lib_init_lc_ctype_1                 0x08000221   Thumb Code     0  libinit2.o(.ARM.Collect$$libinit$$00000013)
    __rt_lib_init_lc_monetary_1              0x08000221   Thumb Code     0  libinit2.o(.ARM.Collect$$libinit$$00000015)
    __rt_lib_init_lc_numeric_2               0x08000221   Thumb Code     0  libinit2.o(.ARM.Collect$$libinit$$00000016)
    __rt_lib_init_lc_numeric_1               0x0800022b   Thumb Code     0  libinit2.o(.ARM.Collect$$libinit$$00000017)
    __rt_lib_init_lc_time_2                  0x0800022b   Thumb Code     0  libinit2.o(.ARM.Collect$$libinit$$00000018)
    __rt_lib_init_alloca_1                   0x08000235   Thumb Code     0  libinit2.o(.ARM.Collect$$libinit$$0000002E)
    __rt_lib_init_argv_1                     0x08000235   Thumb Code     0  libinit2.o(.ARM.Collect$$libinit$$0000002C)
    __rt_lib_init_atexit_1                   0x08000235   Thumb Code     0  libinit2.o(.ARM.Collect$$libinit$$0000001B)
    __rt_lib_init_clock_1                    0x08000235   Thumb Code     0  libinit2.o(.ARM.Collect$$libinit$$00000021)
    __rt_lib_init_cpp_1                      0x08000235   Thumb Code     0  libinit2.o(.ARM.Collect$$libinit$$00000032)
    __rt_lib_init_exceptions_1               0x08000235   Thumb Code     0  libinit2.o(.ARM.Collect$$libinit$$00000030)
    __rt_lib_init_fp_trap_1                  0x08000235   Thumb Code     0  libinit2.o(.ARM.Collect$$libinit$$0000001F)
    __rt_lib_init_getenv_1                   0x08000235   Thumb Code     0  libinit2.o(.ARM.Collect$$libinit$$00000023)
    __rt_lib_init_lc_time_1                  0x08000235   Thumb Code     0  libinit2.o(.ARM.Collect$$libinit$$00000019)
    __rt_lib_init_return                     0x08000235   Thumb Code     0  libinit2.o(.ARM.Collect$$libinit$$00000033)
    __rt_lib_init_signal_1                   0x08000235   Thumb Code     0  libinit2.o(.ARM.Collect$$libinit$$0000001D)
    __rt_lib_init_stdio_1                    0x08000235   Thumb Code     0  libinit2.o(.ARM.Collect$$libinit$$00000025)
    __rt_lib_shutdown                        0x08000237   Thumb Code     0  libshutdown.o(.ARM.Collect$$libshutdown$$00000000)
    __rt_lib_shutdown_cpp_1                  0x08000239   Thumb Code     0  libshutdown2.o(.ARM.Collect$$libshutdown$$00000002)
    __rt_lib_shutdown_fp_trap_1              0x08000239   Thumb Code     0  libshutdown2.o(.ARM.Collect$$libshutdown$$00000007)
    __rt_lib_shutdown_heap_1                 0x08000239   Thumb Code     0  libshutdown2.o(.ARM.Collect$$libshutdown$$0000000F)
    __rt_lib_shutdown_return                 0x08000239   Thumb Code     0  libshutdown2.o(.ARM.Collect$$libshutdown$$00000010)
    __rt_lib_shutdown_signal_1               0x08000239   Thumb Code     0  libshutdown2.o(.ARM.Collect$$libshutdown$$0000000A)
    __rt_lib_shutdown_stdio_1                0x08000239   Thumb Code     0  libshutdown2.o(.ARM.Collect$$libshutdown$$00000004)
    __rt_lib_shutdown_user_alloc_1           0x08000239   Thumb Code     0  libshutdown2.o(.ARM.Collect$$libshutdown$$0000000C)
    __rt_entry                               0x0800023b   Thumb Code     0  __rtentry.o(.ARM.Collect$$rtentry$$00000000)
    __rt_entry_presh_1                       0x0800023b   Thumb Code     0  __rtentry2.o(.ARM.Collect$$rtentry$$00000002)
    __rt_entry_sh                            0x0800023b   Thumb Code     0  __rtentry4.o(.ARM.Collect$$rtentry$$00000004)
    __rt_entry_li                            0x08000241   Thumb Code     0  __rtentry2.o(.ARM.Collect$$rtentry$$0000000A)
    __rt_entry_postsh_1                      0x08000241   Thumb Code     0  __rtentry2.o(.ARM.Collect$$rtentry$$00000009)
    __rt_entry_main                          0x08000245   Thumb Code     0  __rtentry2.o(.ARM.Collect$$rtentry$$0000000D)
    __rt_entry_postli_1                      0x08000245   Thumb Code     0  __rtentry2.o(.ARM.Collect$$rtentry$$0000000C)
    __rt_exit                                0x0800024d   Thumb Code     0  rtexit.o(.ARM.Collect$$rtexit$$00000000)
    __rt_exit_ls                             0x0800024f   Thumb Code     0  rtexit2.o(.ARM.Collect$$rtexit$$00000003)
    __rt_exit_prels_1                        0x0800024f   Thumb Code     0  rtexit2.o(.ARM.Collect$$rtexit$$00000002)
    __rt_exit_exit                           0x08000253   Thumb Code     0  rtexit2.o(.ARM.Collect$$rtexit$$00000004)
    Reset_Handler                            0x08000259   Thumb Code     8  startup_mdr32f9qx.o(.text)
    NMI_Handler                              0x08000261   Thumb Code     2  startup_mdr32f9qx.o(.text)
    HardFault_Handler                        0x08000263   Thumb Code     2  startup_mdr32f9qx.o(.text)
    MemManage_Handler                        0x08000265   Thumb Code     2  startup_mdr32f9qx.o(.text)
    BusFault_Handler                         0x08000267   Thumb Code     2  startup_mdr32f9qx.o(.text)
    UsageFault_Handler                       0x08000269   Thumb Code     2  startup_mdr32f9qx.o(.text)
    SVC_Handler                              0x0800026b   Thumb Code     2  startup_mdr32f9qx.o(.text)
    DebugMon_Handler                         0x0800026d   Thumb Code     2  startup_mdr32f9qx.o(.text)
    PendSV_Handler                           0x0800026f   Thumb Code     2  startup_mdr32f9qx.o(.text)
    ADC_IRQHandler                           0x08000273   Thumb Code     0  startup_mdr32f9qx.o(.text)
    BACKUP_IRQHandler                        0x08000273   Thumb Code     0  startup_mdr32f9qx.o(.text)
    CAN1_IRQHandler                          0x08000273   Thumb Code     0  startup_mdr32f9qx.o(.text)
    CAN2_IRQHandler                          0x08000273   Thumb Code     0  startup_mdr32f9qx.o(.text)
    COMPARATOR_IRQHandler                    0x08000273   Thumb Code     0  startup_mdr32f9qx.o(.text)
    DMA_IRQHandler                           0x08000273   Thumb Code     0  startup_mdr32f9qx.o(.text)
    EXT_INT1_IRQHandler                      0x08000273   Thumb Code     0  startup_mdr32f9qx.o(.text)
    EXT_INT2_IRQHandler                      0x08000273   Thumb Code     0  startup_mdr32f9qx.o(.text)
    EXT_INT3_IRQHandler                      0x08000273   Thumb Code     0  startup_mdr32f9qx.o(.text)
    EXT_INT4_IRQHandler                      0x08000273   Thumb Code     0  startup_mdr32f9qx.o(.text)
    I2C_IRQHandler                           0x08000273   Thumb Code     0  startup_mdr32f9qx.o(.text)
    POWER_IRQHandler                         0x08000273   Thumb Code     0  startup_mdr32f9qx.o(.text)
    SSP1_IRQHandler                          0x08000273   Thumb Code     0  startup_mdr32f9qx.o(.text)
    SSP2_IRQHandler                          0x08000273   Thumb Code     0  startup_mdr32f9qx.o(.text)
    Timer1_IRQHandler                        0x08000273   Thumb Code     0  startup_mdr32f9qx.o(.text)
    Timer2_IRQHandler                        0x08000273   Thumb Code     0  startup_mdr32f9qx.o(.text)
    Timer3_IRQHandler                        0x08000273   Thumb Code     0  startup_mdr32f9qx.o(.text)
    UART1_IRQHandler                         0x08000273   Thumb Code     0  startup_mdr32f9qx.o(.text)
    UART2_IRQHandler                         0x08000273   Thumb Code     0  startup_mdr32f9qx.o(.text)
    USB_IRQHandler                           0x08000273   Thumb Code     0  startup_mdr32f9qx.o(.text)
    WWDG_IRQHandler                          0x08000273   Thumb Code     0  startup_mdr32f9qx.o(.text)
    __user_initial_stackheap                 0x08000275   Thumb Code     0  startup_mdr32f9qx.o(.text)
    localtime                                0x08000299   Thumb Code     6  localtime.o(.text)
    strftime                                 0x080002e5   Thumb Code   634  strftime.o(.text)
    __use_two_region_memory                  0x08000605   Thumb Code     2  heapauxi.o(.text)
    __rt_heap_escrow$2region                 0x08000607   Thumb Code     2  heapauxi.o(.text)
    __rt_heap_expand$2region                 0x08000609   Thumb Code     2  heapauxi.o(.text)
    __rt_locale                              0x0800060d   Thumb Code     8  rt_locale_intlibspace.o(.text)
    sprintf                                  0x08000615   Thumb Code    38  sprintf.o(.text)
    _localtime_r                             0x08000641   Thumb Code   178  localtime_internal.o(.text)
    _n$localtime_r                           0x08000641   Thumb Code     0  localtime_internal.o(.text)
    __user_libspace                          0x080006f9   Thumb Code     8  libspace.o(.text)
    __user_perproc_libspace                  0x080006f9   Thumb Code     0  libspace.o(.text)
    __user_perthread_libspace                0x080006f9   Thumb Code     0  libspace.o(.text)
    _printf_pre_padding                      0x08000701   Thumb Code    44  _printf_pad.o(.text)
    _printf_post_padding                     0x0800072d   Thumb Code    34  _printf_pad.o(.text)
    _printf_truncate_signed                  0x0800074f   Thumb Code    18  _printf_truncate.o(.text)
    _printf_truncate_unsigned                0x08000761   Thumb Code    18  _printf_truncate.o(.text)
    _printf_str                              0x08000773   Thumb Code    82  _printf_str.o(.text)
    _printf_int_dec                          0x080007c5   Thumb Code   104  _printf_dec.o(.text)
    _printf_charcount                        0x0800083d   Thumb Code    40  _printf_charcount.o(.text)
    _printf_char_common                      0x0800086f   Thumb Code    32  _printf_char_common.o(.text)
    _sputc                                   0x08000895   Thumb Code    10  _sputc.o(.text)
    _printf_wctomb                           0x080008a1   Thumb Code   182  _printf_wctomb.o(.text)
    _printf_longlong_dec                     0x0800095d   Thumb Code   108  _printf_longlong_dec.o(.text)
    _printf_longlong_oct                     0x080009d9   Thumb Code    66  _printf_oct_int_ll.o(.text)
    _printf_int_oct                          0x08000a1b   Thumb Code    24  _printf_oct_int_ll.o(.text)
    _printf_ll_oct                           0x08000a33   Thumb Code    12  _printf_oct_int_ll.o(.text)
    _printf_longlong_hex                     0x08000a49   Thumb Code    86  _printf_hex_int_ll_ptr.o(.text)
    _printf_int_hex                          0x08000a9f   Thumb Code    28  _printf_hex_int_ll_ptr.o(.text)
    _printf_ll_hex                           0x08000abb   Thumb Code    12  _printf_hex_int_ll_ptr.o(.text)
    _printf_hex_ptr                          0x08000ac7   Thumb Code    18  _printf_hex_int_ll_ptr.o(.text)
    __printf                                 0x08000add   Thumb Code   388  __printf_flags_ss_wp.o(.text)
    __aeabi_memclr4                          0x08000c65   Thumb Code     0  rt_memclr_w.o(.text)
    __aeabi_memclr8                          0x08000c65   Thumb Code     0  rt_memclr_w.o(.text)
    __rt_memclr_w                            0x08000c65   Thumb Code    78  rt_memclr_w.o(.text)
    _memset_w                                0x08000c69   Thumb Code     0  rt_memclr_w.o(.text)
    strcmp                                   0x08000cb5   Thumb Code   128  strcmpv7m.o(.text)
    __user_setup_stackheap                   0x08000d35   Thumb Code    74  sys_stackheap_outer.o(.text)
    _ll_udiv10                               0x08000d7f   Thumb Code   138  lludiv10.o(.text)
    _printf_int_common                       0x08000e09   Thumb Code   178  _printf_intcommon.o(.text)
    __lib_sel_fp_printf                      0x08000ebb   Thumb Code     2  _printf_fp_dec.o(.text)
    _printf_fp_dec_real                      0x0800106d   Thumb Code   620  _printf_fp_dec.o(.text)
    _printf_fp_hex_real                      0x080012d9   Thumb Code   756  _printf_fp_hex.o(.text)
    _printf_cs_common                        0x080015d5   Thumb Code    20  _printf_char.o(.text)
    _printf_char                             0x080015e9   Thumb Code    16  _printf_char.o(.text)
    _printf_string                           0x080015f9   Thumb Code     8  _printf_char.o(.text)
    _printf_lcs_common                       0x08001601   Thumb Code    20  _printf_wchar.o(.text)
    _printf_wchar                            0x08001615   Thumb Code    16  _printf_wchar.o(.text)
    _printf_wstring                          0x08001625   Thumb Code     8  _printf_wchar.o(.text)
    _wcrtomb                                 0x0800162d   Thumb Code    64  _wcrtomb.o(.text)
    exit                                     0x0800166d   Thumb Code    18  exit.o(.text)
    __rt_ctype_table                         0x08001681   Thumb Code    16  rt_ctype_table.o(.text)
    _printf_fp_infnan                        0x08001691   Thumb Code   112  _printf_fp_infnan.o(.text)
    _btod_etento                             0x08001711   Thumb Code   224  bigflt0.o(.text)
    _sys_exit                                0x080017f5   Thumb Code     8  sys_exit.o(.text)
    __I$use$semihosting                      0x08001801   Thumb Code     0  use_no_semi.o(.text)
    __use_no_semihosting_swi                 0x08001801   Thumb Code     2  use_no_semi.o(.text)
    __semihosting_library_function           0x08001803   Thumb Code     0  indicate_semi.o(.text)
    _btod_d2e                                0x08001803   Thumb Code    62  btod.o(CL$$btod_d2e)
    _d2e_denorm_low                          0x08001841   Thumb Code    70  btod.o(CL$$btod_d2e_denorm_low)
    _d2e_norm_op1                            0x08001887   Thumb Code    96  btod.o(CL$$btod_d2e_norm_op1)
    __btod_div_common                        0x080018e7   Thumb Code   696  btod.o(CL$$btod_div_common)
    _e2e                                     0x08001c1f   Thumb Code   220  btod.o(CL$$btod_e2e)
    _btod_ediv                               0x08001cfb   Thumb Code    42  btod.o(CL$$btod_ediv)
    _btod_emul                               0x08001d25   Thumb Code    42  btod.o(CL$$btod_emul)
    __btod_mult_common                       0x08001d4f   Thumb Code   580  btod.o(CL$$btod_mult_common)
    BKP_RTC_Enable                           0x08001f95   Thumb Code     6  mdr32f9qx_bkp.o(i.BKP_RTC_Enable)
    BKP_RTC_GetCounter                       0x08001fa1   Thumb Code     6  mdr32f9qx_bkp.o(i.BKP_RTC_GetCounter)
    BKP_RTC_SetPrescaler                     0x08001fad   Thumb Code     6  mdr32f9qx_bkp.o(i.BKP_RTC_SetPrescaler)
    BKP_RTC_WaitForUpdate                    0x08001fb9   Thumb Code    12  mdr32f9qx_bkp.o(i.BKP_RTC_WaitForUpdate)
    BKP_RTCclkSource                         0x08001fc9   Thumb Code    20  mdr32f9qx_bkp.o(i.BKP_RTCclkSource)
    CPU_Config                               0x08001fe1   Thumb Code    56  2.o(i.CPU_Config)
    DispOn                                   0x08002019   Thumb Code   188  mlt_lcd.o(i.DispOn)
    IntConfig                                0x080020e5   Thumb Code   104  2.o(i.IntConfig)
    LCDPins                                  0x08002159   Thumb Code    70  2.o(i.LCDPins)
    LCDStart                                 0x080021b5   Thumb Code    68  2.o(i.LCDStart)
    LcdClearChip                             0x080021f9   Thumb Code    24  mlt_lcd.o(i.LcdClearChip)
    LcdClearPage                             0x08002211   Thumb Code    64  mlt_lcd.o(i.LcdClearPage)
    LcdInit                                  0x08002251   Thumb Code    58  mlt_lcd.o(i.LcdInit)
    LcdPutChar                               0x08002291   Thumb Code   104  mlt_lcd.o(i.LcdPutChar)
    LedConfig                                0x080022f9   Thumb Code    28  2.o(i.LedConfig)
    MltDelay                                 0x0800231d   Thumb Code    12  mlt_lcd.o(i.MltDelay)
    PORT_Init                                0x08002329   Thumb Code   450  mdr32f9qx_port.o(i.PORT_Init)
    PORT_ResetBits                           0x080024f1   Thumb Code    22  mdr32f9qx_port.o(i.PORT_ResetBits)
    PORT_SetBits                             0x0800250d   Thumb Code    22  mdr32f9qx_port.o(i.PORT_SetBits)
    PrintString                              0x08002529   Thumb Code   390  lcdstring.o(i.PrintString)
    RST_CLK_CPU_PLLcmd                       0x080027b1   Thumb Code     6  mdr32f9qx_rst_clk.o(i.RST_CLK_CPU_PLLcmd)
    RST_CLK_CPU_PLLconfig                    0x080027bd   Thumb Code    54  mdr32f9qx_rst_clk.o(i.RST_CLK_CPU_PLLconfig)
    RST_CLK_CPU_PLLstatus                    0x080027fd   Thumb Code    52  mdr32f9qx_rst_clk.o(i.RST_CLK_CPU_PLLstatus)
    RST_CLK_CPU_PLLuse                       0x08002831   Thumb Code     6  mdr32f9qx_rst_clk.o(i.RST_CLK_CPU_PLLuse)
    RST_CLK_CPUclkSelection                  0x0800283d   Thumb Code    16  mdr32f9qx_rst_clk.o(i.RST_CLK_CPUclkSelection)
    RST_CLK_GetFlagStatus                    0x08002851   Thumb Code    42  mdr32f9qx_rst_clk.o(i.RST_CLK_GetFlagStatus)
    RST_CLK_HSEconfig                        0x08002885   Thumb Code    56  mdr32f9qx_rst_clk.o(i.RST_CLK_HSEconfig)
    RST_CLK_HSEstatus                        0x080028c1   Thumb Code    52  mdr32f9qx_rst_clk.o(i.RST_CLK_HSEstatus)
    RST_CLK_LSEconfig                        0x080028f5   Thumb Code    56  mdr32f9qx_rst_clk.o(i.RST_CLK_LSEconfig)
    RST_CLK_LSEstatus                        0x08002931   Thumb Code    52  mdr32f9qx_rst_clk.o(i.RST_CLK_LSEstatus)
    RST_CLK_PCLKcmd                          0x08002965   Thumb Code    26  mdr32f9qx_rst_clk.o(i.RST_CLK_PCLKcmd)
    ReadStatus                               0x08002985   Thumb Code   182  mlt_lcd.o(i.ReadStatus)
    SetAdress                                0x08002a4d   Thumb Code   192  mlt_lcd.o(i.SetAdress)
    SetDataBits                              0x08002b1d   Thumb Code    60  mlt_lcd.o(i.SetDataBits)
    SetPage                                  0x08002b61   Thumb Code   192  mlt_lcd.o(i.SetPage)
    SysTick_Handler                          0x08002c31   Thumb Code    54  2.o(i.SysTick_Handler)
    SystemCoreClockUpdate                    0x08002c79   Thumb Code   130  system_mdr32f9qx.o(i.SystemCoreClockUpdate)
    SystemInit                               0x08002d09   Thumb Code    66  system_mdr32f9qx.o(i.SystemInit)
    TimeConfig                               0x08002d59   Thumb Code    84  2.o(i.TimeConfig)
    WriteData                                0x08002db1   Thumb Code   190  mlt_lcd.o(i.WriteData)
    __ARM_fpclassify                         0x08002e81   Thumb Code    40  fpclassify.o(i.__ARM_fpclassify)
    _is_digit                                0x08002ea9   Thumb Code    14  __printf_wp.o(i._is_digit)
    main                                     0x08002eb7   Thumb Code    62  2.o(i.main)
    _get_lc_time                             0x08002ef5   Thumb Code    44  lc_time_c.o(locale$$code)
    _get_lc_numeric                          0x08002f21   Thumb Code    44  lc_numeric_c.o(locale$$code)
    _get_lc_ctype                            0x08002f4d   Thumb Code    44  lc_ctype_c.o(locale$$code)
    _printf_fp_dec                           0x08002f79   Thumb Code     4  printf1.o(x$fpl$printf1)
    _printf_fp_hex                           0x08002f7d   Thumb Code     4  printf2.o(x$fpl$printf2)
    __I$use$fp                               0x08002f80   Number         0  usenofp.o(x$fpl$usenofp)
    _monlen                                  0x08002fc1   Data          12  _monlen.o(.constdata)
    Region$$Table$$Base                      0x08003088   Number         0  anon$$obj.o(Region$$Table)
    Region$$Table$$Limit                     0x080030a8   Number         0  anon$$obj.o(Region$$Table)
    __ctype                                  0x08003251   Data           0  lc_ctype_c.o(locale$$data)
    SystemCoreClock                          0x20000448   Data           4  system_mdr32f9qx.o(.data)
    PortStruct                               0x20000464   Data          12  2.o(.bss)
    __libspace_start                         0x2000049c   Data          96  libspace.o(.bss)
    __temporary_stack_top$libspace           0x200004fc   Data           0  libspace.o(.bss)



==============================================================================

Memory Map of the image

  Image Entry point : 0x08000259

  Load Region LR_1 (Base: 0x08000000, Size: 0x000037a0, Max: 0xffffffff, ABSOLUTE, COMPRESSED[0x000036ac])

    Execution Region ER_RO (Exec base: 0x08000000, Load base: 0x08000000, Size: 0x00003354, Max: 0xffffffff, ABSOLUTE)

    Exec Addr    Load Addr    Size         Type   Attr      Idx    E Section Name        Object

    0x08000000   0x08000000   0x000000c0   Data   RO          314    RESET               startup_mdr32f9qx.o
    0x080000c0   0x080000c0   0x00000008   Code   RO          766  * !!!main             c_w.l(__main.o)
    0x080000c8   0x080000c8   0x00000034   Code   RO         1099    !!!scatter          c_w.l(__scatter.o)
    0x080000fc   0x080000fc   0x00000064   Code   RO         1097    !!dclz77c           c_w.l(__dclz77c.o)
    0x08000160   0x08000160   0x0000001c   Code   RO         1101    !!handler_zi        c_w.l(__scatter_zi.o)
    0x0800017c   0x0800017c   0x00000000   Code   RO          880    .ARM.Collect$$_printf_percent$$00000000  c_w.l(_printf_percent.o)
    0x0800017c   0x0800017c   0x00000006   Code   RO          869    .ARM.Collect$$_printf_percent$$00000001  c_w.l(_printf_n.o)
    0x08000182   0x08000182   0x00000006   Code   RO          871    .ARM.Collect$$_printf_percent$$00000002  c_w.l(_printf_p.o)
    0x08000188   0x08000188   0x00000006   Code   RO          876    .ARM.Collect$$_printf_percent$$00000003  c_w.l(_printf_f.o)
    0x0800018e   0x0800018e   0x00000006   Code   RO          877    .ARM.Collect$$_printf_percent$$00000004  c_w.l(_printf_e.o)
    0x08000194   0x08000194   0x00000006   Code   RO          878    .ARM.Collect$$_printf_percent$$00000005  c_w.l(_printf_g.o)
    0x0800019a   0x0800019a   0x00000006   Code   RO          879    .ARM.Collect$$_printf_percent$$00000006  c_w.l(_printf_a.o)
    0x080001a0   0x080001a0   0x0000000a   Code   RO          884    .ARM.Collect$$_printf_percent$$00000007  c_w.l(_printf_ll.o)
    0x080001aa   0x080001aa   0x00000006   Code   RO          873    .ARM.Collect$$_printf_percent$$00000008  c_w.l(_printf_i.o)
    0x080001b0   0x080001b0   0x00000006   Code   RO          874    .ARM.Collect$$_printf_percent$$00000009  c_w.l(_printf_d.o)
    0x080001b6   0x080001b6   0x00000006   Code   RO          875    .ARM.Collect$$_printf_percent$$0000000A  c_w.l(_printf_u.o)
    0x080001bc   0x080001bc   0x00000006   Code   RO          872    .ARM.Collect$$_printf_percent$$0000000B  c_w.l(_printf_o.o)
    0x080001c2   0x080001c2   0x00000006   Code   RO          870    .ARM.Collect$$_printf_percent$$0000000C  c_w.l(_printf_x.o)
    0x080001c8   0x080001c8   0x00000006   Code   RO          881    .ARM.Collect$$_printf_percent$$0000000D  c_w.l(_printf_lli.o)
    0x080001ce   0x080001ce   0x00000006   Code   RO          882    .ARM.Collect$$_printf_percent$$0000000E  c_w.l(_printf_lld.o)
    0x080001d4   0x080001d4   0x00000006   Code   RO          883    .ARM.Collect$$_printf_percent$$0000000F  c_w.l(_printf_llu.o)
    0x080001da   0x080001da   0x00000006   Code   RO          888    .ARM.Collect$$_printf_percent$$00000010  c_w.l(_printf_llo.o)
    0x080001e0   0x080001e0   0x00000006   Code   RO          889    .ARM.Collect$$_printf_percent$$00000011  c_w.l(_printf_llx.o)
    0x080001e6   0x080001e6   0x0000000a   Code   RO          885    .ARM.Collect$$_printf_percent$$00000012  c_w.l(_printf_l.o)
    0x080001f0   0x080001f0   0x00000006   Code   RO          867    .ARM.Collect$$_printf_percent$$00000013  c_w.l(_printf_c.o)
    0x080001f6   0x080001f6   0x00000006   Code   RO          868    .ARM.Collect$$_printf_percent$$00000014  c_w.l(_printf_s.o)
    0x080001fc   0x080001fc   0x00000006   Code   RO          886    .ARM.Collect$$_printf_percent$$00000015  c_w.l(_printf_lc.o)
    0x08000202   0x08000202   0x00000006   Code   RO          887    .ARM.Collect$$_printf_percent$$00000016  c_w.l(_printf_ls.o)
    0x08000208   0x08000208   0x00000004   Code   RO          965    .ARM.Collect$$_printf_percent$$00000017  c_w.l(_printf_percent_end.o)
    0x0800020c   0x0800020c   0x00000002   Code   RO          977    .ARM.Collect$$libinit$$00000000  c_w.l(libinit.o)
    0x0800020e   0x0800020e   0x00000000   Code   RO          896    .ARM.Collect$$libinit$$00000002  c_w.l(libinit2.o)
    0x0800020e   0x0800020e   0x00000000   Code   RO          898    .ARM.Collect$$libinit$$00000004  c_w.l(libinit2.o)
    0x0800020e   0x0800020e   0x00000000   Code   RO          901    .ARM.Collect$$libinit$$0000000A  c_w.l(libinit2.o)
    0x0800020e   0x0800020e   0x00000000   Code   RO          903    .ARM.Collect$$libinit$$0000000C  c_w.l(libinit2.o)
    0x0800020e   0x0800020e   0x00000000   Code   RO          905    .ARM.Collect$$libinit$$0000000E  c_w.l(libinit2.o)
    0x0800020e   0x0800020e   0x00000006   Code   RO          906    .ARM.Collect$$libinit$$0000000F  c_w.l(libinit2.o)
    0x08000214   0x08000214   0x00000000   Code   RO          908    .ARM.Collect$$libinit$$00000011  c_w.l(libinit2.o)
    0x08000214   0x08000214   0x0000000c   Code   RO          909    .ARM.Collect$$libinit$$00000012  c_w.l(libinit2.o)
    0x08000220   0x08000220   0x00000000   Code   RO          910    .ARM.Collect$$libinit$$00000013  c_w.l(libinit2.o)
    0x08000220   0x08000220   0x00000000   Code   RO          912    .ARM.Collect$$libinit$$00000015  c_w.l(libinit2.o)
    0x08000220   0x08000220   0x0000000a   Code   RO          913    .ARM.Collect$$libinit$$00000016  c_w.l(libinit2.o)
    0x0800022a   0x0800022a   0x00000000   Code   RO          914    .ARM.Collect$$libinit$$00000017  c_w.l(libinit2.o)
    0x0800022a   0x0800022a   0x0000000a   Code   RO          915    .ARM.Collect$$libinit$$00000018  c_w.l(libinit2.o)
    0x08000234   0x08000234   0x00000000   Code   RO          916    .ARM.Collect$$libinit$$00000019  c_w.l(libinit2.o)
    0x08000234   0x08000234   0x00000000   Code   RO          918    .ARM.Collect$$libinit$$0000001B  c_w.l(libinit2.o)
    0x08000234   0x08000234   0x00000000   Code   RO          920    .ARM.Collect$$libinit$$0000001D  c_w.l(libinit2.o)
    0x08000234   0x08000234   0x00000000   Code   RO          922    .ARM.Collect$$libinit$$0000001F  c_w.l(libinit2.o)
    0x08000234   0x08000234   0x00000000   Code   RO          924    .ARM.Collect$$libinit$$00000021  c_w.l(libinit2.o)
    0x08000234   0x08000234   0x00000000   Code   RO          926    .ARM.Collect$$libinit$$00000023  c_w.l(libinit2.o)
    0x08000234   0x08000234   0x00000000   Code   RO          928    .ARM.Collect$$libinit$$00000025  c_w.l(libinit2.o)
    0x08000234   0x08000234   0x00000000   Code   RO          932    .ARM.Collect$$libinit$$0000002C  c_w.l(libinit2.o)
    0x08000234   0x08000234   0x00000000   Code   RO          934    .ARM.Collect$$libinit$$0000002E  c_w.l(libinit2.o)
    0x08000234   0x08000234   0x00000000   Code   RO          936    .ARM.Collect$$libinit$$00000030  c_w.l(libinit2.o)
    0x08000234   0x08000234   0x00000000   Code   RO          938    .ARM.Collect$$libinit$$00000032  c_w.l(libinit2.o)
    0x08000234   0x08000234   0x00000002   Code   RO          939    .ARM.Collect$$libinit$$00000033  c_w.l(libinit2.o)
    0x08000236   0x08000236   0x00000002   Code   RO         1054    .ARM.Collect$$libshutdown$$00000000  c_w.l(libshutdown.o)
    0x08000238   0x08000238   0x00000000   Code   RO         1060    .ARM.Collect$$libshutdown$$00000002  c_w.l(libshutdown2.o)
    0x08000238   0x08000238   0x00000000   Code   RO         1062    .ARM.Collect$$libshutdown$$00000004  c_w.l(libshutdown2.o)
    0x08000238   0x08000238   0x00000000   Code   RO         1065    .ARM.Collect$$libshutdown$$00000007  c_w.l(libshutdown2.o)
    0x08000238   0x08000238   0x00000000   Code   RO         1068    .ARM.Collect$$libshutdown$$0000000A  c_w.l(libshutdown2.o)
    0x08000238   0x08000238   0x00000000   Code   RO         1070    .ARM.Collect$$libshutdown$$0000000C  c_w.l(libshutdown2.o)
    0x08000238   0x08000238   0x00000000   Code   RO         1073    .ARM.Collect$$libshutdown$$0000000F  c_w.l(libshutdown2.o)
    0x08000238   0x08000238   0x00000002   Code   RO         1074    .ARM.Collect$$libshutdown$$00000010  c_w.l(libshutdown2.o)
    0x0800023a   0x0800023a   0x00000000   Code   RO          768    .ARM.Collect$$rtentry$$00000000  c_w.l(__rtentry.o)
    0x0800023a   0x0800023a   0x00000000   Code   RO          785    .ARM.Collect$$rtentry$$00000002  c_w.l(__rtentry2.o)
    0x0800023a   0x0800023a   0x00000006   Code   RO          797    .ARM.Collect$$rtentry$$00000004  c_w.l(__rtentry4.o)
    0x08000240   0x08000240   0x00000000   Code   RO          787    .ARM.Collect$$rtentry$$00000009  c_w.l(__rtentry2.o)
    0x08000240   0x08000240   0x00000004   Code   RO          788    .ARM.Collect$$rtentry$$0000000A  c_w.l(__rtentry2.o)
    0x08000244   0x08000244   0x00000000   Code   RO          790    .ARM.Collect$$rtentry$$0000000C  c_w.l(__rtentry2.o)
    0x08000244   0x08000244   0x00000008   Code   RO          791    .ARM.Collect$$rtentry$$0000000D  c_w.l(__rtentry2.o)
    0x0800024c   0x0800024c   0x00000002   Code   RO          980    .ARM.Collect$$rtexit$$00000000  c_w.l(rtexit.o)
    0x0800024e   0x0800024e   0x00000000   Code   RO         1026    .ARM.Collect$$rtexit$$00000002  c_w.l(rtexit2.o)
    0x0800024e   0x0800024e   0x00000004   Code   RO         1027    .ARM.Collect$$rtexit$$00000003  c_w.l(rtexit2.o)
    0x08000252   0x08000252   0x00000006   Code   RO         1028    .ARM.Collect$$rtexit$$00000004  c_w.l(rtexit2.o)
    0x08000258   0x08000258   0x00000040   Code   RO          315  * .text               startup_mdr32f9qx.o
    0x08000298   0x08000298   0x0000000c   Code   RO          759    .text               c_w.l(localtime.o)
    0x080002a4   0x080002a4   0x00000360   Code   RO          762    .text               c_w.l(strftime.o)
    0x08000604   0x08000604   0x00000006   Code   RO          764    .text               c_w.l(heapauxi.o)
    0x0800060a   0x0800060a   0x00000002   PAD
    0x0800060c   0x0800060c   0x00000008   Code   RO          772    .text               c_w.l(rt_locale_intlibspace.o)
    0x08000614   0x08000614   0x0000002c   Code   RO          774    .text               c_w.l(sprintf.o)
    0x08000640   0x08000640   0x000000b8   Code   RO          779    .text               c_w.l(localtime_internal.o)
    0x080006f8   0x080006f8   0x00000008   Code   RO          781    .text               c_w.l(libspace.o)
    0x08000700   0x08000700   0x0000004e   Code   RO          801    .text               c_w.l(_printf_pad.o)
    0x0800074e   0x0800074e   0x00000024   Code   RO          803    .text               c_w.l(_printf_truncate.o)
    0x08000772   0x08000772   0x00000052   Code   RO          805    .text               c_w.l(_printf_str.o)
    0x080007c4   0x080007c4   0x00000078   Code   RO          807    .text               c_w.l(_printf_dec.o)
    0x0800083c   0x0800083c   0x00000028   Code   RO          809    .text               c_w.l(_printf_charcount.o)
    0x08000864   0x08000864   0x00000030   Code   RO          811    .text               c_w.l(_printf_char_common.o)
    0x08000894   0x08000894   0x0000000a   Code   RO          813    .text               c_w.l(_sputc.o)
    0x0800089e   0x0800089e   0x00000002   PAD
    0x080008a0   0x080008a0   0x000000bc   Code   RO          815    .text               c_w.l(_printf_wctomb.o)
    0x0800095c   0x0800095c   0x0000007c   Code   RO          818    .text               c_w.l(_printf_longlong_dec.o)
    0x080009d8   0x080009d8   0x00000070   Code   RO          824    .text               c_w.l(_printf_oct_int_ll.o)
    0x08000a48   0x08000a48   0x00000094   Code   RO          844    .text               c_w.l(_printf_hex_int_ll_ptr.o)
    0x08000adc   0x08000adc   0x00000188   Code   RO          864    .text               c_w.l(__printf_flags_ss_wp.o)
    0x08000c64   0x08000c64   0x0000004e   Code   RO          890    .text               c_w.l(rt_memclr_w.o)
    0x08000cb2   0x08000cb2   0x00000002   PAD
    0x08000cb4   0x08000cb4   0x00000080   Code   RO          892    .text               c_w.l(strcmpv7m.o)
    0x08000d34   0x08000d34   0x0000004a   Code   RO          948    .text               c_w.l(sys_stackheap_outer.o)
    0x08000d7e   0x08000d7e   0x0000008a   Code   RO          950    .text               c_w.l(lludiv10.o)
    0x08000e08   0x08000e08   0x000000b2   Code   RO          952    .text               c_w.l(_printf_intcommon.o)
    0x08000eba   0x08000eba   0x0000041e   Code   RO          954    .text               c_w.l(_printf_fp_dec.o)
    0x080012d8   0x080012d8   0x000002fc   Code   RO          956    .text               c_w.l(_printf_fp_hex.o)
    0x080015d4   0x080015d4   0x0000002c   Code   RO          961    .text               c_w.l(_printf_char.o)
    0x08001600   0x08001600   0x0000002c   Code   RO          963    .text               c_w.l(_printf_wchar.o)
    0x0800162c   0x0800162c   0x00000040   Code   RO          966    .text               c_w.l(_wcrtomb.o)
    0x0800166c   0x0800166c   0x00000012   Code   RO          968    .text               c_w.l(exit.o)
    0x0800167e   0x0800167e   0x00000002   PAD
    0x08001680   0x08001680   0x00000010   Code   RO          982    .text               c_w.l(rt_ctype_table.o)
    0x08001690   0x08001690   0x00000080   Code   RO          984    .text               c_w.l(_printf_fp_infnan.o)
    0x08001710   0x08001710   0x000000e4   Code   RO          986    .text               c_w.l(bigflt0.o)
    0x080017f4   0x080017f4   0x0000000c   Code   RO         1041    .text               c_w.l(sys_exit.o)
    0x08001800   0x08001800   0x00000002   Code   RO         1043    .text               c_w.l(use_no_semi.o)
    0x08001802   0x08001802   0x00000000   Code   RO         1045    .text               c_w.l(indicate_semi.o)
    0x08001802   0x08001802   0x0000003e   Code   RO          989    CL$$btod_d2e        c_w.l(btod.o)
    0x08001840   0x08001840   0x00000046   Code   RO          991    CL$$btod_d2e_denorm_low  c_w.l(btod.o)
    0x08001886   0x08001886   0x00000060   Code   RO          990    CL$$btod_d2e_norm_op1  c_w.l(btod.o)
    0x080018e6   0x080018e6   0x00000338   Code   RO          999    CL$$btod_div_common  c_w.l(btod.o)
    0x08001c1e   0x08001c1e   0x000000dc   Code   RO          996    CL$$btod_e2e        c_w.l(btod.o)
    0x08001cfa   0x08001cfa   0x0000002a   Code   RO          993    CL$$btod_ediv       c_w.l(btod.o)
    0x08001d24   0x08001d24   0x0000002a   Code   RO          992    CL$$btod_emul       c_w.l(btod.o)
    0x08001d4e   0x08001d4e   0x00000244   Code   RO          998    CL$$btod_mult_common  c_w.l(btod.o)
    0x08001f92   0x08001f92   0x00000002   PAD
    0x08001f94   0x08001f94   0x0000000c   Code   RO          362    i.BKP_RTC_Enable    mdr32f9qx_bkp.o
    0x08001fa0   0x08001fa0   0x0000000c   Code   RO          363    i.BKP_RTC_GetCounter  mdr32f9qx_bkp.o
    0x08001fac   0x08001fac   0x0000000c   Code   RO          370    i.BKP_RTC_SetPrescaler  mdr32f9qx_bkp.o
    0x08001fb8   0x08001fb8   0x00000010   Code   RO          371    i.BKP_RTC_WaitForUpdate  mdr32f9qx_bkp.o
    0x08001fc8   0x08001fc8   0x00000018   Code   RO          372    i.BKP_RTCclkSource  mdr32f9qx_bkp.o
    0x08001fe0   0x08001fe0   0x00000038   Code   RO            4    i.CPU_Config        2.o
    0x08002018   0x08002018   0x000000cc   Code   RO          196    i.DispOn            mlt_lcd.o
    0x080020e4   0x080020e4   0x00000074   Code   RO            5    i.IntConfig         2.o
    0x08002158   0x08002158   0x0000005c   Code   RO            6    i.LCDPins           2.o
    0x080021b4   0x080021b4   0x00000044   Code   RO            7    i.LCDStart          2.o
    0x080021f8   0x080021f8   0x00000018   Code   RO          197    i.LcdClearChip      mlt_lcd.o
    0x08002210   0x08002210   0x00000040   Code   RO          198    i.LcdClearPage      mlt_lcd.o
    0x08002250   0x08002250   0x00000040   Code   RO          199    i.LcdInit           mlt_lcd.o
    0x08002290   0x08002290   0x00000068   Code   RO          200    i.LcdPutChar        mlt_lcd.o
    0x080022f8   0x080022f8   0x00000024   Code   RO            8    i.LedConfig         2.o
    0x0800231c   0x0800231c   0x0000000c   Code   RO          204    i.MltDelay          mlt_lcd.o
    0x08002328   0x08002328   0x000001c8   Code   RO          467    i.PORT_Init         mdr32f9qx_port.o
    0x080024f0   0x080024f0   0x0000001c   Code   RO          470    i.PORT_ResetBits    mdr32f9qx_port.o
    0x0800250c   0x0800250c   0x0000001c   Code   RO          471    i.PORT_SetBits      mdr32f9qx_port.o
    0x08002528   0x08002528   0x00000288   Code   RO          150    i.PrintString       lcdstring.o
    0x080027b0   0x080027b0   0x0000000c   Code   RO          541    i.RST_CLK_CPU_PLLcmd  mdr32f9qx_rst_clk.o
    0x080027bc   0x080027bc   0x00000040   Code   RO          542    i.RST_CLK_CPU_PLLconfig  mdr32f9qx_rst_clk.o
    0x080027fc   0x080027fc   0x00000034   Code   RO          543    i.RST_CLK_CPU_PLLstatus  mdr32f9qx_rst_clk.o
    0x08002830   0x08002830   0x0000000c   Code   RO          544    i.RST_CLK_CPU_PLLuse  mdr32f9qx_rst_clk.o
    0x0800283c   0x0800283c   0x00000014   Code   RO          546    i.RST_CLK_CPUclkSelection  mdr32f9qx_rst_clk.o
    0x08002850   0x08002850   0x00000034   Code   RO          549    i.RST_CLK_GetFlagStatus  mdr32f9qx_rst_clk.o
    0x08002884   0x08002884   0x0000003c   Code   RO          551    i.RST_CLK_HSEconfig  mdr32f9qx_rst_clk.o
    0x080028c0   0x080028c0   0x00000034   Code   RO          552    i.RST_CLK_HSEstatus  mdr32f9qx_rst_clk.o
    0x080028f4   0x080028f4   0x0000003c   Code   RO          557    i.RST_CLK_LSEconfig  mdr32f9qx_rst_clk.o
    0x08002930   0x08002930   0x00000034   Code   RO          558    i.RST_CLK_LSEstatus  mdr32f9qx_rst_clk.o
    0x08002964   0x08002964   0x00000020   Code   RO          562    i.RST_CLK_PCLKcmd   mdr32f9qx_rst_clk.o
    0x08002984   0x08002984   0x000000c8   Code   RO          206    i.ReadStatus        mlt_lcd.o
    0x08002a4c   0x08002a4c   0x000000d0   Code   RO          207    i.SetAdress         mlt_lcd.o
    0x08002b1c   0x08002b1c   0x00000044   Code   RO          208    i.SetDataBits       mlt_lcd.o
    0x08002b60   0x08002b60   0x000000d0   Code   RO          209    i.SetPage           mlt_lcd.o
    0x08002c30   0x08002c30   0x00000048   Code   RO            9    i.SysTick_Handler   2.o
    0x08002c78   0x08002c78   0x00000090   Code   RO          322    i.SystemCoreClockUpdate  system_mdr32f9qx.o
    0x08002d08   0x08002d08   0x00000050   Code   RO          323    i.SystemInit        system_mdr32f9qx.o
    0x08002d58   0x08002d58   0x00000058   Code   RO           10    i.TimeConfig        2.o
    0x08002db0   0x08002db0   0x000000d0   Code   RO          210    i.WriteData         mlt_lcd.o
    0x08002e80   0x08002e80   0x00000028   Code   RO         1021    i.__ARM_fpclassify  m_ws.l(fpclassify.o)
    0x08002ea8   0x08002ea8   0x0000000e   Code   RO          857    i._is_digit         c_w.l(__printf_wp.o)
    0x08002eb6   0x08002eb6   0x0000003e   Code   RO           12    i.main              2.o
    0x08002ef4   0x08002ef4   0x0000002c   Code   RO          777    locale$$code        c_w.l(lc_time_c.o)
    0x08002f20   0x08002f20   0x0000002c   Code   RO         1012    locale$$code        c_w.l(lc_numeric_c.o)
    0x08002f4c   0x08002f4c   0x0000002c   Code   RO         1035    locale$$code        c_w.l(lc_ctype_c.o)
    0x08002f78   0x08002f78   0x00000004   Code   RO          940    x$fpl$printf1       fz_ws.l(printf1.o)
    0x08002f7c   0x08002f7c   0x00000004   Code   RO          942    x$fpl$printf2       fz_ws.l(printf2.o)
    0x08002f80   0x08002f80   0x00000000   Code   RO         1020    x$fpl$usenofp       fz_ws.l(usenofp.o)
    0x08002f80   0x08002f80   0x00000008   Data   RO          816    .constdata          c_w.l(_printf_wctomb.o)
    0x08002f88   0x08002f88   0x00000028   Data   RO          845    .constdata          c_w.l(_printf_hex_int_ll_ptr.o)
    0x08002fb0   0x08002fb0   0x00000011   Data   RO          865    .constdata          c_w.l(__printf_flags_ss_wp.o)
    0x08002fc1   0x08002fc1   0x0000000c   Data   RO          894    .constdata          c_w.l(_monlen.o)
    0x08002fcd   0x08002fcd   0x00000026   Data   RO          957    .constdata          c_w.l(_printf_fp_hex.o)
    0x08002ff3   0x08002ff3   0x00000001   PAD
    0x08002ff4   0x08002ff4   0x00000094   Data   RO          987    .constdata          c_w.l(bigflt0.o)
    0x08003088   0x08003088   0x00000020   Data   RO         1095    Region$$Table       anon$$obj.o
    0x080030a8   0x080030a8   0x00000180   Data   RO          776    locale$$data        c_w.l(lc_time_c.o)
    0x08003228   0x08003228   0x0000001c   Data   RO         1011    locale$$data        c_w.l(lc_numeric_c.o)
    0x08003244   0x08003244   0x00000110   Data   RO         1034    locale$$data        c_w.l(lc_ctype_c.o)


    Execution Region ER_RW (Exec base: 0x20000000, Load base: 0x08003354, Size: 0x0000044c, Max: 0xffffffff, ABSOLUTE, COMPRESSED[0x00000358])

    Exec Addr    Load Addr    Size         Type   Attr      Idx    E Section Name        Object

    0x20000000   COMPRESSED   0x00000448   Data   RW          151    .data               lcdstring.o
    0x20000448   COMPRESSED   0x00000004   Data   RW          324    .data               system_mdr32f9qx.o


    Execution Region ER_ZI (Exec base: 0x2000044c, Load base: 0x080036ac, Size: 0x000006b4, Max: 0xffffffff, ABSOLUTE)

    Exec Addr    Load Addr    Size         Type   Attr      Idx    E Section Name        Object

    0x2000044c        -       0x00000024   Zero   RW           14    .bss                2.o
    0x20000470        -       0x0000002c   Zero   RW          760    .bss                c_w.l(localtime.o)
    0x2000049c        -       0x00000060   Zero   RW          782    .bss                c_w.l(libspace.o)
    0x200004fc   0x080036ac   0x00000004   PAD
    0x20000500        -       0x00000200   Zero   RW          313    HEAP                startup_mdr32f9qx.o
    0x20000700        -       0x00000400   Zero   RW          312    STACK               startup_mdr32f9qx.o


==============================================================================

Image component sizes


      Code (inc. data)   RO Data    RW Data    ZI Data      Debug   Object Name

       590         64          0          0         36     103043   2.o
       648        338          0       1096          0       5702   lcdstring.o
        76         26          0          0          0       2792   mdr32f9qx_bkp.o
       512         18          0          0          0       2972   mdr32f9qx_port.o
       468         50          0          0          0      10090   mdr32f9qx_rst_clk.o
      1364         98          0          0          0       6282   mlt_lcd.o
        64         26        192          0       1536        788   startup_mdr32f9qx.o
       224         28          0          4          0       1383   system_mdr32f9qx.o

    ----------------------------------------------------------------------
      3946        648        224       1100       1572     133052   Object Totals
         0          0         32          0          0          0   (incl. Generated)
         0          0          0          0          0          0   (incl. Padding)

    ----------------------------------------------------------------------

      Code (inc. data)   RO Data    RW Data    ZI Data      Debug   Library Member Name

       100          0          0          0          0          0   __dclz77c.o
         8          0          0          0          0         68   __main.o
       392          4         17          0          0         92   __printf_flags_ss_wp.o
        14          0          0          0          0         68   __printf_wp.o
         0          0          0          0          0          0   __rtentry.o
        12          0          0          0          0          0   __rtentry2.o
         6          0          0          0          0          0   __rtentry4.o
        52          8          0          0          0          0   __scatter.o
        28          0          0          0          0          0   __scatter_zi.o
         0          0         12          0          0          0   _monlen.o
         6          0          0          0          0          0   _printf_a.o
         6          0          0          0          0          0   _printf_c.o
        44          0          0          0          0        108   _printf_char.o
        48          6          0          0          0         96   _printf_char_common.o
        40          0          0          0          0         68   _printf_charcount.o
         6          0          0          0          0          0   _printf_d.o
       120         16          0          0          0         92   _printf_dec.o
         6          0          0          0          0          0   _printf_e.o
         6          0          0          0          0          0   _printf_f.o
      1054          0          0          0          0        216   _printf_fp_dec.o
       764          8         38          0          0        100   _printf_fp_hex.o
       128         16          0          0          0         84   _printf_fp_infnan.o
         6          0          0          0          0          0   _printf_g.o
       148          4         40          0          0        160   _printf_hex_int_ll_ptr.o
         6          0          0          0          0          0   _printf_i.o
       178          0          0          0          0         88   _printf_intcommon.o
        10          0          0          0          0          0   _printf_l.o
         6          0          0          0          0          0   _printf_lc.o
        10          0          0          0          0          0   _printf_ll.o
         6          0          0          0          0          0   _printf_lld.o
         6          0          0          0          0          0   _printf_lli.o
         6          0          0          0          0          0   _printf_llo.o
         6          0          0          0          0          0   _printf_llu.o
         6          0          0          0          0          0   _printf_llx.o
       124         16          0          0          0         92   _printf_longlong_dec.o
         6          0          0          0          0          0   _printf_ls.o
         6          0          0          0          0          0   _printf_n.o
         6          0          0          0          0          0   _printf_o.o
       112         10          0          0          0        124   _printf_oct_int_ll.o
         6          0          0          0          0          0   _printf_p.o
        78          0          0          0          0        108   _printf_pad.o
         0          0          0          0          0          0   _printf_percent.o
         4          0          0          0          0          0   _printf_percent_end.o
         6          0          0          0          0          0   _printf_s.o
        82          0          0          0          0         80   _printf_str.o
        36          0          0          0          0         84   _printf_truncate.o
         6          0          0          0          0          0   _printf_u.o
        44          0          0          0          0        108   _printf_wchar.o
       188          6          8          0          0         92   _printf_wctomb.o
         6          0          0          0          0          0   _printf_x.o
        10          0          0          0          0         68   _sputc.o
        64          0          0          0          0         92   _wcrtomb.o
       228          4        148          0          0         96   bigflt0.o
      1936        128          0          0          0        672   btod.o
        18          0          0          0          0         80   exit.o
         6          0          0          0          0        152   heapauxi.o
         0          0          0          0          0          0   indicate_semi.o
        44         10        272          0          0         76   lc_ctype_c.o
        44         10         28          0          0         76   lc_numeric_c.o
        44         10        384          0          0         76   lc_time_c.o
         2          0          0          0          0          0   libinit.o
        40          0          0          0          0          0   libinit2.o
         2          0          0          0          0          0   libshutdown.o
         2          0          0          0          0          0   libshutdown2.o
         8          4          0          0         96         68   libspace.o
       138          0          0          0          0         80   lludiv10.o
        12          6          0          0         44         68   localtime.o
       184          6          0          0          0         80   localtime_internal.o
        16          4          0          0          0         76   rt_ctype_table.o
         8          4          0          0          0         68   rt_locale_intlibspace.o
        78          0          0          0          0         80   rt_memclr_w.o
         2          0          0          0          0          0   rtexit.o
        10          0          0          0          0          0   rtexit2.o
        44          6          0          0          0         84   sprintf.o
       128          0          0          0          0         68   strcmpv7m.o
       864        122          0          0          0        184   strftime.o
        12          4          0          0          0         68   sys_exit.o
        74          0          0          0          0         80   sys_stackheap_outer.o
         2          0          0          0          0         68   use_no_semi.o
         4          0          0          0          0         68   printf1.o
         4          0          0          0          0         68   printf2.o
         0          0          0          0          0          0   usenofp.o
        40          0          0          0          0         68   fpclassify.o

    ----------------------------------------------------------------------
      8022        412        948          0        144       4592   Library Totals
        10          0          1          0          4          0   (incl. Padding)

    ----------------------------------------------------------------------

      Code (inc. data)   RO Data    RW Data    ZI Data      Debug   Library Name

      7964        412        947          0        140       4388   c_w.l
         8          0          0          0          0        136   fz_ws.l
        40          0          0          0          0         68   m_ws.l

    ----------------------------------------------------------------------
      8022        412        948          0        144       4592   Library Totals

    ----------------------------------------------------------------------

==============================================================================


      Code (inc. data)   RO Data    RW Data    ZI Data      Debug   

     11968       1060       1172       1100       1716     133220   Grand Totals
     11968       1060       1172        856       1716     133220   ELF Image Totals (compressed)
     11968       1060       1172        856          0          0   ROM Totals

==============================================================================

    Total RO  Size (Code + RO Data)                13140 (  12.83kB)
    Total RW  Size (RW Data + ZI Data)              2816 (   2.75kB)
    Total ROM Size (Code + RO Data + RW Data)      13996 (  13.67kB)

==============================================================================

