Component: ARM Compiler 5.06 update 6 (build 750) Tool: armlink [4d35ed]

==============================================================================

Section Cross References

    mlt_lcd.o(i.DispOff) refers to mdr32f9qx_port.o(i.PORT_SetBits) for PORT_SetBits
    mlt_lcd.o(i.DispOff) refers to mdr32f9qx_port.o(i.PORT_ResetBits) for PORT_ResetBits
    mlt_lcd.o(i.DispOff) refers to mlt_lcd.o(i.MltDelay) for MltDelay
    mlt_lcd.o(i.DispOff) refers to mlt_lcd.o(i.SetDataBits) for SetDataBits
    mlt_lcd.o(i.DispOn) refers to mdr32f9qx_port.o(i.PORT_SetBits) for PORT_SetBits
    mlt_lcd.o(i.DispOn) refers to mdr32f9qx_port.o(i.PORT_ResetBits) for PORT_ResetBits
    mlt_lcd.o(i.DispOn) refers to mlt_lcd.o(i.MltDelay) for MltDelay
    mlt_lcd.o(i.DispOn) refers to mlt_lcd.o(i.SetDataBits) for SetDataBits
    mlt_lcd.o(i.LcdClearChip) refers to mlt_lcd.o(i.LcdClearPage) for LcdClearPage
    mlt_lcd.o(i.LcdClearPage) refers to mlt_lcd.o(i.SetPage) for SetPage
    mlt_lcd.o(i.LcdClearPage) refers to mlt_lcd.o(i.SetAdress) for SetAdress
    mlt_lcd.o(i.LcdClearPage) refers to mlt_lcd.o(i.ReadStatus) for ReadStatus
    mlt_lcd.o(i.LcdClearPage) refers to mlt_lcd.o(i.WriteData) for WriteData
    mlt_lcd.o(i.LcdInit) refers to mdr32f9qx_port.o(i.PORT_ResetBits) for PORT_ResetBits
    mlt_lcd.o(i.LcdInit) refers to mlt_lcd.o(i.MltDelay) for MltDelay
    mlt_lcd.o(i.LcdInit) refers to mdr32f9qx_port.o(i.PORT_SetBits) for PORT_SetBits
    mlt_lcd.o(i.LcdInit) refers to mlt_lcd.o(i.ReadStatus) for ReadStatus
    mlt_lcd.o(i.LcdPutChar) refers to mlt_lcd.o(i.SetPage) for SetPage
    mlt_lcd.o(i.LcdPutChar) refers to mlt_lcd.o(i.SetAdress) for SetAdress
    mlt_lcd.o(i.LcdPutChar) refers to mlt_lcd.o(i.ReadStatus) for ReadStatus
    mlt_lcd.o(i.LcdPutChar) refers to mlt_lcd.o(i.WriteData) for WriteData
    mlt_lcd.o(i.LcdPutImage) refers to mlt_lcd.o(i.SetPage) for SetPage
    mlt_lcd.o(i.LcdPutImage) refers to mlt_lcd.o(i.SetAdress) for SetAdress
    mlt_lcd.o(i.LcdPutImage) refers to mlt_lcd.o(i.ReadStatus) for ReadStatus
    mlt_lcd.o(i.LcdPutImage) refers to mlt_lcd.o(i.WriteData) for WriteData
    mlt_lcd.o(i.LcdPutString) refers to mlt_lcd.o(i.SetPage) for SetPage
    mlt_lcd.o(i.LcdPutString) refers to mlt_lcd.o(i.SetAdress) for SetAdress
    mlt_lcd.o(i.LcdPutString) refers to mlt_lcd.o(i.ReadStatus) for ReadStatus
    mlt_lcd.o(i.LcdPutString) refers to mlt_lcd.o(i.WriteData) for WriteData
    mlt_lcd.o(i.LcdScrollString) refers to mlt_lcd.o(i.LcdPutString) for LcdPutString
    mlt_lcd.o(i.ReadData) refers to mdr32f9qx_port.o(i.PORT_SetBits) for PORT_SetBits
    mlt_lcd.o(i.ReadData) refers to mlt_lcd.o(i.MltDelay) for MltDelay
    mlt_lcd.o(i.ReadData) refers to mlt_lcd.o(i.SetDataBits) for SetDataBits
    mlt_lcd.o(i.ReadData) refers to mdr32f9qx_port.o(i.PORT_ResetBits) for PORT_ResetBits
    mlt_lcd.o(i.ReadStatus) refers to mdr32f9qx_port.o(i.PORT_SetBits) for PORT_SetBits
    mlt_lcd.o(i.ReadStatus) refers to mdr32f9qx_port.o(i.PORT_ResetBits) for PORT_ResetBits
    mlt_lcd.o(i.ReadStatus) refers to mlt_lcd.o(i.MltDelay) for MltDelay
    mlt_lcd.o(i.SetAdress) refers to mdr32f9qx_port.o(i.PORT_SetBits) for PORT_SetBits
    mlt_lcd.o(i.SetAdress) refers to mdr32f9qx_port.o(i.PORT_ResetBits) for PORT_ResetBits
    mlt_lcd.o(i.SetAdress) refers to mlt_lcd.o(i.MltDelay) for MltDelay
    mlt_lcd.o(i.SetAdress) refers to mlt_lcd.o(i.SetDataBits) for SetDataBits
    mlt_lcd.o(i.SetPage) refers to mdr32f9qx_port.o(i.PORT_SetBits) for PORT_SetBits
    mlt_lcd.o(i.SetPage) refers to mdr32f9qx_port.o(i.PORT_ResetBits) for PORT_ResetBits
    mlt_lcd.o(i.SetPage) refers to mlt_lcd.o(i.MltDelay) for MltDelay
    mlt_lcd.o(i.SetPage) refers to mlt_lcd.o(i.SetDataBits) for SetDataBits
    mlt_lcd.o(i.WriteData) refers to mdr32f9qx_port.o(i.PORT_SetBits) for PORT_SetBits
    mlt_lcd.o(i.WriteData) refers to mdr32f9qx_port.o(i.PORT_ResetBits) for PORT_ResetBits
    mlt_lcd.o(i.WriteData) refers to mlt_lcd.o(i.MltDelay) for MltDelay
    mlt_lcd.o(i.WriteData) refers to mlt_lcd.o(i.SetDataBits) for SetDataBits
    mlt_lcd.o(i.setPixel) refers to mlt_lcd.o(i.SetPage) for SetPage
    mlt_lcd.o(i.setPixel) refers to mlt_lcd.o(i.SetAdress) for SetAdress
    mlt_lcd.o(i.setPixel) refers to mlt_lcd.o(i.ReadData) for ReadData
    mlt_lcd.o(i.setPixel) refers to mlt_lcd.o(i.WriteData) for WriteData
    lcdstring.o(i.PrintString) refers to mlt_lcd.o(i.LcdPutChar) for LcdPutChar
    lcdstring.o(i.PrintString) refers to lcdstring.o(.data) for dig_0
    main2_4.o(i.ButtonsPinCfg) refers to mdr32f9qx_port.o(i.PORT_StructInit) for PORT_StructInit
    main2_4.o(i.ButtonsPinCfg) refers to mdr32f9qx_port.o(i.PORT_Init) for PORT_Init
    main2_4.o(i.ButtonsPinCfg) refers to main2_4.o(.bss) for PortInit
    main2_4.o(i.CPUinit) refers to mdr32f9qx_rst_clk.o(i.RST_CLK_HSEconfig) for RST_CLK_HSEconfig
    main2_4.o(i.CPUinit) refers to mdr32f9qx_rst_clk.o(i.RST_CLK_HSEstatus) for RST_CLK_HSEstatus
[...]
    ../clib/angel/kernel.s                   0x00000000   Number         0  __rtentry4.o ABSOLUTE
    ../clib/angel/kernel.s                   0x00000000   Number         0  __rtentry.o ABSOLUTE
    ../clib/angel/kernel.s                   0x00000000   Number         0  __rtentry2.o ABSOLUTE
    ../clib/angel/rt.s                       0x00000000   Number         0  rt_heap_descriptor_intlibspace.o ABSOLUTE
    ../clib/angel/rt.s                       0x00000000   Number         0  rt_heap_descriptor.o ABSOLUTE
    ../clib/angel/rt.s                       0x00000000   Number         0  rt_raise.o ABSOLUTE
    ../clib/angel/scatter.s                  0x00000000   Number         0  __scatter.o ABSOLUTE
    ../clib/angel/startup.s                  0x00000000   Number         0  __main.o ABSOLUTE
    ../clib/angel/sys.s                      0x00000000   Number         0  use_no_semi.o ABSOLUTE
    ../clib/angel/sys.s                      0x00000000   Number         0  libspace.o ABSOLUTE
    ../clib/angel/sys.s                      0x00000000   Number         0  mutex_dummy.o ABSOLUTE
    ../clib/angel/sys.s                      0x00000000   Number         0  sys_stackheap_outer.o ABSOLUTE
    ../clib/angel/sys.s                      0x00000000   Number         0  indicate_semi.o ABSOLUTE
    ../clib/angel/sysapp.c                   0x00000000   Number         0  sys_exit.o ABSOLUTE
    ../clib/angel/sysapp.c                   0x00000000   Number         0  sys_command.o ABSOLUTE
    ../clib/angel/sysapp.c                   0x00000000   Number         0  sys_wrch.o ABSOLUTE
    ../clib/armsys.c                         0x00000000   Number         0  _get_argv_nomalloc.o ABSOLUTE
    ../clib/armsys.c                         0x00000000   Number         0  no_argv.o ABSOLUTE
    ../clib/armsys.c                         0x00000000   Number         0  argv_veneer.o ABSOLUTE
    ../clib/armsys.c                         0x00000000   Number         0  _get_argv.o ABSOLUTE
    ../clib/armsys.c                         0x00000000   Number         0  argv_veneer.o ABSOLUTE
    ../clib/heap1.c                          0x00000000   Number         0  h1_free_mt.o ABSOLUTE
    ../clib/heap1.c                          0x00000000   Number         0  h1_alloc_mt.o ABSOLUTE
    ../clib/heap1.c                          0x00000000   Number         0  h1_free.o ABSOLUTE
    ../clib/heap1.c                          0x00000000   Number         0  h1_extend.o ABSOLUTE
    ../clib/heap1.c                          0x00000000   Number         0  h1_init_mt.o ABSOLUTE
    ../clib/heap1.c                          0x00000000   Number         0  h1_final_mt.o ABSOLUTE
    ../clib/heap1.c                          0x00000000   Number         0  h1_alloc.o ABSOLUTE
    ../clib/heap1.c                          0x00000000   Number         0  h1_final.o ABSOLUTE
    ../clib/heap1.c                          0x00000000   Number         0  h1_extend_mt.o ABSOLUTE
    ../clib/heap1.c                          0x00000000   Number         0  h1_init.o ABSOLUTE
    ../clib/heap2.c                          0x00000000   Number         0  fdtree.o ABSOLUTE
    ../clib/heap2.c                          0x00000000   Number         0  heap2mt.o ABSOLUTE
    ../clib/heap2.c                          0x00000000   Number         0  heap2.o ABSOLUTE
    ../clib/heapalloc.c                      0x00000000   Number         0  hrguard.o ABSOLUTE
    ../clib/heapalloc.c                      0x00000000   Number         0  maybetermalloc1.o ABSOLUTE
    ../clib/heapalloc.c                      0x00000000   Number         0  maybetermalloc1.o ABSOLUTE
    ../clib/heapalloc.c                      0x00000000   Number         0  maybetermalloc2.o ABSOLUTE
    ../clib/heapalloc.c                      0x00000000   Number         0  maybetermalloc2.o ABSOLUTE
    ../clib/heapalloc.c                      0x00000000   Number         0  hguard.o ABSOLUTE
    ../clib/heapalloc.c                      0x00000000   Number         0  free.o ABSOLUTE
    ../clib/heapalloc.c                      0x00000000   Number         0  term_alloc.o ABSOLUTE
    ../clib/heapalloc.c                      0x00000000   Number         0  heapstubs.o ABSOLUTE
    ../clib/heapalloc.c                      0x00000000   Number         0  init_alloc.o ABSOLUTE
    ../clib/heapalloc.c                      0x00000000   Number         0  malloc.o ABSOLUTE
    ../clib/heapaux.c                        0x00000000   Number         0  heapauxa.o ABSOLUTE
    ../clib/heapaux.c                        0x00000000   Number         0  heapauxi.o ABSOLUTE
    ../clib/libinit.s                        0x00000000   Number         0  libshutdown2.o ABSOLUTE
    ../clib/libinit.s                        0x00000000   Number         0  libinit.o ABSOLUTE
    ../clib/libinit.s                        0x00000000   Number         0  libinit2.o ABSOLUTE
    ../clib/libinit.s                        0x00000000   Number         0  libshutdown.o ABSOLUTE
    ../clib/memcpset.s                       0x00000000   Number         0  rt_memcpy_w.o ABSOLUTE
    ../clib/printf.c                         0x00000000   Number         0  _sputc.o ABSOLUTE
    ../clib/printf.c                         0x00000000   Number         0  __printf_flags_ss_wp.o ABSOLUTE
    ../clib/printf.c                         0x00000000   Number         0  _printf_intcommon.o ABSOLUTE
    ../clib/printf.c                         0x00000000   Number         0  __printf.o ABSOLUTE
    ../clib/printf.c                         0x00000000   Number         0  _printf_char.o ABSOLUTE
    ../clib/printf.c                         0x00000000   Number         0  __printf_nopercent.o ABSOLUTE
    ../clib/printf.c                         0x00000000   Number         0  _printf_char_common.o ABSOLUTE
    ../clib/printf.c                         0x00000000   Number         0  __2sprintf.o ABSOLUTE
    ../clib/printf.c                         0x00000000   Number         0  noretval__2sprintf.o ABSOLUTE
    ../clib/printf.c                         0x00000000   Number         0  _printf_dec.o ABSOLUTE
    ../clib/printf.c                         0x00000000   Number         0  __printf_flags.o ABSOLUTE
    ../clib/printf.c                         0x00000000   Number         0  __printf_ss.o ABSOLUTE
    ../clib/printf.c                         0x00000000   Number         0  _printf_str.o ABSOLUTE
    ../clib/printf.c                         0x00000000   Number         0  __printf_flags_ss.o ABSOLUTE
    ../clib/printf.c                         0x00000000   Number         0  __printf_flags_wp.o ABSOLUTE
    ../clib/printf.c                         0x00000000   Number         0  __printf_wp.o ABSOLUTE
    ../clib/printf.c                         0x00000000   Number         0  __printf_ss_wp.o ABSOLUTE
    ../clib/printf_percent.s                 0x00000000   Number         0  _printf_d.o ABSOLUTE
    ../clib/printf_percent.s                 0x00000000   Number         0  _printf_percent.o ABSOLUTE
    ../clib/printf_percent.s                 0x00000000   Number         0  _printf_percent_end.o ABSOLUTE
    ../clib/printf_percent.s                 0x00000000   Number         0  _printf_s.o ABSOLUTE
    ../clib/signal.c                         0x00000000   Number         0  defsig_fpe_inner.o ABSOLUTE
    ../clib/signal.c                         0x00000000   Number         0  defsig_rtmem_formal.o ABSOLUTE
    ../clib/signal.c                         0x00000000   Number         0  defsig_abrt_inner.o ABSOLUTE
    ../clib/signal.c                         0x00000000   Number         0  defsig_cppl_inner.o ABSOLUTE
    ../clib/signal.c                         0x00000000   Number         0  defsig_rtmem_inner.o ABSOLUTE
    ../clib/signal.c                         0x00000000   Number         0  defsig_segv_inner.o ABSOLUTE
    ../clib/signal.c                         0x00000000   Number         0  defsig_rtred_inner.o ABSOLUTE
    ../clib/signal.c                         0x00000000   Number         0  defsig_other.o ABSOLUTE
    ../clib/signal.c                         0x00000000   Number         0  defsig_rtmem_outer.o ABSOLUTE
    ../clib/signal.c                         0x00000000   Number         0  defsig_stak_inner.o ABSOLUTE
    ../clib/signal.c                         0x00000000   Number         0  defsig_general.o ABSOLUTE
    ../clib/signal.c                         0x00000000   Number         0  defsig_pvfn_inner.o ABSOLUTE
    ../clib/signal.c                         0x00000000   Number         0  defsig_exit.o ABSOLUTE
    ../clib/signal.c                         0x00000000   Number         0  __raise.o ABSOLUTE
    ../clib/signal.s                         0x00000000   Number         0  defsig.o ABSOLUTE
    ../clib/stdlib.c                         0x00000000   Number         0  exit.o ABSOLUTE
    ../fplib/fpinit.s                        0x00000000   Number         0  fpinit.o ABSOLUTE
    C:\Keil_v5\ARM\PACK\Keil\MDR1986BExx\1.4\Libraries\MDR32F9Qx_StdPeriph_Driver\src\MDR32F9Qx_port.c 0x00000000   Number         0  mdr32f9qx_port.o ABSOLUTE
    C:\Keil_v5\ARM\PACK\Keil\MDR1986BExx\1.4\Libraries\MDR32F9Qx_StdPeriph_Driver\src\MDR32F9Qx_rst_clk.c 0x00000000   Number         0  mdr32f9qx_rst_clk.o ABSOLUTE
    C:\\Keil_v5\\ARM\\PACK\\Keil\\MDR1986BExx\\1.4\\Libraries\\MDR32F9Qx_StdPeriph_Driver\\src\\MDR32F9Qx_port.c 0x00000000   Number         0  mdr32f9qx_port.o ABSOLUTE
    C:\\Keil_v5\\ARM\\PACK\\Keil\\MDR1986BExx\\1.4\\Libraries\\MDR32F9Qx_StdPeriph_Driver\\src\\MDR32F9Qx_rst_clk.c 0x00000000   Number         0  mdr32f9qx_rst_clk.o ABSOLUTE
    LIBS\\lcdstring.c                        0x00000000   Number         0  lcdstring.o ABSOLUTE
    LIBS\\mlt_lcd.c                          0x00000000   Number         0  mlt_lcd.o ABSOLUTE
    LIBS\lcdstring.c                         0x00000000   Number         0  lcdstring.o ABSOLUTE
    LIBS\mlt_lcd.c                           0x00000000   Number         0  mlt_lcd.o ABSOLUTE
    RTE\Device\MDR1986BE92\startup_MDR32F9Qx.s 0x00000000   Number         0  startup_mdr32f9qx.o ABSOLUTE
    RTE\Device\MDR1986BE92\system_MDR32F9Qx.c 0x00000000   Number         0  system_mdr32f9qx.o ABSOLUTE
    RTE\\Device\\MDR1986BE92\\system_MDR32F9Qx.c 0x00000000   Number         0  system_mdr32f9qx.o ABSOLUTE
    dc.s                                     0x00000000   Number         0  dc.o ABSOLUTE
    main2_4.c                                0x00000000   Number         0  main2_4.o ABSOLUTE
    main2_4.c                                0x00000000   Number         0  main2_4.o ABSOLUTE
    RESET                                    0x08000000   Section      192  startup_mdr32f9qx.o(RESET)
    !!!main                                  0x080000c0   Section        8  __main.o(!!!main)
    !!!scatter                               0x080000c8   Section       52  __scatter.o(!!!scatter)
    !!dclz77c                                0x080000fc   Section      100  __dclz77c.o(!!dclz77c)
    !!handler_zi                             0x08000160   Section       28  __scatter_zi.o(!!handler_zi)
    .ARM.Collect$$_printf_percent$$00000000  0x0800017c   Section        0  _printf_percent.o(.ARM.Collect$$_printf_percent$$00000000)
    .ARM.Collect$$_printf_percent$$00000009  0x0800017c   Section        6  _printf_d.o(.ARM.Collect$$_printf_percent$$00000009)
    .ARM.Collect$$_printf_percent$$00000014  0x08000182   Section        6  _printf_s.o(.ARM.Collect$$_printf_percent$$00000014)
    .ARM.Collect$$_printf_percent$$00000017  0x08000188   Section        4  _printf_percent_end.o(.ARM.Collect$$_printf_percent$$00000017)
    .ARM.Collect$$libinit$$00000000          0x0800018c   Section        2  libinit.o(.ARM.Collect$$libinit$$00000000)
    .ARM.Collect$$libinit$$00000002          0x0800018e   Section        0  libinit2.o(.ARM.Collect$$libinit$$00000002)
    .ARM.Collect$$libinit$$00000004          0x0800018e   Section        0  libinit2.o(.ARM.Collect$$libinit$$00000004)
    .ARM.Collect$$libinit$$00000005          0x0800018e   Section        8  libinit2.o(.ARM.Collect$$libinit$$00000005)
    .ARM.Collect$$libinit$$0000000A          0x08000196   Section        0  libinit2.o(.ARM.Collect$$libinit$$0000000A)
    .ARM.Collect$$libinit$$0000000C          0x08000196   Section        0  libinit2.o(.ARM.Collect$$libinit$$0000000C)
    .ARM.Collect$$libinit$$0000000E          0x08000196   Section        0  libinit2.o(.ARM.Collect$$libinit$$0000000E)
    .ARM.Collect$$libinit$$00000011          0x08000196   Section        0  libinit2.o(.ARM.Collect$$libinit$$00000011)
    .ARM.Collect$$libinit$$00000013          0x08000196   Section        0  libinit2.o(.ARM.Collect$$libinit$$00000013)
    .ARM.Collect$$libinit$$00000015          0x08000196   Section        0  libinit2.o(.ARM.Collect$$libinit$$00000015)
    .ARM.Collect$$libinit$$00000017          0x08000196   Section        0  libinit2.o(.ARM.Collect$$libinit$$00000017)
    .ARM.Collect$$libinit$$00000019          0x08000196   Section        0  libinit2.o(.ARM.Collect$$libinit$$00000019)
    .ARM.Collect$$libinit$$0000001B          0x08000196   Section        0  libinit2.o(.ARM.Collect$$libinit$$0000001B)
    .ARM.Collect$$libinit$$0000001D          0x08000196   Section        0  libinit2.o(.ARM.Collect$$libinit$$0000001D)
    .ARM.Collect$$libinit$$0000001F          0x08000196   Section        0  libinit2.o(.ARM.Collect$$libinit$$0000001F)
    .ARM.Collect$$libinit$$00000021          0x08000196   Section        0  libinit2.o(.ARM.Collect$$libinit$$00000021)
    .ARM.Collect$$libinit$$00000023          0x08000196   Section        0  libinit2.o(.ARM.Collect$$libinit$$00000023)
    .ARM.Collect$$libinit$$00000025          0x08000196   Section        0  libinit2.o(.ARM.Collect$$libinit$$00000025)
    .ARM.Collect$$libinit$$0000002C          0x08000196   Section        0  libinit2.o(.ARM.Collect$$libinit$$0000002C)
    .ARM.Collect$$libinit$$0000002E          0x08000196   Section        0  libinit2.o(.ARM.Collect$$libinit$$0000002E)
    .ARM.Collect$$libinit$$00000030          0x08000196   Section        0  libinit2.o(.ARM.Collect$$libinit$$00000030)
    .ARM.Collect$$libinit$$00000032          0x08000196   Section        0  libinit2.o(.ARM.Collect$$libinit$$00000032)
    .ARM.Collect$$libinit$$00000033          0x08000196   Section        2  libinit2.o(.ARM.Collect$$libinit$$00000033)
    .ARM.Collect$$libshutdown$$00000000      0x08000198   Section        2  libshutdown.o(.ARM.Collect$$libshutdown$$00000000)
    .ARM.Collect$$libshutdown$$00000002      0x0800019a   Section        0  libshutdown2.o(.ARM.Collect$$libshutdown$$00000002)
    .ARM.Collect$$libshutdown$$00000004      0x0800019a   Section        0  libshutdown2.o(.ARM.Collect$$libshutdown$$00000004)
    .ARM.Collect$$libshutdown$$00000007      0x0800019a   Section        0  libshutdown2.o(.ARM.Collect$$libshutdown$$00000007)
    .ARM.Collect$$libshutdown$$0000000A      0x0800019a   Section        0  libshutdown2.o(.ARM.Collect$$libshutdown$$0000000A)
    .ARM.Collect$$libshutdown$$0000000C      0x0800019a   Section        0  libshutdown2.o(.ARM.Collect$$libshutdown$$0000000C)
    .ARM.Collect$$libshutdown$$0000000F      0x0800019a   Section        0  libshutdown2.o(.ARM.Collect$$libshutdown$$0000000F)
    .ARM.Collect$$libshutdown$$00000010      0x0800019a   Section        2  libshutdown2.o(.ARM.Collect$$libshutdown$$00000010)
    .ARM.Collect$$rtentry$$00000000          0x0800019c   Section        0  __rtentry.o(.ARM.Collect$$rtentry$$00000000)
    .ARM.Collect$$rtentry$$00000002          0x0800019c   Section        0  __rtentry2.o(.ARM.Collect$$rtentry$$00000002)
    .ARM.Collect$$rtentry$$00000004          0x0800019c   Section        6  __rtentry4.o(.ARM.Collect$$rtentry$$00000004)
    .ARM.Collect$$rtentry$$00000009          0x080001a2   Section        0  __rtentry2.o(.ARM.Collect$$rtentry$$00000009)
    .ARM.Collect$$rtentry$$0000000A          0x080001a2   Section        4  __rtentry2.o(.ARM.Collect$$rtentry$$0000000A)
    .ARM.Collect$$rtentry$$0000000C          0x080001a6   Section        0  __rtentry2.o(.ARM.Collect$$rtentry$$0000000C)
    .ARM.Collect$$rtentry$$0000000D          0x080001a6   Section        8  __rtentry2.o(.ARM.Collect$$rtentry$$0000000D)
    .ARM.Collect$$rtexit$$00000000           0x080001ae   Section        2  rtexit.o(.ARM.Collect$$rtexit$$00000000)
    .ARM.Collect$$rtexit$$00000002           0x080001b0   Section        0  rtexit2.o(.ARM.Collect$$rtexit$$00000002)
    .ARM.Collect$$rtexit$$00000003           0x080001b0   Section        4  rtexit2.o(.ARM.Collect$$rtexit$$00000003)
    .ARM.Collect$$rtexit$$00000004           0x080001b4   Section        6  rtexit2.o(.ARM.Collect$$rtexit$$00000004)
    .emb_text                                0x080001bc   Section        0  maybetermalloc1.o(.emb_text)
    .text                                    0x080001bc   Section       64  startup_mdr32f9qx.o(.text)
    .text                                    0x080001fc   Section        0  h1_alloc.o(.text)
    .text                                    0x0800025a   Section        0  h1_free.o(.text)
    .text                                    0x080002a8   Section        0  noretval__2sprintf.o(.text)
    .text                                    0x080002d0   Section        0  __printf.o(.text)
    .text                                    0x08000338   Section        0  _printf_str.o(.text)
    .text                                    0x0800038c   Section        0  _printf_dec.o(.text)
    .text                                    0x08000404   Section        0  heapauxi.o(.text)
    .text                                    0x0800040c   Section        8  rt_heap_descriptor_intlibspace.o(.text)
    .text                                    0x08000414   Section        0  hguard.o(.text)
    .text                                    0x08000418   Section        0  init_alloc.o(.text)
    .text                                    0x080004a2   Section        0  h1_init.o(.text)
    .text                                    0x080004b0   Section        0  _printf_intcommon.o(.text)
    .text                                    0x08000564   Section        0  _printf_char_common.o(.text)
    _printf_input_char                       0x08000565   Thumb Code    10  _printf_char_common.o(.text)
    .text                                    0x08000594   Section        0  _sputc.o(.text)
    .text                                    0x0800059e   Section        0  _printf_char.o(.text)
    .text                                    0x080005cc   Section        8  libspace.o(.text)
    .text                                    0x080005d4   Section        0  h1_extend.o(.text)
    .text                                    0x08000608   Section        0  defsig_rtmem_outer.o(.text)
    .text                                    0x08000616   Section        2  use_no_semi.o(.text)
    .text                                    0x08000618   Section       74  sys_stackheap_outer.o(.text)
    .text                                    0x08000618   Section        0  indicate_semi.o(.text)
    .text                                    0x08000662   Section        0  exit.o(.text)
    .text                                    0x08000674   Section        0  defsig_exit.o(.text)
    .text                                    0x08000680   Section        0  defsig_rtmem_inner.o(.text)
    .text                                    0x080006d0   Section        0  sys_exit.o(.text)
    .text                                    0x080006dc   Section        0  defsig_general.o(.text)
    .text                                    0x0800070e   Section        0  sys_wrch.o(.text)
    i.ButtonsPinCfg                          0x0800071c   Section        0  main2_4.o(i.ButtonsPinCfg)
    i.CPUinit                                0x08000760   Section        0  main2_4.o(i.CPUinit)
    i.DispOn                                 0x0800079c   Section        0  mlt_lcd.o(i.DispOn)
    i.LCDPins                                0x08000868   Section        0  main2_4.o(i.LCDPins)
    i.LCDStart                               0x080008c4   Section        0  main2_4.o(i.LCDStart)
    i.LcdClearChip                           0x08000908   Section        0  mlt_lcd.o(i.LcdClearChip)
    i.LcdClearPage                           0x08000920   Section        0  mlt_lcd.o(i.LcdClearPage)
    i.LcdInit                                0x08000960   Section        0  mlt_lcd.o(i.LcdInit)
    i.LcdPutChar                             0x080009a0   Section        0  mlt_lcd.o(i.LcdPutChar)
    i.MltDelay                               0x08000a08   Section        0  mlt_lcd.o(i.MltDelay)
    i.PCLKinit                               0x08000a14   Section        0  main2_4.o(i.PCLKinit)
    i.PORT_Init                              0x08000a38   Section        0  mdr32f9qx_port.o(i.PORT_Init)
    i.PORT_ReadInputDataBit                  0x08000c00   Section        0  mdr32f9qx_port.o(i.PORT_ReadInputDataBit)
    i.PORT_ResetBits                         0x08000c10   Section        0  mdr32f9qx_port.o(i.PORT_ResetBits)
    i.PORT_SetBits                           0x08000c2c   Section        0  mdr32f9qx_port.o(i.PORT_SetBits)
    i.PORT_StructInit                        0x08000c48   Section        0  mdr32f9qx_port.o(i.PORT_StructInit)
    i.PrintRight                             0x08000c64   Section        0  main2_4.o(i.PrintRight)
    i.PrintString                            0x08000ca8   Section        0  lcdstring.o(i.PrintString)
    i.RST_CLK_CPU_PLLcmd                     0x08000f30   Section        0  mdr32f9qx_rst_clk.o(i.RST_CLK_CPU_PLLcmd)
    i.RST_CLK_CPU_PLLconfig                  0x08000f3c   Section        0  mdr32f9qx_rst_clk.o(i.RST_CLK_CPU_PLLconfig)
    i.RST_CLK_CPU_PLLstatus                  0x08000f7c   Section        0  mdr32f9qx_rst_clk.o(i.RST_CLK_CPU_PLLstatus)
    i.RST_CLK_CPU_PLLuse                     0x08000fb0   Section        0  mdr32f9qx_rst_clk.o(i.RST_CLK_CPU_PLLuse)
    i.RST_CLK_CPUclkPrescaler                0x08000fbc   Section        0  mdr32f9qx_rst_clk.o(i.RST_CLK_CPUclkPrescaler)
    i.RST_CLK_CPUclkSelection                0x08000fd4   Section        0  mdr32f9qx_rst_clk.o(i.RST_CLK_CPUclkSelection)
    i.RST_CLK_GetFlagStatus                  0x08000fe8   Section        0  mdr32f9qx_rst_clk.o(i.RST_CLK_GetFlagStatus)
    i.RST_CLK_HSEconfig                      0x0800101c   Section        0  mdr32f9qx_rst_clk.o(i.RST_CLK_HSEconfig)
    i.RST_CLK_HSEstatus                      0x08001058   Section        0  mdr32f9qx_rst_clk.o(i.RST_CLK_HSEstatus)
    i.RST_CLK_PCLKcmd                        0x0800108c   Section        0  mdr32f9qx_rst_clk.o(i.RST_CLK_PCLKcmd)
    i.ReadStatus                             0x080010ac   Section        0  mlt_lcd.o(i.ReadStatus)
    i.SetAdress                              0x08001174   Section        0  mlt_lcd.o(i.SetAdress)
    i.SetDataBits                            0x08001244   Section        0  mlt_lcd.o(i.SetDataBits)
    i.SetPage                                0x08001288   Section        0  mlt_lcd.o(i.SetPage)
    i.SetUpOutput                            0x08001358   Section        0  main2_4.o(i.SetUpOutput)
    i.SystemCoreClockUpdate                  0x08001380   Section        0  system_mdr32f9qx.o(i.SystemCoreClockUpdate)
    i.SystemInit                             0x08001410   Section        0  system_mdr32f9qx.o(i.SystemInit)
    i.WriteData                              0x08001460   Section        0  mlt_lcd.o(i.WriteData)
    i.changeTask                             0x08001530   Section        0  main2_4.o(i.changeTask)
    i.isDownPressed                          0x08001570   Section        0  main2_4.o(i.isDownPressed)
    i.isUpPressed                            0x08001580   Section        0  main2_4.o(i.isUpPressed)
    i.main                                   0x08001590   Section        0  main2_4.o(i.main)
    i.pressDown                              0x08001700   Section        0  main2_4.o(i.pressDown)
    i.pressUp                                0x08001720   Section        0  main2_4.o(i.pressUp)
    .data                                    0x20000000   Section     1096  lcdstring.o(.data)
    dig_0                                    0x20000000   Data           8  lcdstring.o(.data)
    dig_1                                    0x20000008   Data           8  lcdstring.o(.data)
    dig_2                                    0x20000010   Data           8  lcdstring.o(.data)
    dig_3                                    0x20000018   Data           8  lcdstring.o(.data)
    dig_4                                    0x20000020   Data           8  lcdstring.o(.data)
    dig_5                                    0x20000028   Data           8  lcdstring.o(.data)
    dig_6                                    0x20000030   Data           8  lcdstring.o(.data)
    dig_7                                    0x20000038   Data           8  lcdstring.o(.data)
    dig_8                                    0x20000040   Data           8  lcdstring.o(.data)
    dig_9                                    0x20000048   Data           8  lcdstring.o(.data)
    lat_A                                    0x20000050   Data           8  lcdstring.o(.data)
    lat_B                                    0x20000058   Data           8  lcdstring.o(.data)
    lat_C                                    0x20000060   Data           8  lcdstring.o(.data)
    lat_D                                    0x20000068   Data           8  lcdstring.o(.data)
    lat_E                                    0x20000070   Data           8  lcdstring.o(.data)
    lat_F                                    0x20000078   Data           8  lcdstring.o(.data)
    lat_G                                    0x20000080   Data           8  lcdstring.o(.data)
    lat_H                                    0x20000088   Data           8  lcdstring.o(.data)
    lat_I                                    0x20000090   Data           8  lcdstring.o(.data)
    lat_J                                    0x20000098   Data           8  lcdstring.o(.data)
    lat_K                                    0x200000a0   Data           8  lcdstring.o(.data)
    lat_L                                    0x200000a8   Data           8  lcdstring.o(.data)
    lat_M                                    0x200000b0   Data           8  lcdstring.o(.data)
    lat_N                                    0x200000b8   Data           8  lcdstring.o(.data)
    lat_O                                    0x200000c0   Data           8  lcdstring.o(.data)
    lat_P                                    0x200000c8   Data           8  lcdstring.o(.data)
    lat_Q                                    0x200000d0   Data           8  lcdstring.o(.data)
    lat_R                                    0x200000d8   Data           8  lcdstring.o(.data)
    lat_S                                    0x200000e0   Data           8  lcdstring.o(.data)
    lat_T                                    0x200000e8   Data           8  lcdstring.o(.data)
    lat_U                                    0x200000f0   Data           8  lcdstring.o(.data)
    lat_V                                    0x200000f8   Data           8  lcdstring.o(.data)
    lat_W                                    0x20000100   Data           8  lcdstring.o(.data)
    lat_X                                    0x20000108   Data           8  lcdstring.o(.data)
    lat_Y                                    0x20000110   Data           8  lcdstring.o(.data)
    lat_Z                                    0x20000118   Data           8  lcdstring.o(.data)
    lat_a                                    0x20000120   Data           8  lcdstring.o(.data)
    lat_b                                    0x20000128   Data           8  lcdstring.o(.data)
    lat_c                                    0x20000130   Data           8  lcdstring.o(.data)
    lat_d                                    0x20000138   Data           8  lcdstring.o(.data)
    lat_e                                    0x20000140   Data           8  lcdstring.o(.data)
    lat_f                                    0x20000148   Data           8  lcdstring.o(.data)
    lat_g                                    0x20000150   Data           8  lcdstring.o(.data)
    lat_h                                    0x20000158   Data           8  lcdstring.o(.data)
    lat_i                                    0x20000160   Data           8  lcdstring.o(.data)
    lat_j                                    0x20000168   Data           8  lcdstring.o(.data)
    lat_k                                    0x20000170   Data           8  lcdstring.o(.data)
    lat_l                                    0x20000178   Data           8  lcdstring.o(.data)
    lat_m                                    0x20000180   Data           8  lcdstring.o(.data)
    lat_n                                    0x20000188   Data           8  lcdstring.o(.data)
    lat_o                                    0x20000190   Data           8  lcdstring.o(.data)
    lat_p                                    0x20000198   Data           8  lcdstring.o(.data)
    lat_q                                    0x200001a0   Data           8  lcdstring.o(.data)
    lat_r                                    0x200001a8   Data           8  lcdstring.o(.data)
    lat_s                                    0x200001b0   Data           8  lcdstring.o(.data)
    lat_t                                    0x200001b8   Data           8  lcdstring.o(.data)
    lat_u                                    0x200001c0   Data           8  lcdstring.o(.data)
    lat_v                                    0x200001c8   Data           8  lcdstring.o(.data)
    lat_w                                    0x200001d0   Data           8  lcdstring.o(.data)
    lat_x                                    0x200001d8   Data           8  lcdstring.o(.data)
    lat_y                                    0x200001e0   Data           8  lcdstring.o(.data)
    lat_z                                    0x200001e8   Data           8  lcdstring.o(.data)
    cyr_A                                    0x200001f0   Data           8  lcdstring.o(.data)
    cyr_B                                    0x200001f8   Data           8  lcdstring.o(.data)
    cyr_V                                    0x20000200   Data           8  lcdstring.o(.data)
    cyr_G                                    0x20000208   Data           8  lcdstring.o(.data)
    cyr_D                                    0x20000210   Data           8  lcdstring.o(.data)
    cyr_E                                    0x20000218   Data           8  lcdstring.o(.data)
    cyr_JO                                   0x20000220   Data           8  lcdstring.o(.data)
    cyr_ZH                                   0x20000228   Data           8  lcdstring.o(.data)
    cyr_Z                                    0x20000230   Data           8  lcdstring.o(.data)
    cyr_I                                    0x20000238   Data           8  lcdstring.o(.data)
    cyr_JJ                                   0x20000240   Data           8  lcdstring.o(.data)
    cyr_K                                    0x20000248   Data           8  lcdstring.o(.data)
    cyr_L                                    0x20000250   Data           8  lcdstring.o(.data)
    cyr_M                                    0x20000258   Data           8  lcdstring.o(.data)
    cyr_N                                    0x20000260   Data           8  lcdstring.o(.data)
    cyr_O                                    0x20000268   Data           8  lcdstring.o(.data)
    cyr_P                                    0x20000270   Data           8  lcdstring.o(.data)
    cyr_R                                    0x20000278   Data           8  lcdstring.o(.data)
    cyr_S                                    0x20000280   Data           8  lcdstring.o(.data)
    cyr_T                                    0x20000288   Data           8  lcdstring.o(.data)
    cyr_U                                    0x20000290   Data           8  lcdstring.o(.data)
    cyr_F                                    0x20000298   Data           8  lcdstring.o(.data)
    cyr_KH                                   0x200002a0   Data           8  lcdstring.o(.data)
    cyr_C                                    0x200002a8   Data           8  lcdstring.o(.data)
    cyr_CH                                   0x200002b0   Data           8  lcdstring.o(.data)
    cyr_SH                                   0x200002b8   Data           8  lcdstring.o(.data)
    cyr_SHH                                  0x200002c0   Data           8  lcdstring.o(.data)
    cyr_TZ                                   0x200002c8   Data           8  lcdstring.o(.data)
    cyr_Y                                    0x200002d0   Data           8  lcdstring.o(.data)
    cyr_MZ                                   0x200002d8   Data           8  lcdstring.o(.data)
    cyr_EH                                   0x200002e0   Data           8  lcdstring.o(.data)
    cyr_YU                                   0x200002e8   Data           8  lcdstring.o(.data)
    cyr_YA                                   0x200002f0   Data           8  lcdstring.o(.data)
    cyr_a                                    0x200002f8   Data           8  lcdstring.o(.data)
    cyr_b                                    0x20000300   Data           8  lcdstring.o(.data)
    cyr_v                                    0x20000308   Data           8  lcdstring.o(.data)
    cyr_g                                    0x20000310   Data           8  lcdstring.o(.data)
    cyr_d                                    0x20000318   Data           8  lcdstring.o(.data)
    cyr_e                                    0x20000320   Data           8  lcdstring.o(.data)
    cyr_jo                                   0x20000328   Data           8  lcdstring.o(.data)
    cyr_zh                                   0x20000330   Data           8  lcdstring.o(.data)
    cyr_z                                    0x20000338   Data           8  lcdstring.o(.data)
    cyr_i                                    0x20000340   Data           8  lcdstring.o(.data)
    cyr_jj                                   0x20000348   Data           8  lcdstring.o(.data)
    cyr_k                                    0x20000350   Data           8  lcdstring.o(.data)
    cyr_l                                    0x20000358   Data           8  lcdstring.o(.data)
    cyr_m                                    0x20000360   Data           8  lcdstring.o(.data)
    cyr_n                                    0x20000368   Data           8  lcdstring.o(.data)
    cyr_o                                    0x20000370   Data           8  lcdstring.o(.data)
    cyr_p                                    0x20000378   Data           8  lcdstring.o(.data)
    cyr_r                                    0x20000380   Data           8  lcdstring.o(.data)
    cyr_s                                    0x20000388   Data           8  lcdstring.o(.data)
    cyr_t                                    0x20000390   Data           8  lcdstring.o(.data)
    cyr_u                                    0x20000398   Data           8  lcdstring.o(.data)
    cyr_f                                    0x200003a0   Data           8  lcdstring.o(.data)
    cyr_kh                                   0x200003a8   Data           8  lcdstring.o(.data)
    cyr_c                                    0x200003b0   Data           8  lcdstring.o(.data)
    cyr_ch                                   0x200003b8   Data           8  lcdstring.o(.data)
    cyr_sh                                   0x200003c0   Data           8  lcdstring.o(.data)
    cyr_shh                                  0x200003c8   Data           8  lcdstring.o(.data)
    cyr_tz                                   0x200003d0   Data           8  lcdstring.o(.data)
    cyr_y                                    0x200003d8   Data           8  lcdstring.o(.data)
    cyr_mz                                   0x200003e0   Data           8  lcdstring.o(.data)
    cyr_eh                                   0x200003e8   Data           8  lcdstring.o(.data)
    cyr_yu                                   0x200003f0   Data           8  lcdstring.o(.data)
    cyr_ya                                   0x200003f8   Data           8  lcdstring.o(.data)
    sym_sp                                   0x20000400   Data           8  lcdstring.o(.data)
    sym_pt                                   0x20000408   Data           8  lcdstring.o(.data)
    sym_lcm                                  0x20000410   Data           8  lcdstring.o(.data)
    sym_rcm                                  0x20000418   Data           8  lcdstring.o(.data)
    cursor                                   0x20000420   Data           8  lcdstring.o(.data)
    icon_mil                                 0x20000428   Data          32  lcdstring.o(.data)
    .data                                    0x20000448   Section     1104  main2_4.o(.data)
    dig_0                                    0x20000448   Data           8  main2_4.o(.data)
    dig_1                                    0x20000450   Data           8  main2_4.o(.data)
    dig_2                                    0x20000458   Data           8  main2_4.o(.data)
    dig_3                                    0x20000460   Data           8  main2_4.o(.data)
    dig_4                                    0x20000468   Data           8  main2_4.o(.data)
    dig_5                                    0x20000470   Data           8  main2_4.o(.data)
    dig_6                                    0x20000478   Data           8  main2_4.o(.data)
    dig_7                                    0x20000480   Data           8  main2_4.o(.data)
    dig_8                                    0x20000488   Data           8  main2_4.o(.data)
    dig_9                                    0x20000490   Data           8  main2_4.o(.data)
    lat_A                                    0x20000498   Data           8  main2_4.o(.data)
    lat_B                                    0x200004a0   Data           8  main2_4.o(.data)
    lat_C                                    0x200004a8   Data           8  main2_4.o(.data)
    lat_D                                    0x200004b0   Data           8  main2_4.o(.data)
    lat_E                                    0x200004b8   Data           8  main2_4.o(.data)
    lat_F                                    0x200004c0   Data           8  main2_4.o(.data)
    lat_G                                    0x200004c8   Data           8  main2_4.o(.data)
    lat_H                                    0x200004d0   Data           8  main2_4.o(.data)
    lat_I                                    0x200004d8   Data           8  main2_4.o(.data)
    lat_J                                    0x200004e0   Data           8  main2_4.o(.data)
    lat_K                                    0x200004e8   Data           8  main2_4.o(.data)
    lat_L                                    0x200004f0   Data           8  main2_4.o(.data)
    lat_M                                    0x200004f8   Data           8  main2_4.o(.data)
    lat_N                                    0x20000500   Data           8  main2_4.o(.data)
    lat_O                                    0x20000508   Data           8  main2_4.o(.data)
    lat_P                                    0x20000510   Data           8  main2_4.o(.data)
    lat_Q                                    0x20000518   Data           8  main2_4.o(.data)
    lat_R                                    0x20000520   Data           8  main2_4.o(.data)
    lat_S                                    0x20000528   Data           8  main2_4.o(.data)
    lat_T                                    0x20000530   Data           8  main2_4.o(.data)
    lat_U                                    0x20000538   Data           8  main2_4.o(.data)
    lat_V                                    0x20000540   Data           8  main2_4.o(.data)
    lat_W                                    0x20000548   Data           8  main2_4.o(.data)
    lat_X                                    0x20000550   Data           8  main2_4.o(.data)
    lat_Y                                    0x20000558   Data           8  main2_4.o(.data)
    lat_Z                                    0x20000560   Data           8  main2_4.o(.data)
    lat_a                                    0x20000568   Data           8  main2_4.o(.data)
    lat_b                                    0x20000570   Data           8  main2_4.o(.data)
    lat_c                                    0x20000578   Data           8  main2_4.o(.data)
    lat_d                                    0x20000580   Data           8  main2_4.o(.data)
    lat_e                                    0x20000588   Data           8  main2_4.o(.data)
    lat_f                                    0x20000590   Data           8  main2_4.o(.data)
    lat_g                                    0x20000598   Data           8  main2_4.o(.data)
    lat_h                                    0x200005a0   Data           8  main2_4.o(.data)
    lat_i                                    0x200005a8   Data           8  main2_4.o(.data)
    lat_j                                    0x200005b0   Data           8  main2_4.o(.data)
    lat_k                                    0x200005b8   Data           8  main2_4.o(.data)
    lat_l                                    0x200005c0   Data           8  main2_4.o(.data)
    lat_m                                    0x200005c8   Data           8  main2_4.o(.data)
    lat_n                                    0x200005d0   Data           8  main2_4.o(.data)
    lat_o                                    0x200005d8   Data           8  main2_4.o(.data)
    lat_p                                    0x200005e0   Data           8  main2_4.o(.data)
    lat_q                                    0x200005e8   Data           8  main2_4.o(.data)
    lat_r                                    0x200005f0   Data           8  main2_4.o(.data)
    lat_s                                    0x200005f8   Data           8  main2_4.o(.data)
    lat_t                                    0x20000600   Data           8  main2_4.o(.data)
    lat_u                                    0x20000608   Data           8  main2_4.o(.data)
    lat_v                                    0x20000610   Data           8  main2_4.o(.data)
    lat_w                                    0x20000618   Data           8  main2_4.o(.data)
    lat_x                                    0x20000620   Data           8  main2_4.o(.data)
    lat_y                                    0x20000628   Data           8  main2_4.o(.data)
    lat_z                                    0x20000630   Data           8  main2_4.o(.data)
    cyr_A                                    0x20000638   Data           8  main2_4.o(.data)
    cyr_B                                    0x20000640   Data           8  main2_4.o(.data)
    cyr_V                                    0x20000648   Data           8  main2_4.o(.data)
    cyr_G                                    0x20000650   Data           8  main2_4.o(.data)
    cyr_D                                    0x20000658   Data           8  main2_4.o(.data)
    cyr_E                                    0x20000660   Data           8  main2_4.o(.data)
    cyr_JO                                   0x20000668   Data           8  main2_4.o(.data)
    cyr_ZH                                   0x20000670   Data           8  main2_4.o(.data)
    cyr_Z                                    0x20000678   Data           8  main2_4.o(.data)
    cyr_I                                    0x20000680   Data           8  main2_4.o(.data)
    cyr_JJ                                   0x20000688   Data           8  main2_4.o(.data)
    cyr_K                                    0x20000690   Data           8  main2_4.o(.data)
    cyr_L                                    0x20000698   Data           8  main2_4.o(.data)
    cyr_M                                    0x200006a0   Data           8  main2_4.o(.data)
    cyr_N                                    0x200006a8   Data           8  main2_4.o(.data)
    cyr_O                                    0x200006b0   Data           8  main2_4.o(.data)
    cyr_P                                    0x200006b8   Data           8  main2_4.o(.data)
    cyr_R                                    0x200006c0   Data           8  main2_4.o(.data)
    cyr_S                                    0x200006c8   Data           8  main2_4.o(.data)
    cyr_T                                    0x200006d0   Data           8  main2_4.o(.data)
    cyr_U                                    0x200006d8   Data           8  main2_4.o(.data)
    cyr_F                                    0x200006e0   Data           8  main2_4.o(.data)
    cyr_KH                                   0x200006e8   Data           8  main2_4.o(.data)
    cyr_C                                    0x200006f0   Data           8  main2_4.o(.data)
    cyr_CH                                   0x200006f8   Data           8  main2_4.o(.data)
    cyr_SH                                   0x20000700   Data           8  main2_4.o(.data)
    cyr_SHH                                  0x20000708   Data           8  main2_4.o(.data)
    cyr_TZ                                   0x20000710   Data           8  main2_4.o(.data)
    cyr_Y                                    0x20000718   Data           8  main2_4.o(.data)
    cyr_MZ                                   0x20000720   Data           8  main2_4.o(.data)
    cyr_EH                                   0x20000728   Data           8  main2_4.o(.data)
    cyr_YU                                   0x20000730   Data           8  main2_4.o(.data)
    cyr_YA                                   0x20000738   Data           8  main2_4.o(.data)
    cyr_a                                    0x20000740   Data           8  main2_4.o(.data)
    cyr_b                                    0x20000748   Data           8  main2_4.o(.data)
    cyr_v                                    0x20000750   Data           8  main2_4.o(.data)
    cyr_g                                    0x20000758   Data           8  main2_4.o(.data)
    cyr_d                                    0x20000760   Data           8  main2_4.o(.data)
    cyr_e                                    0x20000768   Data           8  main2_4.o(.data)
    cyr_jo                                   0x20000770   Data           8  main2_4.o(.data)
    cyr_zh                                   0x20000778   Data           8  main2_4.o(.data)
    cyr_z                                    0x20000780   Data           8  main2_4.o(.data)
    cyr_i                                    0x20000788   Data           8  main2_4.o(.data)
    cyr_jj                                   0x20000790   Data           8  main2_4.o(.data)
    cyr_k                                    0x20000798   Data           8  main2_4.o(.data)
    cyr_l                                    0x200007a0   Data           8  main2_4.o(.data)
    cyr_m                                    0x200007a8   Data           8  main2_4.o(.data)
    cyr_n                                    0x200007b0   Data           8  main2_4.o(.data)
    cyr_o                                    0x200007b8   Data           8  main2_4.o(.data)
    cyr_p                                    0x200007c0   Data           8  main2_4.o(.data)
    cyr_r                                    0x200007c8   Data           8  main2_4.o(.data)
    cyr_s                                    0x200007d0   Data           8  main2_4.o(.data)
    cyr_t                                    0x200007d8   Data           8  main2_4.o(.data)
    cyr_u                                    0x200007e0   Data           8  main2_4.o(.data)
    cyr_f                                    0x200007e8   Data           8  main2_4.o(.data)
    cyr_kh                                   0x200007f0   Data           8  main2_4.o(.data)
    cyr_c                                    0x200007f8   Data           8  main2_4.o(.data)
    cyr_ch                                   0x20000800   Data           8  main2_4.o(.data)
    cyr_sh                                   0x20000808   Data           8  main2_4.o(.data)
    cyr_shh                                  0x20000810   Data           8  main2_4.o(.data)
    cyr_tz                                   0x20000818   Data           8  main2_4.o(.data)
    cyr_y                                    0x20000820   Data           8  main2_4.o(.data)
    cyr_mz                                   0x20000828   Data           8  main2_4.o(.data)
    cyr_eh                                   0x20000830   Data           8  main2_4.o(.data)
    cyr_yu                                   0x20000838   Data           8  main2_4.o(.data)
    cyr_ya                                   0x20000840   Data           8  main2_4.o(.data)
    sym_sp                                   0x20000848   Data           8  main2_4.o(.data)
    sym_pt                                   0x20000850   Data           8  main2_4.o(.data)
    sym_lcm                                  0x20000858   Data           8  main2_4.o(.data)
    sym_rcm                                  0x20000860   Data           8  main2_4.o(.data)
    cursor                                   0x20000868   Data           8  main2_4.o(.data)
    icon_mil                                 0x20000870   Data          32  main2_4.o(.data)
    .data                                    0x20000898   Section        4  system_mdr32f9qx.o(.data)
    .bss                                     0x2000089c   Section       36  main2_4.o(.bss)
    pressedButtons                           0x2000089c   Data          12  main2_4.o(.bss)
    .bss                                     0x200008c0   Section       96  libspace.o(.bss)
    HEAP                                     0x20000920   Section      512  startup_mdr32f9qx.o(HEAP)
    Heap_Mem                                 0x20000920   Data         512  startup_mdr32f9qx.o(HEAP)
    STACK                                    0x20000b20   Section     1024  startup_mdr32f9qx.o(STACK)
    Stack_Mem                                0x20000b20   Data        1024  startup_mdr32f9qx.o(STACK)
    __initial_sp                             0x20000f20   Data           0  startup_mdr32f9qx.o(STACK)

    Global Symbols

    Symbol Name                              Value     Ov Type        Size  Object(Section)

    BuildAttributes$$THM_ISAv4$P$D$K$B$S$PE$A:L22UL41UL21$X:L11$S22US41US21$IEEE1$IW$USESV6$~STKCKD$USESV7$~SHL$OTIME$ROPI$EBA8$UX$STANDARDLIB$REQ8$PRES8$EABIv2 0x00000000   Number         0  anon$$obj.o ABSOLUTE
    __ARM_use_no_argv                        0x00000000   Number         0  main2_4.o ABSOLUTE
    __ARM_exceptions_init                     - Undefined Weak Reference
    __alloca_initialize                       - Undefined Weak Reference
    __arm_preinit_                            - Undefined Weak Reference
    __cpp_initialize__aeabi_                  - Undefined Weak Reference
    __cxa_finalize                            - Undefined Weak Reference
    __rt_locale                               - Undefined Weak Reference
    __sigvec_lookup                           - Undefined Weak Reference
    __user_heap_extent                        - Undefined Weak Reference
    _atexit_init                              - Undefined Weak Reference
    _call_atexit_fns                          - Undefined Weak Reference
    _clock_init                               - Undefined Weak Reference
    _fp_trap_init                             - Undefined Weak Reference
    _fp_trap_shutdown                         - Undefined Weak Reference
    _get_lc_collate                           - Undefined Weak Reference
    _get_lc_ctype                             - Undefined Weak Reference
    _get_lc_monetary                          - Undefined Weak Reference
    _get_lc_numeric                           - Undefined Weak Reference
    _get_lc_time                              - Undefined Weak Reference
    _getenv_init                              - Undefined Weak Reference
    _handle_redirection                       - Undefined Weak Reference
    _initio                                   - Undefined Weak Reference
    _mutex_acquire                            - Undefined Weak Reference
    _mutex_free                               - Undefined Weak Reference
    _mutex_release                            - Undefined Weak Reference
    _printf_mbtowc                            - Undefined Weak Reference
    _printf_post_padding                      - Undefined Weak Reference
    _printf_pre_padding                       - Undefined Weak Reference
    _printf_truncate_signed                   - Undefined Weak Reference
    _printf_truncate_unsigned                 - Undefined Weak Reference
    _rand_init                                - Undefined Weak Reference
    _signal_finish                            - Undefined Weak Reference
    _signal_init                              - Undefined Weak Reference
    _terminateio                              - Undefined Weak Reference
    __Vectors_Size                           0x000000c0   Number         0  startup_mdr32f9qx.o ABSOLUTE
    __Vectors                                0x08000000   Data           4  startup_mdr32f9qx.o(RESET)
    __Vectors_End                            0x080000c0   Data           0  startup_mdr32f9qx.o(RESET)
    __main                                   0x080000c1   Thumb Code     8  __main.o(!!!main)
    __scatterload                            0x080000c9   Thumb Code     0  __scatter.o(!!!scatter)
    __scatterload_rt2                        0x080000c9   Thumb Code    44  __scatter.o(!!!scatter)
    __scatterload_rt2_thumb_only             0x080000c9   Thumb Code     0  __scatter.o(!!!scatter)
    __scatterload_null                       0x080000d7   Thumb Code     0  __scatter.o(!!!scatter)
    __decompress                             0x080000fd   Thumb Code   100  __dclz77c.o(!!dclz77c)
    __decompress2                            0x080000fd   Thumb Code     0  __dclz77c.o(!!dclz77c)
    __scatterload_zeroinit                   0x08000161   Thumb Code    28  __scatter_zi.o(!!handler_zi)
    _printf_d                                0x0800017d   Thumb Code     0  _printf_d.o(.ARM.Collect$$_printf_percent$$00000009)
    _printf_percent                          0x0800017d   Thumb Code     0  _printf_percent.o(.ARM.Collect$$_printf_percent$$00000000)
    _printf_s                                0x08000183   Thumb Code     0  _printf_s.o(.ARM.Collect$$_printf_percent$$00000014)
    _printf_percent_end                      0x08000189   Thumb Code     0  _printf_percent_end.o(.ARM.Collect$$_printf_percent$$00000017)
    __rt_lib_init                            0x0800018d   Thumb Code     0  libinit.o(.ARM.Collect$$libinit$$00000000)
    __rt_lib_init_fp_1                       0x0800018f   Thumb Code     0  libinit2.o(.ARM.Collect$$libinit$$00000002)
    __rt_lib_init_heap_2                     0x0800018f   Thumb Code     0  libinit2.o(.ARM.Collect$$libinit$$00000005)
    __rt_lib_init_preinit_1                  0x0800018f   Thumb Code     0  libinit2.o(.ARM.Collect$$libinit$$00000004)
    __rt_lib_init_alloca_1                   0x08000197   Thumb Code     0  libinit2.o(.ARM.Collect$$libinit$$0000002E)
    __rt_lib_init_argv_1                     0x08000197   Thumb Code     0  libinit2.o(.ARM.Collect$$libinit$$0000002C)
    __rt_lib_init_atexit_1                   0x08000197   Thumb Code     0  libinit2.o(.ARM.Collect$$libinit$$0000001B)
    __rt_lib_init_clock_1                    0x08000197   Thumb Code     0  libinit2.o(.ARM.Collect$$libinit$$00000021)
    __rt_lib_init_cpp_1                      0x08000197   Thumb Code     0  libinit2.o(.ARM.Collect$$libinit$$00000032)
    __rt_lib_init_exceptions_1               0x08000197   Thumb Code     0  libinit2.o(.ARM.Collect$$libinit$$00000030)
    __rt_lib_init_fp_trap_1                  0x08000197   Thumb Code     0  libinit2.o(.ARM.Collect$$libinit$$0000001F)
    __rt_lib_init_getenv_1                   0x08000197   Thumb Code     0  libinit2.o(.ARM.Collect$$libinit$$00000023)
    __rt_lib_init_heap_1                     0x08000197   Thumb Code     0  libinit2.o(.ARM.Collect$$libinit$$0000000A)
    __rt_lib_init_lc_collate_1               0x08000197   Thumb Code     0  libinit2.o(.ARM.Collect$$libinit$$00000011)
    __rt_lib_init_lc_ctype_1                 0x08000197   Thumb Code     0  libinit2.o(.ARM.Collect$$libinit$$00000013)
    __rt_lib_init_lc_monetary_1              0x08000197   Thumb Code     0  libinit2.o(.ARM.Collect$$libinit$$00000015)
    __rt_lib_init_lc_numeric_1               0x08000197   Thumb Code     0  libinit2.o(.ARM.Collect$$libinit$$00000017)
    __rt_lib_init_lc_time_1                  0x08000197   Thumb Code     0  libinit2.o(.ARM.Collect$$libinit$$00000019)
    __rt_lib_init_rand_1                     0x08000197   Thumb Code     0  libinit2.o(.ARM.Collect$$libinit$$0000000E)
    __rt_lib_init_return                     0x08000197   Thumb Code     0  libinit2.o(.ARM.Collect$$libinit$$00000033)
    __rt_lib_init_signal_1                   0x08000197   Thumb Code     0  libinit2.o(.ARM.Collect$$libinit$$0000001D)
    __rt_lib_init_stdio_1                    0x08000197   Thumb Code     0  libinit2.o(.ARM.Collect$$libinit$$00000025)
    __rt_lib_init_user_alloc_1               0x08000197   Thumb Code     0  libinit2.o(.ARM.Collect$$libinit$$0000000C)
    __rt_lib_shutdown                        0x08000199   Thumb Code     0  libshutdown.o(.ARM.Collect$$libshutdown$$00000000)
    __rt_lib_shutdown_cpp_1                  0x0800019b   Thumb Code     0  libshutdown2.o(.ARM.Collect$$libshutdown$$00000002)
    __rt_lib_shutdown_fp_trap_1              0x0800019b   Thumb Code     0  libshutdown2.o(.ARM.Collect$$libshutdown$$00000007)
    __rt_lib_shutdown_heap_1                 0x0800019b   Thumb Code     0  libshutdown2.o(.ARM.Collect$$libshutdown$$0000000F)
    __rt_lib_shutdown_return                 0x0800019b   Thumb Code     0  libshutdown2.o(.ARM.Collect$$libshutdown$$00000010)
    __rt_lib_shutdown_signal_1               0x0800019b   Thumb Code     0  libshutdown2.o(.ARM.Collect$$libshutdown$$0000000A)
    __rt_lib_shutdown_stdio_1                0x0800019b   Thumb Code     0  libshutdown2.o(.ARM.Collect$$libshutdown$$00000004)
    __rt_lib_shutdown_user_alloc_1           0x0800019b   Thumb Code     0  libshutdown2.o(.ARM.Collect$$libshutdown$$0000000C)
    __rt_entry                               0x0800019d   Thumb Code     0  __rtentry.o(.ARM.Collect$$rtentry$$00000000)
    __rt_entry_presh_1                       0x0800019d   Thumb Code     0  __rtentry2.o(.ARM.Collect$$rtentry$$00000002)
    __rt_entry_sh                            0x0800019d   Thumb Code     0  __rtentry4.o(.ARM.Collect$$rtentry$$00000004)
    __rt_entry_li                            0x080001a3   Thumb Code     0  __rtentry2.o(.ARM.Collect$$rtentry$$0000000A)
    __rt_entry_postsh_1                      0x080001a3   Thumb Code     0  __rtentry2.o(.ARM.Collect$$rtentry$$00000009)
    __rt_entry_main                          0x080001a7   Thumb Code     0  __rtentry2.o(.ARM.Collect$$rtentry$$0000000D)
    __rt_entry_postli_1                      0x080001a7   Thumb Code     0  __rtentry2.o(.ARM.Collect$$rtentry$$0000000C)
    __rt_exit                                0x080001af   Thumb Code     0  rtexit.o(.ARM.Collect$$rtexit$$00000000)
    __rt_exit_ls                             0x080001b1   Thumb Code     0  rtexit2.o(.ARM.Collect$$rtexit$$00000003)
    __rt_exit_prels_1                        0x080001b1   Thumb Code     0  rtexit2.o(.ARM.Collect$$rtexit$$00000002)
    __rt_exit_exit                           0x080001b5   Thumb Code     0  rtexit2.o(.ARM.Collect$$rtexit$$00000004)
    Reset_Handler                            0x080001bd   Thumb Code     8  startup_mdr32f9qx.o(.text)
    _maybe_terminate_alloc                   0x080001bd   Thumb Code     0  maybetermalloc1.o(.emb_text)
    NMI_Handler                              0x080001c5   Thumb Code     2  startup_mdr32f9qx.o(.text)
    HardFault_Handler                        0x080001c7   Thumb Code     2  startup_mdr32f9qx.o(.text)
    MemManage_Handler                        0x080001c9   Thumb Code     2  startup_mdr32f9qx.o(.text)
    BusFault_Handler                         0x080001cb   Thumb Code     2  startup_mdr32f9qx.o(.text)
    UsageFault_Handler                       0x080001cd   Thumb Code     2  startup_mdr32f9qx.o(.text)
    SVC_Handler                              0x080001cf   Thumb Code     2  startup_mdr32f9qx.o(.text)
    DebugMon_Handler                         0x080001d1   Thumb Code     2  startup_mdr32f9qx.o(.text)
    PendSV_Handler                           0x080001d3   Thumb Code     2  startup_mdr32f9qx.o(.text)
    SysTick_Handler                          0x080001d5   Thumb Code     2  startup_mdr32f9qx.o(.text)
    ADC_IRQHandler                           0x080001d7   Thumb Code     0  startup_mdr32f9qx.o(.text)
    BACKUP_IRQHandler                        0x080001d7   Thumb Code     0  startup_mdr32f9qx.o(.text)
    CAN1_IRQHandler                          0x080001d7   Thumb Code     0  startup_mdr32f9qx.o(.text)
    CAN2_IRQHandler                          0x080001d7   Thumb Code     0  startup_mdr32f9qx.o(.text)
    COMPARATOR_IRQHandler                    0x080001d7   Thumb Code     0  startup_mdr32f9qx.o(.text)
    DMA_IRQHandler                           0x080001d7   Thumb Code     0  startup_mdr32f9qx.o(.text)
    EXT_INT1_IRQHandler                      0x080001d7   Thumb Code     0  startup_mdr32f9qx.o(.text)
    EXT_INT2_IRQHandler                      0x080001d7   Thumb Code     0  startup_mdr32f9qx.o(.text)
    EXT_INT3_IRQHandler                      0x080001d7   Thumb Code     0  startup_mdr32f9qx.o(.text)
    EXT_INT4_IRQHandler                      0x080001d7   Thumb Code     0  startup_mdr32f9qx.o(.text)
    I2C_IRQHandler                           0x080001d7   Thumb Code     0  startup_mdr32f9qx.o(.text)
    POWER_IRQHandler                         0x080001d7   Thumb Code     0  startup_mdr32f9qx.o(.text)
    SSP1_IRQHandler                          0x080001d7   Thumb Code     0  startup_mdr32f9qx.o(.text)
    SSP2_IRQHandler                          0x080001d7   Thumb Code     0  startup_mdr32f9qx.o(.text)
    Timer1_IRQHandler                        0x080001d7   Thumb Code     0  startup_mdr32f9qx.o(.text)
    Timer2_IRQHandler                        0x080001d7   Thumb Code     0  startup_mdr32f9qx.o(.text)
    Timer3_IRQHandler                        0x080001d7   Thumb Code     0  startup_mdr32f9qx.o(.text)
    UART1_IRQHandler                         0x080001d7   Thumb Code     0  startup_mdr32f9qx.o(.text)
    UART2_IRQHandler                         0x080001d7   Thumb Code     0  startup_mdr32f9qx.o(.text)
    USB_IRQHandler                           0x080001d7   Thumb Code     0  startup_mdr32f9qx.o(.text)
    WWDG_IRQHandler                          0x080001d7   Thumb Code     0  startup_mdr32f9qx.o(.text)
    __user_initial_stackheap                 0x080001d9   Thumb Code     0  startup_mdr32f9qx.o(.text)
    malloc                                   0x080001fd   Thumb Code    94  h1_alloc.o(.text)
    free                                     0x0800025b   Thumb Code    78  h1_free.o(.text)
    __2sprintf                               0x080002a9   Thumb Code    34  noretval__2sprintf.o(.text)
    __printf                                 0x080002d1   Thumb Code   104  __printf.o(.text)
    _printf_str                              0x08000339   Thumb Code    82  _printf_str.o(.text)
    _printf_int_dec                          0x0800038d   Thumb Code   104  _printf_dec.o(.text)
    __use_two_region_memory                  0x08000405   Thumb Code     2  heapauxi.o(.text)
    __rt_heap_escrow                         0x08000407   Thumb Code     2  heapauxi.o(.text)
    __rt_heap_expand                         0x08000409   Thumb Code     2  heapauxi.o(.text)
    __rt_heap_descriptor                     0x0800040d   Thumb Code     8  rt_heap_descriptor_intlibspace.o(.text)
    __use_no_heap                            0x08000415   Thumb Code     2  hguard.o(.text)
    __heap$guard                             0x08000417   Thumb Code     2  hguard.o(.text)
    _terminate_user_alloc                    0x08000419   Thumb Code     2  init_alloc.o(.text)
    _init_user_alloc                         0x0800041b   Thumb Code     2  init_alloc.o(.text)
    __Heap_Full                              0x0800041d   Thumb Code    34  init_alloc.o(.text)
    __Heap_Broken                            0x0800043f   Thumb Code     6  init_alloc.o(.text)
    _init_alloc                              0x08000445   Thumb Code    94  init_alloc.o(.text)
    __Heap_Initialize                        0x080004a3   Thumb Code    10  h1_init.o(.text)
    __Heap_DescSize                          0x080004ad   Thumb Code     4  h1_init.o(.text)
    _printf_int_common                       0x080004b1   Thumb Code   178  _printf_intcommon.o(.text)
    _printf_char_common                      0x0800056f   Thumb Code    32  _printf_char_common.o(.text)
    _sputc                                   0x08000595   Thumb Code    10  _sputc.o(.text)
    _printf_cs_common                        0x0800059f   Thumb Code    20  _printf_char.o(.text)
    _printf_char                             0x080005b3   Thumb Code    16  _printf_char.o(.text)
    _printf_string                           0x080005c3   Thumb Code     8  _printf_char.o(.text)
    __user_libspace                          0x080005cd   Thumb Code     8  libspace.o(.text)
    __user_perproc_libspace                  0x080005cd   Thumb Code     0  libspace.o(.text)
    __user_perthread_libspace                0x080005cd   Thumb Code     0  libspace.o(.text)
    __Heap_ProvideMemory                     0x080005d5   Thumb Code    52  h1_extend.o(.text)
    __rt_SIGRTMEM                            0x08000609   Thumb Code    14  defsig_rtmem_outer.o(.text)
    __I$use$semihosting                      0x08000617   Thumb Code     0  use_no_semi.o(.text)
    __use_no_semihosting_swi                 0x08000617   Thumb Code     2  use_no_semi.o(.text)
    __semihosting_library_function           0x08000619   Thumb Code     0  indicate_semi.o(.text)
    __user_setup_stackheap                   0x08000619   Thumb Code    74  sys_stackheap_outer.o(.text)
    exit                                     0x08000663   Thumb Code    18  exit.o(.text)
    __sig_exit                               0x08000675   Thumb Code    10  defsig_exit.o(.text)
    __rt_SIGRTMEM_inner                      0x08000681   Thumb Code    22  defsig_rtmem_inner.o(.text)
    _sys_exit                                0x080006d1   Thumb Code     8  sys_exit.o(.text)
    __default_signal_display                 0x080006dd   Thumb Code    50  defsig_general.o(.text)
    _ttywrch                                 0x0800070f   Thumb Code    14  sys_wrch.o(.text)
    ButtonsPinCfg                            0x0800071d   Thumb Code    56  main2_4.o(i.ButtonsPinCfg)
    CPUinit                                  0x08000761   Thumb Code    60  main2_4.o(i.CPUinit)
    DispOn                                   0x0800079d   Thumb Code   188  mlt_lcd.o(i.DispOn)
    LCDPins                                  0x08000869   Thumb Code    70  main2_4.o(i.LCDPins)
    LCDStart                                 0x080008c5   Thumb Code    68  main2_4.o(i.LCDStart)
    LcdClearChip                             0x08000909   Thumb Code    24  mlt_lcd.o(i.LcdClearChip)
    LcdClearPage                             0x08000921   Thumb Code    64  mlt_lcd.o(i.LcdClearPage)
    LcdInit                                  0x08000961   Thumb Code    58  mlt_lcd.o(i.LcdInit)
    LcdPutChar                               0x080009a1   Thumb Code   104  mlt_lcd.o(i.LcdPutChar)
    MltDelay                                 0x08000a09   Thumb Code    12  mlt_lcd.o(i.MltDelay)
    PCLKinit                                 0x08000a15   Thumb Code    36  main2_4.o(i.PCLKinit)
    PORT_Init                                0x08000a39   Thumb Code   450  mdr32f9qx_port.o(i.PORT_Init)
    PORT_ReadInputDataBit                    0x08000c01   Thumb Code    16  mdr32f9qx_port.o(i.PORT_ReadInputDataBit)
    PORT_ResetBits                           0x08000c11   Thumb Code    22  mdr32f9qx_port.o(i.PORT_ResetBits)
    PORT_SetBits                             0x08000c2d   Thumb Code    22  mdr32f9qx_port.o(i.PORT_SetBits)
    PORT_StructInit                          0x08000c49   Thumb Code    28  mdr32f9qx_port.o(i.PORT_StructInit)
    PrintRight                               0x08000c65   Thumb Code    64  main2_4.o(i.PrintRight)
    PrintString                              0x08000ca9   Thumb Code   390  lcdstring.o(i.PrintString)
    RST_CLK_CPU_PLLcmd                       0x08000f31   Thumb Code     6  mdr32f9qx_rst_clk.o(i.RST_CLK_CPU_PLLcmd)
    RST_CLK_CPU_PLLconfig                    0x08000f3d   Thumb Code    54  mdr32f9qx_rst_clk.o(i.RST_CLK_CPU_PLLconfig)
    RST_CLK_CPU_PLLstatus                    0x08000f7d   Thumb Code    52  mdr32f9qx_rst_clk.o(i.RST_CLK_CPU_PLLstatus)
    RST_CLK_CPU_PLLuse                       0x08000fb1   Thumb Code     6  mdr32f9qx_rst_clk.o(i.RST_CLK_CPU_PLLuse)
    RST_CLK_CPUclkPrescaler                  0x08000fbd   Thumb Code    18  mdr32f9qx_rst_clk.o(i.RST_CLK_CPUclkPrescaler)
    RST_CLK_CPUclkSelection                  0x08000fd5   Thumb Code    16  mdr32f9qx_rst_clk.o(i.RST_CLK_CPUclkSelection)
    RST_CLK_GetFlagStatus                    0x08000fe9   Thumb Code    42  mdr32f9qx_rst_clk.o(i.RST_CLK_GetFlagStatus)
    RST_CLK_HSEconfig                        0x0800101d   Thumb Code    56  mdr32f9qx_rst_clk.o(i.RST_CLK_HSEconfig)
    RST_CLK_HSEstatus                        0x08001059   Thumb Code    52  mdr32f9qx_rst_clk.o(i.RST_CLK_HSEstatus)
    RST_CLK_PCLKcmd                          0x0800108d   Thumb Code    26  mdr32f9qx_rst_clk.o(i.RST_CLK_PCLKcmd)
    ReadStatus                               0x080010ad   Thumb Code   182  mlt_lcd.o(i.ReadStatus)
    SetAdress                                0x08001175   Thumb Code   192  mlt_lcd.o(i.SetAdress)
    SetDataBits                              0x08001245   Thumb Code    60  mlt_lcd.o(i.SetDataBits)
    SetPage                                  0x08001289   Thumb Code   192  mlt_lcd.o(i.SetPage)
    SetUpOutput                              0x08001359   Thumb Code    30  main2_4.o(i.SetUpOutput)
    SystemCoreClockUpdate                    0x08001381   Thumb Code   130  system_mdr32f9qx.o(i.SystemCoreClockUpdate)
    SystemInit                               0x08001411   Thumb Code    66  system_mdr32f9qx.o(i.SystemInit)
    WriteData                                0x08001461   Thumb Code   190  mlt_lcd.o(i.WriteData)
    changeTask                               0x08001531   Thumb Code    52  main2_4.o(i.changeTask)
    isDownPressed                            0x08001571   Thumb Code    12  main2_4.o(i.isDownPressed)
    isUpPressed                              0x08001581   Thumb Code    12  main2_4.o(i.isUpPressed)
    main                                     0x08001591   Thumb Code   276  main2_4.o(i.main)
    pressDown                                0x08001701   Thumb Code    28  main2_4.o(i.pressDown)
    pressUp                                  0x08001721   Thumb Code    28  main2_4.o(i.pressUp)
    Region$$Table$$Base                      0x08001740   Number         0  anon$$obj.o(Region$$Table)
    Region$$Table$$Limit                     0x08001760   Number         0  anon$$obj.o(Region$$Table)
    width                                    0x20000890   Data           1  main2_4.o(.data)
    height                                   0x20000891   Data           1  main2_4.o(.data)
    selectedMenuItem                         0x20000894   Data           4  main2_4.o(.data)
    SystemCoreClock                          0x20000898   Data           4  system_mdr32f9qx.o(.data)
    PortStruct                               0x200008a8   Data          12  main2_4.o(.bss)
    PortInit                                 0x200008b4   Data          12  main2_4.o(.bss)
    __libspace_start                         0x200008c0   Data          96  libspace.o(.bss)
    __temporary_stack_top$libspace           0x20000920   Data           0  libspace.o(.bss)



==============================================================================

Memory Map of the image

  Image Entry point : 0x080001bd

  Load Region LR_1 (Base: 0x08000000, Size: 0x00001ffc, Max: 0xffffffff, ABSOLUTE, COMPRESSED[0x00001ad0])

    Execution Region ER_RO (Exec base: 0x08000000, Load base: 0x08000000, Size: 0x00001760, Max: 0xffffffff, ABSOLUTE)

    Exec Addr    Load Addr    Size         Type   Attr      Idx    E Section Name        Object

    0x08000000   0x08000000   0x000000c0   Data   RO          333    RESET               startup_mdr32f9qx.o
    0x080000c0   0x080000c0   0x00000008   Code   RO          767  * !!!main             c_w.l(__main.o)
    0x080000c8   0x080000c8   0x00000034   Code   RO          983    !!!scatter          c_w.l(__scatter.o)
    0x080000fc   0x080000fc   0x00000064   Code   RO          981    !!dclz77c           c_w.l(__dclz77c.o)
    0x08000160   0x08000160   0x0000001c   Code   RO          985    !!handler_zi        c_w.l(__scatter_zi.o)
    0x0800017c   0x0800017c   0x00000000   Code   RO          764    .ARM.Collect$$_printf_percent$$00000000  c_w.l(_printf_percent.o)
    0x0800017c   0x0800017c   0x00000006   Code   RO          763    .ARM.Collect$$_printf_percent$$00000009  c_w.l(_printf_d.o)
    0x08000182   0x08000182   0x00000006   Code   RO          762    .ARM.Collect$$_printf_percent$$00000014  c_w.l(_printf_s.o)
    0x08000188   0x08000188   0x00000004   Code   RO          805    .ARM.Collect$$_printf_percent$$00000017  c_w.l(_printf_percent_end.o)
    0x0800018c   0x0800018c   0x00000002   Code   RO          920    .ARM.Collect$$libinit$$00000000  c_w.l(libinit.o)
    0x0800018e   0x0800018e   0x00000000   Code   RO          811    .ARM.Collect$$libinit$$00000002  c_w.l(libinit2.o)
    0x0800018e   0x0800018e   0x00000000   Code   RO          813    .ARM.Collect$$libinit$$00000004  c_w.l(libinit2.o)
    0x0800018e   0x0800018e   0x00000008   Code   RO          814    .ARM.Collect$$libinit$$00000005  c_w.l(libinit2.o)
    0x08000196   0x08000196   0x00000000   Code   RO          816    .ARM.Collect$$libinit$$0000000A  c_w.l(libinit2.o)
    0x08000196   0x08000196   0x00000000   Code   RO          818    .ARM.Collect$$libinit$$0000000C  c_w.l(libinit2.o)
    0x08000196   0x08000196   0x00000000   Code   RO          820    .ARM.Collect$$libinit$$0000000E  c_w.l(libinit2.o)
    0x08000196   0x08000196   0x00000000   Code   RO          823    .ARM.Collect$$libinit$$00000011  c_w.l(libinit2.o)
    0x08000196   0x08000196   0x00000000   Code   RO          825    .ARM.Collect$$libinit$$00000013  c_w.l(libinit2.o)
    0x08000196   0x08000196   0x00000000   Code   RO          827    .ARM.Collect$$libinit$$00000015  c_w.l(libinit2.o)
    0x08000196   0x08000196   0x00000000   Code   RO          829    .ARM.Collect$$libinit$$00000017  c_w.l(libinit2.o)
    0x08000196   0x08000196   0x00000000   Code   RO          831    .ARM.Collect$$libinit$$00000019  c_w.l(libinit2.o)
    0x08000196   0x08000196   0x00000000   Code   RO          833    .ARM.Collect$$libinit$$0000001B  c_w.l(libinit2.o)
    0x08000196   0x08000196   0x00000000   Code   RO          835    .ARM.Collect$$libinit$$0000001D  c_w.l(libinit2.o)
    0x08000196   0x08000196   0x00000000   Code   RO          837    .ARM.Collect$$libinit$$0000001F  c_w.l(libinit2.o)
    0x08000196   0x08000196   0x00000000   Code   RO          839    .ARM.Collect$$libinit$$00000021  c_w.l(libinit2.o)
    0x08000196   0x08000196   0x00000000   Code   RO          841    .ARM.Collect$$libinit$$00000023  c_w.l(libinit2.o)
    0x08000196   0x08000196   0x00000000   Code   RO          843    .ARM.Collect$$libinit$$00000025  c_w.l(libinit2.o)
    0x08000196   0x08000196   0x00000000   Code   RO          847    .ARM.Collect$$libinit$$0000002C  c_w.l(libinit2.o)
    0x08000196   0x08000196   0x00000000   Code   RO          849    .ARM.Collect$$libinit$$0000002E  c_w.l(libinit2.o)
    0x08000196   0x08000196   0x00000000   Code   RO          851    .ARM.Collect$$libinit$$00000030  c_w.l(libinit2.o)
    0x08000196   0x08000196   0x00000000   Code   RO          853    .ARM.Collect$$libinit$$00000032  c_w.l(libinit2.o)
    0x08000196   0x08000196   0x00000002   Code   RO          854    .ARM.Collect$$libinit$$00000033  c_w.l(libinit2.o)
    0x08000198   0x08000198   0x00000002   Code   RO          978    .ARM.Collect$$libshutdown$$00000000  c_w.l(libshutdown.o)
    0x0800019a   0x0800019a   0x00000000   Code   RO          934    .ARM.Collect$$libshutdown$$00000002  c_w.l(libshutdown2.o)
    0x0800019a   0x0800019a   0x00000000   Code   RO          936    .ARM.Collect$$libshutdown$$00000004  c_w.l(libshutdown2.o)
    0x0800019a   0x0800019a   0x00000000   Code   RO          939    .ARM.Collect$$libshutdown$$00000007  c_w.l(libshutdown2.o)
    0x0800019a   0x0800019a   0x00000000   Code   RO          942    .ARM.Collect$$libshutdown$$0000000A  c_w.l(libshutdown2.o)
    0x0800019a   0x0800019a   0x00000000   Code   RO          944    .ARM.Collect$$libshutdown$$0000000C  c_w.l(libshutdown2.o)
    0x0800019a   0x0800019a   0x00000000   Code   RO          947    .ARM.Collect$$libshutdown$$0000000F  c_w.l(libshutdown2.o)
    0x0800019a   0x0800019a   0x00000002   Code   RO          948    .ARM.Collect$$libshutdown$$00000010  c_w.l(libshutdown2.o)
    0x0800019c   0x0800019c   0x00000000   Code   RO          771    .ARM.Collect$$rtentry$$00000000  c_w.l(__rtentry.o)
    0x0800019c   0x0800019c   0x00000000   Code   RO          861    .ARM.Collect$$rtentry$$00000002  c_w.l(__rtentry2.o)
    0x0800019c   0x0800019c   0x00000006   Code   RO          873    .ARM.Collect$$rtentry$$00000004  c_w.l(__rtentry4.o)
    0x080001a2   0x080001a2   0x00000000   Code   RO          863    .ARM.Collect$$rtentry$$00000009  c_w.l(__rtentry2.o)
    0x080001a2   0x080001a2   0x00000004   Code   RO          864    .ARM.Collect$$rtentry$$0000000A  c_w.l(__rtentry2.o)
    0x080001a6   0x080001a6   0x00000000   Code   RO          866    .ARM.Collect$$rtentry$$0000000C  c_w.l(__rtentry2.o)
    0x080001a6   0x080001a6   0x00000008   Code   RO          867    .ARM.Collect$$rtentry$$0000000D  c_w.l(__rtentry2.o)
    0x080001ae   0x080001ae   0x00000002   Code   RO          923    .ARM.Collect$$rtexit$$00000000  c_w.l(rtexit.o)
    0x080001b0   0x080001b0   0x00000000   Code   RO          952    .ARM.Collect$$rtexit$$00000002  c_w.l(rtexit2.o)
    0x080001b0   0x080001b0   0x00000004   Code   RO          953    .ARM.Collect$$rtexit$$00000003  c_w.l(rtexit2.o)
    0x080001b4   0x080001b4   0x00000006   Code   RO          954    .ARM.Collect$$rtexit$$00000004  c_w.l(rtexit2.o)
    0x080001ba   0x080001ba   0x00000002   PAD
    0x080001bc   0x080001bc   0x00000000   Code   RO          877    .emb_text           c_w.l(maybetermalloc1.o)
    0x080001bc   0x080001bc   0x00000040   Code   RO          334  * .text               startup_mdr32f9qx.o
    0x080001fc   0x080001fc   0x0000005e   Code   RO          674    .text               c_w.l(h1_alloc.o)
    0x0800025a   0x0800025a   0x0000004e   Code   RO          676    .text               c_w.l(h1_free.o)
    0x080002a8   0x080002a8   0x00000028   Code   RO          734    .text               c_w.l(noretval__2sprintf.o)
    0x080002d0   0x080002d0   0x00000068   Code   RO          736    .text               c_w.l(__printf.o)
    0x08000338   0x08000338   0x00000052   Code   RO          738    .text               c_w.l(_printf_str.o)
    0x0800038a   0x0800038a   0x00000002   PAD
    0x0800038c   0x0800038c   0x00000078   Code   RO          740    .text               c_w.l(_printf_dec.o)
    0x08000404   0x08000404   0x00000006   Code   RO          765    .text               c_w.l(heapauxi.o)
    0x0800040a   0x0800040a   0x00000002   PAD
    0x0800040c   0x0800040c   0x00000008   Code   RO          775    .text               c_w.l(rt_heap_descriptor_intlibspace.o)
    0x08000414   0x08000414   0x00000004   Code   RO          777    .text               c_w.l(hguard.o)
    0x08000418   0x08000418   0x0000008a   Code   RO          779    .text               c_w.l(init_alloc.o)
    0x080004a2   0x080004a2   0x0000000e   Code   RO          783    .text               c_w.l(h1_init.o)
    0x080004b0   0x080004b0   0x000000b2   Code   RO          797    .text               c_w.l(_printf_intcommon.o)
    0x08000562   0x08000562   0x00000002   PAD
    0x08000564   0x08000564   0x00000030   Code   RO          799    .text               c_w.l(_printf_char_common.o)
    0x08000594   0x08000594   0x0000000a   Code   RO          801    .text               c_w.l(_sputc.o)
    0x0800059e   0x0800059e   0x0000002c   Code   RO          803    .text               c_w.l(_printf_char.o)
    0x080005ca   0x080005ca   0x00000002   PAD
    0x080005cc   0x080005cc   0x00000008   Code   RO          857    .text               c_w.l(libspace.o)
    0x080005d4   0x080005d4   0x00000034   Code   RO          879    .text               c_w.l(h1_extend.o)
    0x08000608   0x08000608   0x0000000e   Code   RO          885    .text               c_w.l(defsig_rtmem_outer.o)
    0x08000616   0x08000616   0x00000002   Code   RO          896    .text               c_w.l(use_no_semi.o)
    0x08000618   0x08000618   0x00000000   Code   RO          898    .text               c_w.l(indicate_semi.o)
    0x08000618   0x08000618   0x0000004a   Code   RO          899    .text               c_w.l(sys_stackheap_outer.o)
    0x08000662   0x08000662   0x00000012   Code   RO          905    .text               c_w.l(exit.o)
    0x08000674   0x08000674   0x0000000a   Code   RO          907    .text               c_w.l(defsig_exit.o)
    0x0800067e   0x0800067e   0x00000002   PAD
    0x08000680   0x08000680   0x00000050   Code   RO          909    .text               c_w.l(defsig_rtmem_inner.o)
    0x080006d0   0x080006d0   0x0000000c   Code   RO          921    .text               c_w.l(sys_exit.o)
    0x080006dc   0x080006dc   0x00000032   Code   RO          931    .text               c_w.l(defsig_general.o)
    0x0800070e   0x0800070e   0x0000000e   Code   RO          949    .text               c_w.l(sys_wrch.o)
    0x0800071c   0x0800071c   0x00000044   Code   RO          200    i.ButtonsPinCfg     main2_4.o
    0x08000760   0x08000760   0x0000003c   Code   RO          201    i.CPUinit           main2_4.o
    0x0800079c   0x0800079c   0x000000cc   Code   RO            5    i.DispOn            mlt_lcd.o
    0x08000868   0x08000868   0x0000005c   Code   RO          203    i.LCDPins           main2_4.o
    0x080008c4   0x080008c4   0x00000044   Code   RO          204    i.LCDStart          main2_4.o
    0x08000908   0x08000908   0x00000018   Code   RO            6    i.LcdClearChip      mlt_lcd.o
    0x08000920   0x08000920   0x00000040   Code   RO            7    i.LcdClearPage      mlt_lcd.o
    0x08000960   0x08000960   0x00000040   Code   RO            8    i.LcdInit           mlt_lcd.o
    0x080009a0   0x080009a0   0x00000068   Code   RO            9    i.LcdPutChar        mlt_lcd.o
    0x08000a08   0x08000a08   0x0000000c   Code   RO           13    i.MltDelay          mlt_lcd.o
    0x08000a14   0x08000a14   0x00000024   Code   RO          205    i.PCLKinit          main2_4.o
    0x08000a38   0x08000a38   0x000001c8   Code   RO          378    i.PORT_Init         mdr32f9qx_port.o
    0x08000c00   0x08000c00   0x00000010   Code   RO          380    i.PORT_ReadInputDataBit  mdr32f9qx_port.o
    0x08000c10   0x08000c10   0x0000001c   Code   RO          381    i.PORT_ResetBits    mdr32f9qx_port.o
    0x08000c2c   0x08000c2c   0x0000001c   Code   RO          382    i.PORT_SetBits      mdr32f9qx_port.o
    0x08000c48   0x08000c48   0x0000001c   Code   RO          383    i.PORT_StructInit   mdr32f9qx_port.o
    0x08000c64   0x08000c64   0x00000044   Code   RO          206    i.PrintRight        main2_4.o
    0x08000ca8   0x08000ca8   0x00000288   Code   RO          165    i.PrintString       lcdstring.o
    0x08000f30   0x08000f30   0x0000000c   Code   RO          452    i.RST_CLK_CPU_PLLcmd  mdr32f9qx_rst_clk.o
    0x08000f3c   0x08000f3c   0x00000040   Code   RO          453    i.RST_CLK_CPU_PLLconfig  mdr32f9qx_rst_clk.o
    0x08000f7c   0x08000f7c   0x00000034   Code   RO          454    i.RST_CLK_CPU_PLLstatus  mdr32f9qx_rst_clk.o
    0x08000fb0   0x08000fb0   0x0000000c   Code   RO          455    i.RST_CLK_CPU_PLLuse  mdr32f9qx_rst_clk.o
    0x08000fbc   0x08000fbc   0x00000018   Code   RO          456    i.RST_CLK_CPUclkPrescaler  mdr32f9qx_rst_clk.o
    0x08000fd4   0x08000fd4   0x00000014   Code   RO          457    i.RST_CLK_CPUclkSelection  mdr32f9qx_rst_clk.o
    0x08000fe8   0x08000fe8   0x00000034   Code   RO          460    i.RST_CLK_GetFlagStatus  mdr32f9qx_rst_clk.o
    0x0800101c   0x0800101c   0x0000003c   Code   RO          462    i.RST_CLK_HSEconfig  mdr32f9qx_rst_clk.o
    0x08001058   0x08001058   0x00000034   Code   RO          463    i.RST_CLK_HSEstatus  mdr32f9qx_rst_clk.o
    0x0800108c   0x0800108c   0x00000020   Code   RO          473    i.RST_CLK_PCLKcmd   mdr32f9qx_rst_clk.o
    0x080010ac   0x080010ac   0x000000c8   Code   RO           15    i.ReadStatus        mlt_lcd.o
    0x08001174   0x08001174   0x000000d0   Code   RO           16    i.SetAdress         mlt_lcd.o
    0x08001244   0x08001244   0x00000044   Code   RO           17    i.SetDataBits       mlt_lcd.o
    0x08001288   0x08001288   0x000000d0   Code   RO           18    i.SetPage           mlt_lcd.o
    0x08001358   0x08001358   0x00000028   Code   RO          207    i.SetUpOutput       main2_4.o
    0x08001380   0x08001380   0x00000090   Code   RO          341    i.SystemCoreClockUpdate  system_mdr32f9qx.o
    0x08001410   0x08001410   0x00000050   Code   RO          342    i.SystemInit        system_mdr32f9qx.o
    0x08001460   0x08001460   0x000000d0   Code   RO           19    i.WriteData         mlt_lcd.o
    0x08001530   0x08001530   0x00000040   Code   RO          208    i.changeTask        main2_4.o
    0x08001570   0x08001570   0x00000010   Code   RO          210    i.isDownPressed     main2_4.o
    0x08001580   0x08001580   0x00000010   Code   RO          211    i.isUpPressed       main2_4.o
    0x08001590   0x08001590   0x00000170   Code   RO          212    i.main              main2_4.o
    0x08001700   0x08001700   0x00000020   Code   RO          213    i.pressDown         main2_4.o
    0x08001720   0x08001720   0x00000020   Code   RO          214    i.pressUp           main2_4.o
    0x08001740   0x08001740   0x00000020   Data   RO          979    Region$$Table       anon$$obj.o


    Execution Region ER_RW (Exec base: 0x20000000, Load base: 0x08001760, Size: 0x0000089c, Max: 0xffffffff, ABSOLUTE, COMPRESSED[0x00000370])

    Exec Addr    Load Addr    Size         Type   Attr      Idx    E Section Name        Object

    0x20000000   COMPRESSED   0x00000448   Data   RW          166    .data               lcdstring.o
    0x20000448   COMPRESSED   0x00000450   Data   RW          216    .data               main2_4.o
    0x20000898   COMPRESSED   0x00000004   Data   RW          343    .data               system_mdr32f9qx.o


    Execution Region ER_ZI (Exec base: 0x2000089c, Load base: 0x08001ad0, Size: 0x00000684, Max: 0xffffffff, ABSOLUTE)

    Exec Addr    Load Addr    Size         Type   Attr      Idx    E Section Name        Object

    0x2000089c        -       0x00000024   Zero   RW          215    .bss                main2_4.o
    0x200008c0        -       0x00000060   Zero   RW          858    .bss                c_w.l(libspace.o)
    0x20000920        -       0x00000200   Zero   RW          332    HEAP                startup_mdr32f9qx.o
    0x20000b20        -       0x00000400   Zero   RW          331    STACK               startup_mdr32f9qx.o


==============================================================================

Image component sizes


      Code (inc. data)   RO Data    RW Data    ZI Data      Debug   Object Name

       648        338          0       1096          0       5734   lcdstring.o
       960        168          0       1104         36      27337   main2_4.o
       556         18          0          0          0       4222   mdr32f9qx_port.o
       380         52          0          0          0       9452   mdr32f9qx_rst_clk.o
      1364         98          0          0          0      56390   mlt_lcd.o
        64         26        192          0       1536        800   startup_mdr32f9qx.o
       224         28          0          4          0       1407   system_mdr32f9qx.o

    ----------------------------------------------------------------------
      4196        728        224       2204       1572     105342   Object Totals
         0          0         32          0          0          0   (incl. Generated)
         0          0          0          0          0          0   (incl. Padding)

    ----------------------------------------------------------------------

      Code (inc. data)   RO Data    RW Data    ZI Data      Debug   Library Member Name

       100          0          0          0          0          0   __dclz77c.o
         8          0          0          0          0         68   __main.o
       104          0          0          0          0         84   __printf.o
         0          0          0          0          0          0   __rtentry.o
        12          0          0          0          0          0   __rtentry2.o
         6          0          0          0          0          0   __rtentry4.o
        52          8          0          0          0          0   __scatter.o
        28          0          0          0          0          0   __scatter_zi.o
        44          0          0          0          0        108   _printf_char.o
        48          6          0          0          0         96   _printf_char_common.o
         6          0          0          0          0          0   _printf_d.o
       120         16          0          0          0         92   _printf_dec.o
       178          0          0          0          0         88   _printf_intcommon.o
         0          0          0          0          0          0   _printf_percent.o
         4          0          0          0          0          0   _printf_percent_end.o
         6          0          0          0          0          0   _printf_s.o
        82          0          0          0          0         80   _printf_str.o
        10          0          0          0          0         68   _sputc.o
        10          0          0          0          0         68   defsig_exit.o
        50          0          0          0          0         88   defsig_general.o
        80         58          0          0          0         76   defsig_rtmem_inner.o
        14          0          0          0          0         80   defsig_rtmem_outer.o
        18          0          0          0          0         80   exit.o
        94          0          0          0          0         80   h1_alloc.o
        52          0          0          0          0         68   h1_extend.o
        78          0          0          0          0         80   h1_free.o
        14          0          0          0          0         84   h1_init.o
         6          0          0          0          0        152   heapauxi.o
         4          0          0          0          0        136   hguard.o
         0          0          0          0          0          0   indicate_semi.o
       138          0          0          0          0        168   init_alloc.o
         2          0          0          0          0          0   libinit.o
        10          0          0          0          0          0   libinit2.o
         2          0          0          0          0          0   libshutdown.o
         2          0          0          0          0          0   libshutdown2.o
         8          4          0          0         96         68   libspace.o
         0          0          0          0          0          0   maybetermalloc1.o
        40          6          0          0          0         84   noretval__2sprintf.o
         8          4          0          0          0         68   rt_heap_descriptor_intlibspace.o
         2          0          0          0          0          0   rtexit.o
        10          0          0          0          0          0   rtexit2.o
        12          4          0          0          0         68   sys_exit.o
        74          0          0          0          0         80   sys_stackheap_outer.o
        14          0          0          0          0         76   sys_wrch.o
         2          0          0          0          0         68   use_no_semi.o

    ----------------------------------------------------------------------
      1564        106          0          0         96       2356   Library Totals
        12          0          0          0          0          0   (incl. Padding)

    ----------------------------------------------------------------------

      Code (inc. data)   RO Data    RW Data    ZI Data      Debug   Library Name

      1552        106          0          0         96       2356   c_w.l

    ----------------------------------------------------------------------
      1564        106          0          0         96       2356   Library Totals

    ----------------------------------------------------------------------

==============================================================================


      Code (inc. data)   RO Data    RW Data    ZI Data      Debug   

      5760        834        224       2204       1668     104418   Grand Totals
      5760        834        224        880       1668     104418   ELF Image Totals (compressed)
      5760        834        224        880          0          0   ROM Totals

==============================================================================

    Total RO  Size (Code + RO Data)                 5984 (   5.84kB)
    Total RW  Size (RW Data + ZI Data)              3872 (   3.78kB)
    Total ROM Size (Code + RO Data + RW Data)       6864 (   6.70kB)

==============================================================================

